---
source: tests/snapshots.rs
---
version: ""
new_symbols:
  - NS_DESC_
  - CM_
  - BA_DEF_
  - BA_
  - VAL_
  - CAT_DEF_
  - CAT_
  - FILTER
  - BA_DEF_DEF_
  - EV_DATA_
  - ENVVAR_DATA_
  - SGTYPE_
  - SGTYPE_VAL_
  - BA_DEF_SGTYPE_
  - BA_SGTYPE_
  - SIG_TYPE_REF_
  - VAL_TABLE_
  - SIG_GROUP_
  - SIG_VALTYPE_
  - SIGTYPE_VALTYPE_
  - BO_TX_BU_
  - BA_DEF_REL_
  - BA_REL_
  - BA_DEF_DEF_REL_
  - BU_SG_REL_
  - BU_EV_REL_
  - BU_BO_REL_
  - SG_MUL_VAL_
bit_timing: []
nodes:
  - XXX
messages:
  - id:
      Standard: 130
    name: EPAS_INFO
    size: 8
    transmitter:
      NodeName: XXX
    signals:
      - name: SteMdule_U_Meas
        multiplexer_indicator: Plain
        start_bit: 39
        size: 8
        byte_order: BigEndian
        value_type: Unsigned
        factor: 0.05
        offset: 6
        min: 0
        max: 0
        unit: Volts
        receivers:
          - XXX
      - name: SteMdule_I_Est
        multiplexer_indicator: Plain
        start_bit: 21
        size: 12
        byte_order: BigEndian
        value_type: Unsigned
        factor: 0.05
        offset: -64
        min: 0
        max: 0
        unit: Amps
        receivers:
          - XXX
      - name: EPAS_FAILURE
        multiplexer_indicator: Plain
        start_bit: 9
        size: 2
        byte_order: BigEndian
        value_type: Unsigned
        factor: 1
        offset: 0
        min: 0
        max: 0
        unit: ""
        receivers:
          - XXX
      - name: SteeringColumnTorque
        multiplexer_indicator: Plain
        start_bit: 7
        size: 8
        byte_order: BigEndian
        value_type: Unsigned
        factor: 0.0625
        offset: -8
        min: 0
        max: 0
        unit: Nm
        receivers:
          - XXX
      - name: SAPPAngleControlStat6
        multiplexer_indicator: Plain
        start_bit: 15
        size: 1
        byte_order: BigEndian
        value_type: Unsigned
        factor: 1
        offset: 0
        min: 0
        max: 0
        unit: ""
        receivers:
          - XXX
      - name: SAPPAngleControlStat5
        multiplexer_indicator: Plain
        start_bit: 14
        size: 1
        byte_order: BigEndian
        value_type: Unsigned
        factor: 1
        offset: 0
        min: 0
        max: 0
        unit: ""
        receivers:
          - XXX
      - name: SAPPAngleControlStat4
        multiplexer_indicator: Plain
        start_bit: 13
        size: 1
        byte_order: BigEndian
        value_type: Unsigned
        factor: 1
        offset: 0
        min: 0
        max: 0
        unit: ""
        receivers:
          - XXX
      - name: SAPPAngleControlStat3
        multiplexer_indicator: Plain
        start_bit: 12
        size: 1
        byte_order: BigEndian
        value_type: Unsigned
        factor: 1
        offset: 0
        min: 0
        max: 0
        unit: ""
        receivers:
          - XXX
      - name: SAPPAngleControlStat2
        multiplexer_indicator: Plain
        start_bit: 11
        size: 1
        byte_order: BigEndian
        value_type: Unsigned
        factor: 1
        offset: 0
        min: 0
        max: 0
        unit: ""
        receivers:
          - XXX
      - name: SAPPAngleControlStat1
        multiplexer_indicator: Plain
        start_bit: 23
        size: 2
        byte_order: BigEndian
        value_type: Unsigned
        factor: 1
        offset: 0
        min: 0
        max: 0
        unit: ""
        receivers:
          - XXX
  - id:
      Standard: 118
    name: Steering_Wheel_Data_CG1
    size: 8
    transmitter:
      NodeName: XXX
    signals:
      - name: SteWhlRelInit_An_Sns
        multiplexer_indicator: Plain
        start_bit: 6
        size: 15
        byte_order: BigEndian
        value_type: Unsigned
        factor: 0.1
        offset: -1600
        min: 0
        max: 0
        unit: deg
        receivers:
          - XXX
      - name: SteWhlRelCalib_An_Sns
        multiplexer_indicator: Plain
        start_bit: 23
        size: 15
        byte_order: BigEndian
        value_type: Unsigned
        factor: 0.1
        offset: -1600
        min: 0
        max: 0
        unit: deg
        receivers:
          - XXX
      - name: SteWhlRelInit2_An_Sns
        multiplexer_indicator: Plain
        start_bit: 55
        size: 16
        byte_order: BigEndian
        value_type: Unsigned
        factor: 0.1
        offset: -3200
        min: 0
        max: 0
        unit: deg
        receivers:
          - XXX
      - name: SteWhlAn_No_Cs
        multiplexer_indicator: Plain
        start_bit: 39
        size: 8
        byte_order: BigEndian
        value_type: Unsigned
        factor: 1
        offset: 0
        min: 0
        max: 0
        unit: ""
        receivers:
          - XXX
      - name: SteWhlAn_No_Cnt
        multiplexer_indicator: Plain
        start_bit: 47
        size: 4
        byte_order: BigEndian
        value_type: Unsigned
        factor: 1
        offset: 0
        min: 0
        max: 0
        unit: Counts
        receivers:
          - XXX
  - id:
      Standard: 131
    name: Steering_Buttons
    size: 8
    transmitter:
      NodeName: XXX
    signals:
      - name: Right_Turn_Light
        multiplexer_indicator: Plain
        start_bit: 5
        size: 1
        byte_order: BigEndian
        value_type: Unsigned
        factor: 1
        offset: 0
        min: 0
        max: 0
        unit: ""
        receivers:
          - XXX
      - name: Left_Turn_Light
        multiplexer_indicator: Plain
        start_bit: 4
        size: 1
        byte_order: BigEndian
        value_type: Unsigned
        factor: 1
        offset: 0
        min: 0
        max: 0
        unit: ""
        receivers:
          - XXX
      - name: Dist_Decr
        multiplexer_indicator: Plain
        start_bit: 12
        size: 1
        byte_order: BigEndian
        value_type: Unsigned
        factor: 1
        offset: 0
        min: 0
        max: 0
        unit: ""
        receivers:
          - XXX
      - name: Dist_Incr
        multiplexer_indicator: Plain
        start_bit: 11
        size: 1
        byte_order: BigEndian
        value_type: Unsigned
        factor: 1
        offset: 0
        min: 0
        max: 0
        unit: ""
        receivers:
          - XXX
      - name: Cancel
        multiplexer_indicator: Plain
        start_bit: 8
        size: 1
        byte_order: BigEndian
        value_type: Unsigned
        factor: 1
        offset: 0
        min: 0
        max: 0
        unit: ""
        receivers:
          - XXX
      - name: Resume
        multiplexer_indicator: Plain
        start_bit: 29
        size: 1
        byte_order: BigEndian
        value_type: Unsigned
        factor: 1
        offset: 0
        min: 0
        max: 0
        unit: ""
        receivers:
          - XXX
      - name: Set
        multiplexer_indicator: Plain
        start_bit: 28
        size: 1
        byte_order: BigEndian
        value_type: Unsigned
        factor: 1
        offset: 0
        min: 0
        max: 0
        unit: ""
        receivers:
          - XXX
      - name: Main
        multiplexer_indicator: Plain
        start_bit: 38
        size: 1
        byte_order: BigEndian
        value_type: Unsigned
        factor: 1
        offset: 0
        min: 0
        max: 0
        unit: ""
        receivers:
          - XXX
  - id:
      Standard: 145
    name: Yaw_Data
    size: 8
    transmitter:
      NodeName: XXX
    signals:
      - name: VehYaw_W_Actl
        multiplexer_indicator: Plain
        start_bit: 39
        size: 16
        byte_order: BigEndian
        value_type: Unsigned
        factor: 0.0002
        offset: -6.5
        min: 0
        max: 0
        unit: rad/s
        receivers:
          - XXX
      - name: VehRol_W_Actl
        multiplexer_indicator: Plain
        start_bit: 23
        size: 16
        byte_order: BigEndian
        value_type: Unsigned
        factor: 0.0002
        offset: -6.5
        min: 0
        max: 0
        unit: rad/s
        receivers:
          - XXX
      - name: VehPtch_W_Actl
        multiplexer_indicator: Plain
        start_bit: 7
        size: 16
        byte_order: BigEndian
        value_type: Unsigned
        factor: 0.0002
        offset: -6.5
        min: 0
        max: 0
        unit: rad/s
        receivers:
          - XXX
  - id:
      Standard: 146
    name: Accel_Data
    size: 8
    transmitter:
      NodeName: XXX
    signals:
      - name: VehVertAActl_D_Qf
        multiplexer_indicator: Plain
        start_bit: 38
        size: 2
        byte_order: BigEndian
        value_type: Unsigned
        factor: 1
        offset: 0
        min: 0
        max: 0
        unit: ""
        receivers:
          - XXX
      - name: VehLongAActl_D_Qf
        multiplexer_indicator: Plain
        start_bit: 22
        size: 2
        byte_order: BigEndian
        value_type: Unsigned
        factor: 1
        offset: 0
        min: 0
        max: 0
        unit: ""
        receivers:
          - XXX
      - name: VehLatAActl_D_Qf
        multiplexer_indicator: Plain
        start_bit: 6
        size: 2
        byte_order: BigEndian
        value_type: Unsigned
        factor: 1
        offset: 0
        min: 0
        max: 0
        unit: ""
        receivers:
          - XXX
      - name: VehVert_A_Actl
        multiplexer_indicator: Plain
        start_bit: 36
        size: 13
        byte_order: BigEndian
        value_type: Unsigned
        factor: 0.01
        offset: -40
        min: 0
        max: 0
        unit: m/s^2
        receivers:
          - XXX
      - name: VehLong_A_Actl
        multiplexer_indicator: Plain
        start_bit: 20
        size: 13
        byte_order: BigEndian
        value_type: Unsigned
        factor: 0.01
        offset: -40
        min: 0
        max: 0
        unit: m/s^2
        receivers:
          - XXX
      - name: VehLat_A_Actl
        multiplexer_indicator: Plain
        start_bit: 4
        size: 13
        byte_order: BigEndian
        value_type: Unsigned
        factor: 0.01
        offset: -40
        min: 0
        max: 0
        unit: m/s^2
        receivers:
          - XXX
  - id:
      Standard: 357
    name: Cruise_Status
    size: 8
    transmitter:
      NodeName: XXX
    signals:
      - name: Brake_Drv_Appl
        multiplexer_indicator: Plain
        start_bit: 5
        size: 1
        byte_order: BigEndian
        value_type: Unsigned
        factor: 1
        offset: 0
        min: 0
        max: 0
        unit: ""
        receivers:
          - XXX
      - name: Cruise_State
        multiplexer_indicator: Plain
        start_bit: 11
        size: 4
        byte_order: BigEndian
        value_type: Unsigned
        factor: 1
        offset: 0
        min: 0
        max: 0
        unit: ""
        receivers:
          - XXX
      - name: Set_Speed
        multiplexer_indicator: Plain
        start_bit: 23
        size: 8
        byte_order: BigEndian
        value_type: Unsigned
        factor: 1
        offset: 0
        min: 0
        max: 0
        unit: ""
        receivers:
          - XXX
  - id:
      Standard: 516
    name: EngineData_14
    size: 8
    transmitter:
      NodeName: XXX
    signals:
      - name: ApedPosScal_Pc_Actl
        multiplexer_indicator: Plain
        start_bit: 1
        size: 10
        byte_order: BigEndian
        value_type: Unsigned
        factor: 0.1
        offset: 0
        min: 0
        max: 0
        unit: "%"
        receivers:
          - XXX
  - id:
      Standard: 535
    name: WheelSpeed_CG1
    size: 8
    transmitter:
      NodeName: XXX
    signals:
      - name: WhlRr_W_Meas
        multiplexer_indicator: Plain
        start_bit: 55
        size: 14
        byte_order: BigEndian
        value_type: Unsigned
        factor: 0.04
        offset: 0
        min: 0
        max: 0
        unit: rad/s
        receivers:
          - XXX
      - name: WhlRl_W_Meas
        multiplexer_indicator: Plain
        start_bit: 39
        size: 14
        byte_order: BigEndian
        value_type: Unsigned
        factor: 0.04
        offset: 0
        min: 0
        max: 0
        unit: rad/s
        receivers:
          - XXX
      - name: WhlFr_W_Meas
        multiplexer_indicator: Plain
        start_bit: 23
        size: 14
        byte_order: BigEndian
        value_type: Unsigned
        factor: 0.04
        offset: 0
        min: 0
        max: 0
        unit: rad/s
        receivers:
          - XXX
      - name: WhlFl_W_Meas
        multiplexer_indicator: Plain
        start_bit: 7
        size: 14
        byte_order: BigEndian
        value_type: Unsigned
        factor: 0.04
        offset: 0
        min: 0
        max: 0
        unit: rad/s
        receivers:
          - XXX
  - id:
      Standard: 534
    name: WheelData
    size: 8
    transmitter:
      NodeName: XXX
    signals:
      - name: WhlRotatRr_No_Cnt
        multiplexer_indicator: Plain
        start_bit: 23
        size: 8
        byte_order: BigEndian
        value_type: Unsigned
        factor: 1
        offset: 0
        min: 0
        max: 0
        unit: ""
        receivers:
          - XXX
      - name: WhlDirRr_D_Actl
        multiplexer_indicator: Plain
        start_bit: 33
        size: 2
        byte_order: BigEndian
        value_type: Unsigned
        factor: 1
        offset: 0
        min: 0
        max: 0
        unit: ""
        receivers:
          - XXX
      - name: WhlDirRl_D_Actl
        multiplexer_indicator: Plain
        start_bit: 39
        size: 2
        byte_order: BigEndian
        value_type: Unsigned
        factor: 1
        offset: 0
        min: 0
        max: 0
        unit: ""
        receivers:
          - XXX
      - name: WhlDirFr_D_Actl
        multiplexer_indicator: Plain
        start_bit: 37
        size: 2
        byte_order: BigEndian
        value_type: Unsigned
        factor: 1
        offset: 0
        min: 0
        max: 0
        unit: ""
        receivers:
          - XXX
      - name: WhlDirFl_D_Actl
        multiplexer_indicator: Plain
        start_bit: 35
        size: 2
        byte_order: BigEndian
        value_type: Unsigned
        factor: 1
        offset: 0
        min: 0
        max: 0
        unit: ""
        receivers:
          - XXX
      - name: WhlRotatRl_No_Cnt
        multiplexer_indicator: Plain
        start_bit: 31
        size: 8
        byte_order: BigEndian
        value_type: Unsigned
        factor: 1
        offset: 0
        min: 0
        max: 0
        unit: ""
        receivers:
          - XXX
      - name: WhlRotatFr_No_Cnt
        multiplexer_indicator: Plain
        start_bit: 7
        size: 8
        byte_order: BigEndian
        value_type: Unsigned
        factor: 1
        offset: 0
        min: 0
        max: 0
        unit: ""
        receivers:
          - XXX
      - name: WhlRotatFl_No_Cnt
        multiplexer_indicator: Plain
        start_bit: 15
        size: 8
        byte_order: BigEndian
        value_type: Unsigned
        factor: 1
        offset: 0
        min: 0
        max: 0
        unit: ""
        receivers:
          - XXX
      - name: WHEEL_ROLLING_TIMESTAMP
        multiplexer_indicator: Plain
        start_bit: 47
        size: 8
        byte_order: BigEndian
        value_type: Unsigned
        factor: 1
        offset: 0
        min: 0
        max: 0
        unit: ""
        receivers:
          - XXX
  - id:
      Standard: 947
    name: Doors
    size: 8
    transmitter:
      NodeName: XXX
    signals:
      - name: Door_FL_Open
        multiplexer_indicator: Plain
        start_bit: 61
        size: 1
        byte_order: BigEndian
        value_type: Unsigned
        factor: 1
        offset: 0
        min: 0
        max: 0
        unit: ""
        receivers:
          - XXX
      - name: Door_FR_Open
        multiplexer_indicator: Plain
        start_bit: 60
        size: 1
        byte_order: BigEndian
        value_type: Unsigned
        factor: 1
        offset: 0
        min: 0
        max: 0
        unit: ""
        receivers:
          - XXX
      - name: Door_RL_Open
        multiplexer_indicator: Plain
        start_bit: 48
        size: 1
        byte_order: BigEndian
        value_type: Unsigned
        factor: 1
        offset: 0
        min: 0
        max: 0
        unit: ""
        receivers:
          - XXX
      - name: Door_RR_Open
        multiplexer_indicator: Plain
        start_bit: 49
        size: 1
        byte_order: BigEndian
        value_type: Unsigned
        factor: 1
        offset: 0
        min: 0
        max: 0
        unit: ""
        receivers:
          - XXX
  - id:
      Standard: 963
    name: BCM_to_HS_Body
    size: 8
    transmitter:
      NodeName: XXX
    signals:
      - name: Brake_Lights
        multiplexer_indicator: Plain
        start_bit: 8
        size: 1
        byte_order: BigEndian
        value_type: Unsigned
        factor: 1
        offset: 0
        min: 0
        max: 0
        unit: ""
        receivers:
          - XXX
  - id:
      Standard: 970
    name: Lane_Keep_Assist_Control
    size: 8
    transmitter:
      NodeName: XXX
    signals:
      - name: Lkas_Action
        multiplexer_indicator: Plain
        start_bit: 7
        size: 4
        byte_order: BigEndian
        value_type: Unsigned
        factor: 1
        offset: 0
        min: 0
        max: 15
        unit: ""
        receivers:
          - XXX
      - name: Lkas_Alert
        multiplexer_indicator: Plain
        start_bit: 3
        size: 4
        byte_order: BigEndian
        value_type: Unsigned
        factor: 1
        offset: 0
        min: 0
        max: 15
        unit: ""
        receivers:
          - XXX
      - name: Lane_Curvature
        multiplexer_indicator: Plain
        start_bit: 15
        size: 12
        byte_order: BigEndian
        value_type: Unsigned
        factor: 0.000005
        offset: -0.01
        min: 0
        max: 0
        unit: 1/m
        receivers:
          - XXX
      - name: Steer_Angle_Req
        multiplexer_indicator: Plain
        start_bit: 19
        size: 12
        byte_order: BigEndian
        value_type: Unsigned
        factor: 0.04297
        offset: -88.00445
        min: 0
        max: 0
        unit: deg
        receivers:
          - XXX
  - id:
      Standard: 972
    name: Lane_Keep_Assist_Status
    size: 8
    transmitter:
      NodeName: XXX
    signals:
      - name: LaHandsOff_B_Actl
        multiplexer_indicator: Plain
        start_bit: 7
        size: 1
        byte_order: BigEndian
        value_type: Unsigned
        factor: 1
        offset: 0
        min: 0
        max: 0
        unit: ""
        receivers:
          - XXX
      - name: LaActDeny_B_Actl
        multiplexer_indicator: Plain
        start_bit: 6
        size: 1
        byte_order: BigEndian
        value_type: Unsigned
        factor: 1
        offset: 0
        min: 0
        max: 0
        unit: ""
        receivers:
          - XXX
      - name: LaActAvail_D_Actl
        multiplexer_indicator: Plain
        start_bit: 5
        size: 2
        byte_order: BigEndian
        value_type: Unsigned
        factor: 1
        offset: 0
        min: 0
        max: 0
        unit: ""
        receivers:
          - XXX
  - id:
      Standard: 984
    name: Lane_Keep_Assist_Ui
    size: 8
    transmitter:
      NodeName: XXX
    signals:
      - name: Set_Me_X80
        multiplexer_indicator: Plain
        start_bit: 39
        size: 8
        byte_order: BigEndian
        value_type: Unsigned
        factor: 1
        offset: 0
        min: 0
        max: 255
        unit: ""
        receivers:
          - XXX
      - name: Set_Me_X45
        multiplexer_indicator: Plain
        start_bit: 47
        size: 8
        byte_order: BigEndian
        value_type: Unsigned
        factor: 1
        offset: 0
        min: 0
        max: 255
        unit: ""
        receivers:
          - XXX
      - name: Lines_Hud
        multiplexer_indicator: Plain
        start_bit: 55
        size: 4
        byte_order: BigEndian
        value_type: Unsigned
        factor: 1
        offset: 0
        min: 0
        max: 15
        unit: ""
        receivers:
          - XXX
      - name: Hands_Warning_W_Chime
        multiplexer_indicator: Plain
        start_bit: 50
        size: 1
        byte_order: BigEndian
        value_type: Unsigned
        factor: 1
        offset: 0
        min: 0
        max: 1
        unit: ""
        receivers:
          - XXX
      - name: Hands_Warning
        multiplexer_indicator: Plain
        start_bit: 49
        size: 1
        byte_order: BigEndian
        value_type: Unsigned
        factor: 1
        offset: 0
        min: 0
        max: 1
        unit: ""
        receivers:
          - XXX
      - name: Set_Me_X30
        multiplexer_indicator: Plain
        start_bit: 63
        size: 8
        byte_order: BigEndian
        value_type: Unsigned
        factor: 1
        offset: 0
        min: 0
        max: 255
        unit: ""
        receivers:
          - XXX
comments:
  - Signal:
      message_id:
        Standard: 970
      name: Lkas_Action
      comment: "only vals 4, 5, 8, 9 seem to work. 4 and 5 are a bit smoother"
value_descriptions:
  - Signal:
      message_id:
        Standard: 357
      name: Cruise_State
      value_descriptions:
        - id: 4
          description: active
        - id: 3
          description: standby
        - id: 0
          description: "off"
  - Signal:
      message_id:
        Standard: 970
      name: Lkas_Action
      value_descriptions:
        - id: 15
          description: "off"
        - id: 9
          description: abrupt
        - id: 8
          description: abrupt2
        - id: 5
          description: smooth
        - id: 4
          description: smooth2
  - Signal:
      message_id:
        Standard: 970
      name: Lkas_Alert
      value_descriptions:
        - id: 15
          description: no_alert
        - id: 3
          description: high_intensity
        - id: 2
          description: mid_intensity
        - id: 1
          description: low_intensity
  - Signal:
      message_id:
        Standard: 972
      name: LaActAvail_D_Actl
      value_descriptions:
        - id: 3
          description: available
        - id: 2
          description: tbd
        - id: 1
          description: not_available
        - id: 0
          description: fault
  - Signal:
      message_id:
        Standard: 984
      name: Lines_Hud
      value_descriptions:
        - id: 15
          description: none
        - id: 11
          description: grey_yellow
        - id: 8
          description: green_red
        - id: 7
          description: yellow_grey
        - id: 6
          description: grey_grey
        - id: 4
          description: red_green
        - id: 3
          description: green_green
