---
source: tests/snapshots.rs
---
version: ""
bit_timing: ~
messages:
  - id:
      Standard: 96
    name: CAR_OVERALL_SIGNALS2
    size: 64
    transmitter:
      NodeName: XXX
    signals:
      - name: CRC1
        multiplexer_indicator: Plain
        start_bit: 7
        size: 8
        byte_order: BigEndian
        value_type: Unsigned
        factor: 1
        offset: 0
        min: 0
        max: 255
        unit: ""
        receivers:
          - XXX
      - name: COUNTER1
        multiplexer_indicator: Plain
        start_bit: 59
        size: 4
        byte_order: BigEndian
        value_type: Unsigned
        factor: 1
        offset: 0
        min: 0
        max: 15
        unit: ""
        receivers:
          - XXX
      - name: CRC2
        multiplexer_indicator: Plain
        start_bit: 71
        size: 8
        byte_order: BigEndian
        value_type: Unsigned
        factor: 1
        offset: 0
        min: 0
        max: 255
        unit: ""
        receivers:
          - XXX
      - name: GAS_POSITION
        multiplexer_indicator: Plain
        start_bit: 79
        size: 8
        byte_order: BigEndian
        value_type: Unsigned
        factor: 0.393700787
        offset: 0
        min: 0
        max: 255
        unit: "%"
        receivers:
          - XXX
      - name: BRAKE_SIGNAL
        multiplexer_indicator: Plain
        start_bit: 86
        size: 1
        byte_order: BigEndian
        value_type: Unsigned
        factor: 1
        offset: 0
        min: 0
        max: 1
        unit: ""
        receivers:
          - XXX
      - name: ACC_GAS_POSITION
        multiplexer_indicator: Plain
        start_bit: 103
        size: 8
        byte_order: BigEndian
        value_type: Unsigned
        factor: 0.393700787
        offset: 0
        min: 0
        max: 255
        unit: "%"
        receivers:
          - XXX
      - name: COUNTER2
        multiplexer_indicator: Plain
        start_bit: 123
        size: 4
        byte_order: BigEndian
        value_type: Unsigned
        factor: 1
        offset: 0
        min: 0
        max: 15
        unit: ""
        receivers:
          - XXX
      - name: CRC3
        multiplexer_indicator: Plain
        start_bit: 135
        size: 8
        byte_order: BigEndian
        value_type: Unsigned
        factor: 1
        offset: 0
        min: 0
        max: 255
        unit: ""
        receivers:
          - XXX
      - name: REQ_REVIEW_UND_SIGNAL
        multiplexer_indicator: Plain
        start_bit: 143
        size: 10
        byte_order: BigEndian
        value_type: Unsigned
        factor: 1
        offset: 0
        min: 0
        max: 255
        unit: ""
        receivers:
          - XXX
      - name: REQ_REVIEW_POWER_CONSUMPTION
        multiplexer_indicator: Plain
        start_bit: 144
        size: 9
        byte_order: BigEndian
        value_type: Unsigned
        factor: 1
        offset: -175
        min: 0
        max: 511
        unit: ""
        receivers:
          - XXX
      - name: REQ_REVIEW_POWER_CONSUMPTION2
        multiplexer_indicator: Plain
        start_bit: 180
        size: 9
        byte_order: BigEndian
        value_type: Unsigned
        factor: 1
        offset: -176
        min: 0
        max: 511
        unit: ""
        receivers:
          - XXX
      - name: COUNTER3
        multiplexer_indicator: Plain
        start_bit: 187
        size: 4
        byte_order: BigEndian
        value_type: Unsigned
        factor: 1
        offset: 0
        min: 0
        max: 15
        unit: ""
        receivers:
          - XXX
      - name: REQ_REVIEW_POWER_STATE_SIGNAL
        multiplexer_indicator: Plain
        start_bit: 302
        size: 4
        byte_order: BigEndian
        value_type: Unsigned
        factor: 1
        offset: 0
        min: 0
        max: 15
        unit: ""
        receivers:
          - XXX
      - name: REQ_REVIEW_POWER_STATE_SIGNAL2
        multiplexer_indicator: Plain
        start_bit: 370
        size: 1
        byte_order: BigEndian
        value_type: Unsigned
        factor: 1
        offset: 0
        min: 0
        max: 1
        unit: ""
        receivers:
          - XXX
  - id:
      Standard: 147
    name: IMPRECISE_SPEED_INFORMATION
    size: 8
    transmitter:
      NodeName: XXX
    signals:
      - name: IMPRECISE_SPEED
        multiplexer_indicator: Plain
        start_bit: 15
        size: 8
        byte_order: BigEndian
        value_type: Unsigned
        factor: 3.5
        offset: 0
        min: 0
        max: 255
        unit: kph
        receivers:
          - XXX
      - name: REQ_REVIEW_SPEED
        multiplexer_indicator: Plain
        start_bit: 31
        size: 8
        byte_order: BigEndian
        value_type: Unsigned
        factor: 0.430107526
        offset: 0
        min: 0
        max: 255
        unit: Kph
        receivers:
          - XXX
      - name: REQ_REVIEW_SPEED2
        multiplexer_indicator: Plain
        start_bit: 39
        size: 8
        byte_order: BigEndian
        value_type: Unsigned
        factor: 0.430107526
        offset: 0
        min: 0
        max: 255
        unit: Kph
        receivers:
          - XXX
      - name: REQ_REVIEW_POWER_CONSUMPTION
        multiplexer_indicator: Plain
        start_bit: 52
        size: 8
        byte_order: BigEndian
        value_type: Unsigned
        factor: 1
        offset: 0
        min: 0
        max: 255
        unit: ""
        receivers:
          - XXX
      - name: COUNTER
        multiplexer_indicator: Plain
        start_bit: 59
        size: 4
        byte_order: BigEndian
        value_type: Unsigned
        factor: 1
        offset: 0
        min: 0
        max: 15
        unit: ""
        receivers:
          - XXX
  - id:
      Standard: 161
    name: STEER_AND_AP_STALK
    size: 8
    transmitter:
      NodeName: XXX
    signals:
      - name: CRC
        multiplexer_indicator: Plain
        start_bit: 7
        size: 8
        byte_order: BigEndian
        value_type: Unsigned
        factor: 1
        offset: 0
        min: 0
        max: 255
        unit: ""
        receivers:
          - XXX
      - name: STEERING_ANGLE
        multiplexer_indicator: Plain
        start_bit: 15
        size: 16
        byte_order: BigEndian
        value_type: Unsigned
        factor: 0.05
        offset: 0
        min: 0
        max: 65535
        unit: degs
        receivers:
          - XXX
      - name: STEERING_TORQUE
        multiplexer_indicator: Plain
        start_bit: 31
        size: 16
        byte_order: BigEndian
        value_type: Unsigned
        factor: 1
        offset: 0
        min: 0
        max: 65535
        unit: "??"
        receivers:
          - XXX
      - name: AP_REDUCE_DISTANCE_COMMAND
        multiplexer_indicator: Plain
        start_bit: 44
        size: 1
        byte_order: BigEndian
        value_type: Unsigned
        factor: 1
        offset: 0
        min: 0
        max: 1
        unit: ""
        receivers:
          - XXX
      - name: AP_INCREASE_DISTANCE_COMMAND
        multiplexer_indicator: Plain
        start_bit: 45
        size: 1
        byte_order: BigEndian
        value_type: Unsigned
        factor: 1
        offset: 0
        min: 0
        max: 1
        unit: AUTOPILOT_STALK
        receivers:
          - XXX
      - name: AP_CANCEL_COMMAND
        multiplexer_indicator: Plain
        start_bit: 46
        size: 1
        byte_order: BigEndian
        value_type: Unsigned
        factor: 1
        offset: 0
        min: 0
        max: 1
        unit: ""
        receivers:
          - XXX
      - name: AP_ENABLE_COMMAND
        multiplexer_indicator: Plain
        start_bit: 47
        size: 1
        byte_order: BigEndian
        value_type: Unsigned
        factor: 1
        offset: 0
        min: 0
        max: 1
        unit: ""
        receivers:
          - XXX
      - name: AP_DECREASE_SPEED_COMMAND
        multiplexer_indicator: Plain
        start_bit: 50
        size: 1
        byte_order: BigEndian
        value_type: Unsigned
        factor: 1
        offset: 0
        min: 0
        max: 1
        unit: ""
        receivers:
          - XXX
      - name: AP_INCREASE_SPEED_COMMAND
        multiplexer_indicator: Plain
        start_bit: 51
        size: 1
        byte_order: BigEndian
        value_type: Unsigned
        factor: 1
        offset: 0
        min: 0
        max: 1
        unit: ""
        receivers:
          - XXX
      - name: COUNTER
        multiplexer_indicator: Plain
        start_bit: 59
        size: 4
        byte_order: BigEndian
        value_type: Unsigned
        factor: 1
        offset: 0
        min: 0
        max: 255
        unit: ""
        receivers:
          - XXX
  - id:
      Standard: 259
    name: SPEED
    size: 64
    transmitter:
      NodeName: XXX
    signals:
      - name: CRC
        multiplexer_indicator: Plain
        start_bit: 199
        size: 8
        byte_order: BigEndian
        value_type: Unsigned
        factor: 1
        offset: 0
        min: 0
        max: 255
        unit: ""
        receivers:
          - XXX
      - name: UNDEFINED_ACCUMULATOR
        multiplexer_indicator: Plain
        start_bit: 207
        size: 8
        byte_order: BigEndian
        value_type: Unsigned
        factor: 1
        offset: 0
        min: 0
        max: 255
        unit: ""
        receivers:
          - XXX
      - name: UNDEFINED_COUNTER
        multiplexer_indicator: Plain
        start_bit: 215
        size: 8
        byte_order: BigEndian
        value_type: Unsigned
        factor: 1
        offset: 0
        min: 0
        max: 255
        unit: ""
        receivers:
          - XXX
      - name: ODD_GAS_POSITION
        multiplexer_indicator: Plain
        start_bit: 231
        size: 8
        byte_order: BigEndian
        value_type: Unsigned
        factor: 1
        offset: 0
        min: 0
        max: 255
        unit: ""
        receivers:
          - XXX
      - name: SPEED
        multiplexer_indicator: Plain
        start_bit: 239
        size: 8
        byte_order: BigEndian
        value_type: Unsigned
        factor: 1
        offset: 0
        min: 0
        max: 255
        unit: Khp
        receivers:
          - XXX
      - name: COUNTER2
        multiplexer_indicator: Plain
        start_bit: 251
        size: 4
        byte_order: BigEndian
        value_type: Unsigned
        factor: 1
        offset: 0
        min: 0
        max: 15
        unit: ""
        receivers:
          - XXX
  - id:
      Standard: 273
    name: UNDEFINED_2
    size: 8
    transmitter:
      NodeName: XXX
    signals:
      - name: CRC
        multiplexer_indicator: Plain
        start_bit: 7
        size: 8
        byte_order: BigEndian
        value_type: Unsigned
        factor: 1
        offset: 0
        min: 0
        max: 255
        unit: ""
        receivers:
          - XXX
      - name: UNDEFINED_SIGNAL_RELATED_ACC
        multiplexer_indicator: Plain
        start_bit: 46
        size: 13
        byte_order: BigEndian
        value_type: Unsigned
        factor: 1
        offset: 0
        min: 0
        max: 8191
        unit: ""
        receivers:
          - XXX
      - name: COUNTER
        multiplexer_indicator: Plain
        start_bit: 59
        size: 4
        byte_order: BigEndian
        value_type: Unsigned
        factor: 1
        offset: 0
        min: 0
        max: 15
        unit: ""
        receivers:
          - XXX
  - id:
      Standard: 288
    name: BRAKE2
    size: 64
    transmitter:
      NodeName: XXX
    signals:
      - name: CRC
        multiplexer_indicator: Plain
        start_bit: 7
        size: 8
        byte_order: BigEndian
        value_type: Unsigned
        factor: 1
        offset: 0
        min: 0
        max: 255
        unit: ""
        receivers:
          - XXX
      - name: REVIEW_REQ_BRAKE_SIGNAL1
        multiplexer_indicator: Plain
        start_bit: 15
        size: 8
        byte_order: BigEndian
        value_type: Unsigned
        factor: 1
        offset: 0
        min: 0
        max: 255
        unit: ""
        receivers:
          - XXX
      - name: REQ_REVIEW_MOVING
        multiplexer_indicator: Plain
        start_bit: 22
        size: 1
        byte_order: BigEndian
        value_type: Unsigned
        factor: 1
        offset: 0
        min: 0
        max: 1
        unit: ""
        receivers:
          - XXX
      - name: ODD_BRAKE_PRESSURE
        multiplexer_indicator: Plain
        start_bit: 39
        size: 8
        byte_order: BigEndian
        value_type: Unsigned
        factor: 1
        offset: -27
        min: 0
        max: 255
        unit: ""
        receivers:
          - XXX
      - name: REVIEW_REQ_BRAKE_SIGNAL2
        multiplexer_indicator: Plain
        start_bit: 47
        size: 8
        byte_order: BigEndian
        value_type: Unsigned
        factor: 1
        offset: 0
        min: 0
        max: 255
        unit: ""
        receivers:
          - XXX
      - name: COUNTER
        multiplexer_indicator: Plain
        start_bit: 59
        size: 4
        byte_order: BigEndian
        value_type: Unsigned
        factor: 1
        offset: 0
        min: 0
        max: 15
        unit: ""
        receivers:
          - XXX
  - id:
      Standard: 299
    name: AUTOPILOT
    size: 64
    transmitter:
      NodeName: XXX
    signals:
      - name: REQ_REVIEW_CRC
        multiplexer_indicator: Plain
        start_bit: 71
        size: 8
        byte_order: BigEndian
        value_type: Unsigned
        factor: 1
        offset: 0
        min: 0
        max: 255
        unit: ""
        receivers:
          - XXX
      - name: AP_UNDEFINED_SIGNAL2
        multiplexer_indicator: Plain
        start_bit: 73
        size: 2
        byte_order: BigEndian
        value_type: Unsigned
        factor: 1
        offset: 0
        min: 0
        max: 3
        unit: ""
        receivers:
          - XXX
      - name: REQ_REVIEW_COUNTER
        multiplexer_indicator: Plain
        start_bit: 78
        size: 5
        byte_order: BigEndian
        value_type: Unsigned
        factor: 1
        offset: 0
        min: 0
        max: 31
        unit: ""
        receivers:
          - XXX
      - name: AP_UNDEFINED_SIGNAL
        multiplexer_indicator: Plain
        start_bit: 87
        size: 6
        byte_order: BigEndian
        value_type: Unsigned
        factor: 1
        offset: 0
        min: 0
        max: 63
        unit: ""
        receivers:
          - XXX
      - name: AP_STEERING_UNDEFINED_SIGNAL1
        multiplexer_indicator: Plain
        start_bit: 102
        size: 10
        byte_order: BigEndian
        value_type: Signed
        factor: 1
        offset: 0
        min: 0
        max: 2047
        unit: ""
        receivers:
          - XXX
      - name: AP_UNDEFINED_SIGNAL3
        multiplexer_indicator: Plain
        start_bit: 103
        size: 1
        byte_order: BigEndian
        value_type: Unsigned
        factor: 1
        offset: 0
        min: 0
        max: 1
        unit: ""
        receivers:
          - XXX
      - name: COUNTER
        multiplexer_indicator: Plain
        start_bit: 123
        size: 4
        byte_order: BigEndian
        value_type: Unsigned
        factor: 1
        offset: 0
        min: 0
        max: 15
        unit: ""
        receivers:
          - XXX
      - name: AP_STATE
        multiplexer_indicator: Plain
        start_bit: 125
        size: 1
        byte_order: BigEndian
        value_type: Unsigned
        factor: 1
        offset: 0
        min: 0
        max: 1
        unit: ""
        receivers:
          - XXX
      - name: CRC
        multiplexer_indicator: Plain
        start_bit: 135
        size: 8
        byte_order: BigEndian
        value_type: Unsigned
        factor: 1
        offset: 0
        min: 0
        max: 255
        unit: ""
        receivers:
          - XXX
  - id:
      Standard: 303
    name: CAR_OVERALL_SIGNALS
    size: 64
    transmitter:
      NodeName: XXX
    signals:
      - name: CRC1
        multiplexer_indicator: Plain
        start_bit: 71
        size: 8
        byte_order: BigEndian
        value_type: Unsigned
        factor: 1
        offset: 0
        min: 0
        max: 255
        unit: ""
        receivers:
          - XXX
      - name: DRIVE_MODE_SIGNAL
        multiplexer_indicator: Plain
        start_bit: 73
        size: 1
        byte_order: BigEndian
        value_type: Unsigned
        factor: 1
        offset: 0
        min: 0
        max: 1
        unit: ""
        receivers:
          - XXX
      - name: REQ_REVIEW_POWER_STATE
        multiplexer_indicator: Plain
        start_bit: 80
        size: 1
        byte_order: BigEndian
        value_type: Unsigned
        factor: 1
        offset: 0
        min: 0
        max: 1
        unit: ""
        receivers:
          - XXX
      - name: REQ_REVIEW_POWER_STATE2
        multiplexer_indicator: Plain
        start_bit: 83
        size: 1
        byte_order: BigEndian
        value_type: Unsigned
        factor: 1
        offset: 0
        min: 0
        max: 1
        unit: ""
        receivers:
          - XXX
      - name: GAS_SIGNAL
        multiplexer_indicator: Plain
        start_bit: 86
        size: 1
        byte_order: BigEndian
        value_type: Unsigned
        factor: 1
        offset: 0
        min: 0
        max: 1
        unit: ""
        receivers:
          - XXX
      - name: REQ_REVIEW_POWER_STATE3
        multiplexer_indicator: Plain
        start_bit: 113
        size: 1
        byte_order: BigEndian
        value_type: Unsigned
        factor: 1
        offset: 0
        min: 0
        max: 1
        unit: ""
        receivers:
          - XXX
      - name: COUNTER1
        multiplexer_indicator: Plain
        start_bit: 123
        size: 4
        byte_order: BigEndian
        value_type: Unsigned
        factor: 1
        offset: 0
        min: 0
        max: 15
        unit: ""
        receivers:
          - XXX
      - name: CRC2
        multiplexer_indicator: Plain
        start_bit: 135
        size: 8
        byte_order: BigEndian
        value_type: Unsigned
        factor: 1
        offset: 0
        min: 0
        max: 255
        unit: ""
        receivers:
          - XXX
      - name: DRIVER_MODE_SIGNAL2
        multiplexer_indicator: Plain
        start_bit: 161
        size: 1
        byte_order: BigEndian
        value_type: Unsigned
        factor: 1
        offset: 0
        min: 0
        max: 1
        unit: ""
        receivers:
          - XXX
      - name: DRIVE_MODE_P
        multiplexer_indicator: Plain
        start_bit: 162
        size: 1
        byte_order: BigEndian
        value_type: Unsigned
        factor: 1
        offset: 0
        min: 0
        max: 1
        unit: ""
        receivers:
          - XXX
      - name: DRIVE_MODE_D
        multiplexer_indicator: Plain
        start_bit: 163
        size: 1
        byte_order: BigEndian
        value_type: Unsigned
        factor: 1
        offset: 0
        min: 0
        max: 1
        unit: ""
        receivers:
          - XXX
      - name: DRIVE_MODE_SIGNAL3
        multiplexer_indicator: Plain
        start_bit: 165
        size: 1
        byte_order: BigEndian
        value_type: Unsigned
        factor: 1
        offset: 0
        min: 0
        max: 1
        unit: ""
        receivers:
          - XXX
      - name: DRIVE_MODE
        multiplexer_indicator: Plain
        start_bit: 166
        size: 2
        byte_order: BigEndian
        value_type: Unsigned
        factor: 1
        offset: 0
        min: 0
        max: 1
        unit: ""
        receivers:
          - XXX
      - name: BRAKE_SIGNAL
        multiplexer_indicator: Plain
        start_bit: 176
        size: 1
        byte_order: BigEndian
        value_type: Unsigned
        factor: 1
        offset: 0
        min: 0
        max: 1
        unit: ""
        receivers:
          - XXX
      - name: COUNTER2
        multiplexer_indicator: Plain
        start_bit: 187
        size: 4
        byte_order: BigEndian
        value_type: Unsigned
        factor: 1
        offset: 0
        min: 0
        max: 15
        unit: ""
        receivers:
          - XXX
  - id:
      Standard: 311
    name: BRAKE
    size: 64
    transmitter:
      NodeName: XXX
    signals:
      - name: CRC1
        multiplexer_indicator: Plain
        start_bit: 71
        size: 8
        byte_order: BigEndian
        value_type: Unsigned
        factor: 1
        offset: 0
        min: 0
        max: 255
        unit: ""
        receivers:
          - XXX
      - name: REQ_REVIEW_DRIVE_MODE
        multiplexer_indicator: Plain
        start_bit: 77
        size: 1
        byte_order: BigEndian
        value_type: Unsigned
        factor: 1
        offset: 0
        min: 0
        max: 1
        unit: ""
        receivers:
          - XXX
      - name: COUNTER1
        multiplexer_indicator: Plain
        start_bit: 123
        size: 4
        byte_order: BigEndian
        value_type: Unsigned
        factor: 1
        offset: 0
        min: 0
        max: 15
        unit: ""
        receivers:
          - XXX
      - name: CRC2
        multiplexer_indicator: Plain
        start_bit: 135
        size: 8
        byte_order: BigEndian
        value_type: Unsigned
        factor: 1
        offset: 0
        min: 0
        max: 255
        unit: ""
        receivers:
          - XXX
      - name: REQ_REVIEW_HANDBRAKE_ENABLED
        multiplexer_indicator: Plain
        start_bit: 143
        size: 1
        byte_order: BigEndian
        value_type: Unsigned
        factor: 1
        offset: 0
        min: 0
        max: 1
        unit: ""
        receivers:
          - XXX
      - name: BRAKE_SIGNAL1
        multiplexer_indicator: Plain
        start_bit: 152
        size: 1
        byte_order: BigEndian
        value_type: Unsigned
        factor: 1
        offset: 0
        min: 0
        max: 1
        unit: ""
        receivers:
          - XXX
      - name: REVIEW_REQ_HANDBRAKE_RELEASED
        multiplexer_indicator: Plain
        start_bit: 153
        size: 1
        byte_order: BigEndian
        value_type: Unsigned
        factor: 1
        offset: 0
        min: 0
        max: 1
        unit: ""
        receivers:
          - XXX
      - name: REVIEW_REQ_HANDBRAKE_ENABLED
        multiplexer_indicator: Plain
        start_bit: 154
        size: 1
        byte_order: BigEndian
        value_type: Unsigned
        factor: 1
        offset: 0
        min: 0
        max: 1
        unit: DURING POWER BRAKE IS FALSE
        receivers:
          - XXX
      - name: BRAKE_SIGNAL2
        multiplexer_indicator: Plain
        start_bit: 155
        size: 1
        byte_order: BigEndian
        value_type: Unsigned
        factor: 1
        offset: 0
        min: 0
        max: 1
        unit: ""
        receivers:
          - XXX
      - name: COUNTER2
        multiplexer_indicator: Plain
        start_bit: 187
        size: 4
        byte_order: BigEndian
        value_type: Unsigned
        factor: 1
        offset: 0
        min: 0
        max: 15
        unit: ""
        receivers:
          - XXX
      - name: CRC3
        multiplexer_indicator: Plain
        start_bit: 199
        size: 8
        byte_order: BigEndian
        value_type: Unsigned
        factor: 1
        offset: 0
        min: 0
        max: 255
        unit: ""
        receivers:
          - XXX
      - name: BRAKE_PRESSURE
        multiplexer_indicator: Plain
        start_bit: 207
        size: 13
        byte_order: BigEndian
        value_type: Unsigned
        factor: 1
        offset: 0
        min: 0
        max: 8191
        unit: ""
        receivers:
          - XXX
      - name: REQ_REVIEW_BRAKE_PRESSURE
        multiplexer_indicator: Plain
        start_bit: 207
        size: 14
        byte_order: BigEndian
        value_type: Unsigned
        factor: 1
        offset: 0
        min: 0
        max: 1
        unit: ""
        receivers:
          - XXX
      - name: COUNTER3
        multiplexer_indicator: Plain
        start_bit: 251
        size: 4
        byte_order: BigEndian
        value_type: Unsigned
        factor: 1
        offset: 0
        min: 0
        max: 15
        unit: ""
        receivers:
          - XXX
      - name: CRC4
        multiplexer_indicator: Plain
        start_bit: 263
        size: 8
        byte_order: BigEndian
        value_type: Unsigned
        factor: 1
        offset: 0
        min: 0
        max: 255
        unit: ""
        receivers:
          - XXX
  - id:
      Standard: 315
    name: WHEEL_SPEEDS
    size: 64
    transmitter:
      NodeName: XXX
    signals:
      - name: FRONT_CRC
        multiplexer_indicator: Plain
        start_bit: 7
        size: 8
        byte_order: BigEndian
        value_type: Unsigned
        factor: 1
        offset: 0
        min: 0
        max: 255
        unit: ""
        receivers:
          - XXX
      - name: FRONT_LEFT_WHEEL_SPEED
        multiplexer_indicator: Plain
        start_bit: 12
        size: 13
        byte_order: BigEndian
        value_type: Unsigned
        factor: 0.05924739
        offset: 0
        min: 0
        max: 8191
        unit: Kph
        receivers:
          - XXX
      - name: FRONT_RIGHT_WHEEL_SPEED
        multiplexer_indicator: Plain
        start_bit: 28
        size: 13
        byte_order: BigEndian
        value_type: Unsigned
        factor: 0.05924739
        offset: 0
        min: 0
        max: 8191
        unit: Kph
        receivers:
          - XXX
      - name: FRONT_DISTANCE_ACCUMULATOR
        multiplexer_indicator: Plain
        start_bit: 47
        size: 16
        byte_order: BigEndian
        value_type: Unsigned
        factor: 1
        offset: 0
        min: 0
        max: 65535
        unit: "??"
        receivers:
          - XXX
      - name: FRONT_COUNTER
        multiplexer_indicator: Plain
        start_bit: 59
        size: 4
        byte_order: BigEndian
        value_type: Unsigned
        factor: 1
        offset: 0
        min: 0
        max: 15
        unit: ""
        receivers:
          - XXX
      - name: REAR_CRC
        multiplexer_indicator: Plain
        start_bit: 327
        size: 8
        byte_order: BigEndian
        value_type: Unsigned
        factor: 1
        offset: 0
        min: 0
        max: 255
        unit: ""
        receivers:
          - XXX
      - name: REAR_LEFT_WHEEL_SPEED
        multiplexer_indicator: Plain
        start_bit: 332
        size: 13
        byte_order: BigEndian
        value_type: Unsigned
        factor: 0.05924739
        offset: 0
        min: 0
        max: 8191
        unit: Kph
        receivers:
          - XXX
      - name: REAR_RIGHT_WHEEL_SPEED
        multiplexer_indicator: Plain
        start_bit: 348
        size: 13
        byte_order: BigEndian
        value_type: Unsigned
        factor: 0.05924739
        offset: 0
        min: 0
        max: 8191
        unit: Kph
        receivers:
          - XXX
      - name: REAR_DISTANCE_ACCUMULATOR
        multiplexer_indicator: Plain
        start_bit: 367
        size: 16
        byte_order: BigEndian
        value_type: Unsigned
        factor: 1
        offset: 0
        min: 0
        max: 65535
        unit: ""
        receivers:
          - XXX
      - name: REAR_COUNTER
        multiplexer_indicator: Plain
        start_bit: 379
        size: 4
        byte_order: BigEndian
        value_type: Unsigned
        factor: 1
        offset: 0
        min: 0
        max: 15
        unit: ""
        receivers:
          - XXX
  - id:
      Standard: 323
    name: SPEED2
    size: 64
    transmitter:
      NodeName: XXX
    signals:
      - name: NEW_SIGNAL_1
        multiplexer_indicator: Plain
        start_bit: 71
        size: 8
        byte_order: BigEndian
        value_type: Unsigned
        factor: 1
        offset: 0
        min: 0
        max: 255
        unit: ""
        receivers:
          - XXX
      - name: SPEED_REAL
        multiplexer_indicator: Plain
        start_bit: 119
        size: 8
        byte_order: BigEndian
        value_type: Unsigned
        factor: 1
        offset: 0
        min: 0
        max: 255
        unit: Kph
        receivers:
          - XXX
      - name: COUNTER
        multiplexer_indicator: Plain
        start_bit: 123
        size: 4
        byte_order: BigEndian
        value_type: Unsigned
        factor: 1
        offset: 0
        min: 0
        max: 15
        unit: ""
        receivers:
          - XXX
      - name: CRC2
        multiplexer_indicator: Plain
        start_bit: 135
        size: 8
        byte_order: BigEndian
        value_type: Unsigned
        factor: 1
        offset: 0
        min: 0
        max: 255
        unit: ""
        receivers:
          - XXX
  - id:
      Standard: 327
    name: NEW_MSG_147
    size: 64
    transmitter:
      NodeName: XXX
  - id:
      Standard: 347
    name: NEW_MSG_15B
    size: 64
    transmitter:
      NodeName: XXX
  - id:
      Standard: 357
    name: NEW_MSG_165
    size: 8
    transmitter:
      NodeName: XXX
  - id:
      Standard: 367
    name: NEW_MSG_16F
    size: 64
    transmitter:
      NodeName: XXX
  - id:
      Standard: 412
    name: LIGHTS
    size: 16
    transmitter:
      NodeName: XXX
    signals:
      - name: BRAKE_LIGHTS
        multiplexer_indicator: Plain
        start_bit: 24
        size: 3
        byte_order: BigEndian
        value_type: Unsigned
        factor: 1
        offset: 0
        min: 0
        max: 7
        unit: ""
        receivers:
          - XXX
      - name: RIGHT_TURN_SIGNAL
        multiplexer_indicator: Plain
        start_bit: 30
        size: 1
        byte_order: BigEndian
        value_type: Unsigned
        factor: 1
        offset: 0
        min: 0
        max: 1
        unit: ON/OFF ACCORDINGLY LIGHT
        receivers:
          - XXX
      - name: LEFT_TURN_SIGNAL
        multiplexer_indicator: Plain
        start_bit: 31
        size: 1
        byte_order: BigEndian
        value_type: Unsigned
        factor: 1
        offset: 0
        min: 0
        max: 1
        unit: ON/OFF ACCORDINGLY LIGHT
        receivers:
          - XXX
  - id:
      Standard: 415
    name: NEW_MSG_19F
    size: 64
    transmitter:
      NodeName: XXX
  - id:
      Standard: 573
    name: UNDEFINED_RELATIONSHIP_WITH_CAR_RUNNING
    size: 64
    transmitter:
      NodeName: XXX
    signals:
      - name: COUNTER1
        multiplexer_indicator: Plain
        start_bit: 123
        size: 4
        byte_order: BigEndian
        value_type: Unsigned
        factor: 1
        offset: 0
        min: 0
        max: 15
        unit: ""
        receivers:
          - XXX
      - name: CRC2
        multiplexer_indicator: Plain
        start_bit: 135
        size: 8
        byte_order: BigEndian
        value_type: Unsigned
        factor: 1
        offset: 0
        min: 0
        max: 255
        unit: ""
        receivers:
          - XXX
      - name: COUNTER2
        multiplexer_indicator: Plain
        start_bit: 187
        size: 12
        byte_order: BigEndian
        value_type: Unsigned
        factor: 1
        offset: 0
        min: 0
        max: 4095
        unit: ""
        receivers:
          - XXX
      - name: COUNTER3
        multiplexer_indicator: Plain
        start_bit: 251
        size: 4
        byte_order: BigEndian
        value_type: Unsigned
        factor: 1
        offset: 0
        min: 0
        max: 15
        unit: ""
        receivers:
          - XXX
      - name: CRC3
        multiplexer_indicator: Plain
        start_bit: 263
        size: 8
        byte_order: BigEndian
        value_type: Unsigned
        factor: 1
        offset: 0
        min: 0
        max: 255
        unit: ""
        receivers:
          - XXX
  - id:
      Standard: 581
    name: NEW_MSG_245
    size: 8
    transmitter:
      NodeName: XXX
  - id:
      Standard: 639
    name: NEW_MSG_27F
    size: 16
    transmitter:
      NodeName: XXX
    signals:
      - name: CRC
        multiplexer_indicator: Plain
        start_bit: 7
        size: 8
        byte_order: BigEndian
        value_type: Unsigned
        factor: 1
        offset: 0
        min: 0
        max: 255
        unit: ""
        receivers:
          - XXX
      - name: REQ_REVIEW_ODOMETER
        multiplexer_indicator: Plain
        start_bit: 23
        size: 16
        byte_order: BigEndian
        value_type: Unsigned
        factor: 1
        offset: 0
        min: 0
        max: 65535
        unit: ""
        receivers:
          - XXX
      - name: COUNTER
        multiplexer_indicator: Plain
        start_bit: 59
        size: 4
        byte_order: BigEndian
        value_type: Unsigned
        factor: 1
        offset: 0
        min: 0
        max: 15
        unit: ""
        receivers:
          - XXX
  - id:
      Standard: 649
    name: DRIVE_MODE
    size: 64
    transmitter:
      NodeName: XXX
    signals:
      - name: DRIVE_MODE_ENABLED
        multiplexer_indicator: Plain
        start_bit: 382
        size: 1
        byte_order: BigEndian
        value_type: Unsigned
        factor: 1
        offset: 0
        min: 0
        max: 1
        unit: ""
        receivers:
          - XXX
      - name: DRIVE_MODE_DISABLED
        multiplexer_indicator: Plain
        start_bit: 383
        size: 1
        byte_order: BigEndian
        value_type: Unsigned
        factor: 1
        offset: 0
        min: 0
        max: 1
        unit: ""
        receivers:
          - XXX
  - id:
      Standard: 683
    name: ACC
    size: 64
    transmitter:
      NodeName: XXX
    signals:
      - name: COUNTER1
        multiplexer_indicator: Plain
        start_bit: 123
        size: 4
        byte_order: BigEndian
        value_type: Unsigned
        factor: 1
        offset: 0
        min: 0
        max: 15
        unit: ""
        receivers:
          - XXX
      - name: CRC1
        multiplexer_indicator: Plain
        start_bit: 135
        size: 8
        byte_order: BigEndian
        value_type: Unsigned
        factor: 1
        offset: 0
        min: 0
        max: 255
        unit: ""
        receivers:
          - XXX
      - name: CAR_DISTANCE_SELECTION
        multiplexer_indicator: Plain
        start_bit: 170
        size: 3
        byte_order: BigEndian
        value_type: Unsigned
        factor: 1
        offset: 0
        min: 0
        max: 7
        unit: ""
        receivers:
          - XXX
      - name: ACC_SPEED_SELECTION
        multiplexer_indicator: Plain
        start_bit: 183
        size: 8
        byte_order: BigEndian
        value_type: Unsigned
        factor: 1
        offset: 0
        min: 0
        max: 255
        unit: Kph
        receivers:
          - XXX
      - name: COUNTER2
        multiplexer_indicator: Plain
        start_bit: 187
        size: 4
        byte_order: BigEndian
        value_type: Unsigned
        factor: 1
        offset: 0
        min: 0
        max: 15
        unit: ""
        receivers:
          - XXX
  - id:
      Standard: 696
    name: UNDEFINED_INTERESTING_SIGNALS
    size: 64
    transmitter:
      NodeName: XXX
    signals:
      - name: UNDEFINED_SIGNAL2
        multiplexer_indicator: Plain
        start_bit: 20
        size: 9
        byte_order: BigEndian
        value_type: Unsigned
        factor: 1
        offset: 0
        min: 0
        max: 511
        unit: ""
        receivers:
          - XXX
      - name: UNDEFINED_SIGNAL1
        multiplexer_indicator: Plain
        start_bit: 27
        size: 12
        byte_order: BigEndian
        value_type: Unsigned
        factor: 1
        offset: 0
        min: 0
        max: 4095
        unit: ""
        receivers:
          - XXX
      - name: UNDEFINED_ACCUMULATOR
        multiplexer_indicator: Plain
        start_bit: 47
        size: 8
        byte_order: BigEndian
        value_type: Unsigned
        factor: 1
        offset: 0
        min: 0
        max: 255
        unit: ""
        receivers:
          - XXX
      - name: UNDEFINED_ACCUMULATOR2
        multiplexer_indicator: Plain
        start_bit: 47
        size: 12
        byte_order: BigEndian
        value_type: Unsigned
        factor: 1
        offset: 0
        min: 0
        max: 15
        unit: ""
        receivers:
          - XXX
      - name: UNDEFINED_SIGNAL3
        multiplexer_indicator: Plain
        start_bit: 51
        size: 12
        byte_order: BigEndian
        value_type: Unsigned
        factor: 1
        offset: 0
        min: 0
        max: 4095
        unit: ""
        receivers:
          - XXX
      - name: UNDEFINED_SIGNAL4
        multiplexer_indicator: Plain
        start_bit: 265
        size: 10
        byte_order: BigEndian
        value_type: Unsigned
        factor: 1
        offset: 0
        min: 0
        max: 1023
        unit: ""
        receivers:
          - XXX
      - name: NEW_SIGNAL_1
        multiplexer_indicator: Plain
        start_bit: 354
        size: 7
        byte_order: BigEndian
        value_type: Unsigned
        factor: 1
        offset: 0
        min: 0
        max: 127
        unit: ""
        receivers:
          - XXX
  - id:
      Standard: 714
    name: BUTTONS
    size: 8
    transmitter:
      NodeName: XXX
    signals:
      - name: LOCK_DOORS_BUTTON
        multiplexer_indicator: Plain
        start_bit: 16
        size: 1
        byte_order: BigEndian
        value_type: Unsigned
        factor: 1
        offset: 0
        min: 0
        max: 1
        unit: ""
        receivers:
          - XXX
  - id:
      Standard: 793
    name: DOOR_DRIVER
    size: 16
    transmitter:
      NodeName: XXX
    signals:
      - name: REQ_REVIEW_CAR_STATE
        multiplexer_indicator: Plain
        start_bit: 16
        size: 1
        byte_order: BigEndian
        value_type: Unsigned
        factor: 1
        offset: 0
        min: 0
        max: 1
        unit: ""
        receivers:
          - XXX
      - name: DOOR_REAR_RIGHT_OPEN
        multiplexer_indicator: Plain
        start_bit: 19
        size: 1
        byte_order: BigEndian
        value_type: Unsigned
        factor: 1
        offset: 0
        min: 0
        max: 1
        unit: ""
        receivers:
          - XXX
      - name: DOOR_FRONT_RIGHT_OPEN
        multiplexer_indicator: Plain
        start_bit: 20
        size: 1
        byte_order: BigEndian
        value_type: Unsigned
        factor: 1
        offset: 0
        min: 0
        max: 1
        unit: ""
        receivers:
          - XXX
      - name: DOOR_REAR_LEFT_OPEN
        multiplexer_indicator: Plain
        start_bit: 21
        size: 1
        byte_order: BigEndian
        value_type: Unsigned
        factor: 1
        offset: 0
        min: 0
        max: 1
        unit: ""
        receivers:
          - XXX
      - name: DOOR_DRIVER_OPEN
        multiplexer_indicator: Plain
        start_bit: 22
        size: 1
        byte_order: BigEndian
        value_type: Unsigned
        factor: 1
        offset: 0
        min: 0
        max: 1
        unit: ""
        receivers:
          - XXX
  - id:
      Standard: 837
    name: DOOR_LOCK_STATES
    size: 16
    transmitter:
      NodeName: XXX
    signals:
      - name: DOOR_LOCK_STATE
        multiplexer_indicator: Plain
        start_bit: 13
        size: 1
        byte_order: BigEndian
        value_type: Unsigned
        factor: 1
        offset: 0
        min: 0
        max: 1
        unit: ""
        receivers:
          - XXX
      - name: DOOR_LOCK_STATE2
        multiplexer_indicator: Plain
        start_bit: 34
        size: 1
        byte_order: BigEndian
        value_type: Unsigned
        factor: 1
        offset: 0
        min: 0
        max: 1
        unit: ""
        receivers:
          - XXX
  - id:
      Standard: 849
    name: SEATBELT
    size: 16
    transmitter:
      NodeName: XXX
    signals:
      - name: CRC
        multiplexer_indicator: Plain
        start_bit: 7
        size: 8
        byte_order: BigEndian
        value_type: Unsigned
        factor: 1
        offset: 0
        min: 0
        max: 255
        unit: ""
        receivers:
          - XXX
      - name: SEAT_BELT_DRIVER_STATE
        multiplexer_indicator: Plain
        start_bit: 11
        size: 1
        byte_order: BigEndian
        value_type: Unsigned
        factor: 1
        offset: 0
        min: 0
        max: 1
        unit: ""
        receivers:
          - XXX
      - name: SEAT_BELT_DRIVER_STATE2
        multiplexer_indicator: Plain
        start_bit: 24
        size: 1
        byte_order: BigEndian
        value_type: Unsigned
        factor: 1
        offset: 0
        min: 0
        max: 1
        unit: ""
        receivers:
          - XXX
      - name: COUNTER
        multiplexer_indicator: Plain
        start_bit: 59
        size: 4
        byte_order: BigEndian
        value_type: Unsigned
        factor: 1
        offset: 0
        min: 0
        max: 15
        unit: ""
        receivers:
          - XXX
comments:
  - Signal:
      message_id:
        Standard: 96
      name: GAS_POSITION
      comment: 0 - 100%
  - Signal:
      message_id:
        Standard: 96
      name: BRAKE_SIGNAL
      comment: 1 = BRAKE PRESSED
  - Signal:
      message_id:
        Standard: 96
      name: ACC_GAS_POSITION
      comment: 0 - 100% | WHEN ACC REMAINS INFORMATION
  - Signal:
      message_id:
        Standard: 96
      name: REQ_REVIEW_POWER_CONSUMPTION2
      comment: REQ FACTOR CONVERTER
  - Signal:
      message_id:
        Standard: 96
      name: REQ_REVIEW_POWER_STATE_SIGNAL
      comment: 1 = OFF | 12 WARM-UP | 5 = ON
  - Signal:
      message_id:
        Standard: 96
      name: REQ_REVIEW_POWER_STATE_SIGNAL2
      comment: 1 = OFF | 0 = ON
  - Signal:
      message_id:
        Standard: 147
      name: IMPRECISE_SPEED
      comment: "lower precision, reverse is positive as well"
  - Signal:
      message_id:
        Standard: 147
      name: REQ_REVIEW_SPEED
      comment: INITIALLY ADJUSTED TO KPH BUT ITS NOT
  - Signal:
      message_id:
        Standard: 147
      name: REQ_REVIEW_SPEED2
      comment: INITIALLY ADJUSTED TO KPH BUT ITS NOT
  - Signal:
      message_id:
        Standard: 161
      name: STEERING_ANGLE
      comment: "0 CENTER, NO LEFT / RIGHT SIGNAL"
  - Signal:
      message_id:
        Standard: 161
      name: STEERING_TORQUE
      comment: "Peak identified 3680, 0 = stopped"
  - Signal:
      message_id:
        Standard: 161
      name: AP_REDUCE_DISTANCE_COMMAND
      comment: AUTOPILOT STALK
  - Signal:
      message_id:
        Standard: 161
      name: AP_CANCEL_COMMAND
      comment: AUTOPILOT STALK - FRONT MOVEMENT = CANCEL COMMAND
  - Signal:
      message_id:
        Standard: 161
      name: AP_ENABLE_COMMAND
      comment: AUTOPILOT STALK - REAR MOVEMENT = ENABLE COMMAND
  - Signal:
      message_id:
        Standard: 161
      name: AP_DECREASE_SPEED_COMMAND
      comment: AUTOPILOT STALK - MOVEMENT
  - Signal:
      message_id:
        Standard: 161
      name: AP_INCREASE_SPEED_COMMAND
      comment: "AUTOPILOT STALK - DOWN MOVEMENT]"
  - Signal:
      message_id:
        Standard: 259
      name: UNDEFINED_ACCUMULATOR
      comment: "WHEN ELETRIC MODE = 0, PERHAPS COMBUSTION ENGINE"
  - Signal:
      message_id:
        Standard: 259
      name: UNDEFINED_COUNTER
      comment: "0 WHEN ELECTRIC, PERHAPS COMBUSTION ENGINE"
  - Signal:
      message_id:
        Standard: 259
      name: ODD_GAS_POSITION
      comment: "17 = 0, 253 = FULL, SOMETIMES 4"
  - Signal:
      message_id:
        Standard: 259
      name: SPEED
      comment: "PRECISE, KPH, DASHBOARD SPEED, BIT LOWER THAN GPS SPEED"
  - Signal:
      message_id:
        Standard: 288
      name: REVIEW_REQ_BRAKE_SIGNAL1
      comment: 0 | 128 SIMILAR TO BRAKE SIGNAL BUT ADDITIONAL DELAY
  - Signal:
      message_id:
        Standard: 288
      name: REQ_REVIEW_MOVING
      comment: 1 = CAR IS MOVING
  - Signal:
      message_id:
        Standard: 288
      name: ODD_BRAKE_PRESSURE
      comment: "ODD BRAKE PRESSURE, NEGATIVE/OFFSET"
  - Signal:
      message_id:
        Standard: 288
      name: REVIEW_REQ_BRAKE_SIGNAL2
      comment: 0 | 128 BRAKE PRESSED
  - Signal:
      message_id:
        Standard: 299
      name: REQ_REVIEW_COUNTER
      comment: COUNTER NOT STABLE
  - Signal:
      message_id:
        Standard: 299
      name: AP_UNDEFINED_SIGNAL3
      comment: PERHAPS HANDS ON SENSOR
  - Signal:
      message_id:
        Standard: 299
      name: AP_STATE
      comment: 1 = ON | 0 = OFF
  - Signal:
      message_id:
        Standard: 303
      name: DRIVE_MODE_SIGNAL
      comment: D/R = 0 | N/P = 1
  - Signal:
      message_id:
        Standard: 303
      name: REQ_REVIEW_POWER_STATE
      comment: 1 = ON | 0 = IDLE
  - Signal:
      message_id:
        Standard: 303
      name: REQ_REVIEW_POWER_STATE2
      comment: 1 = ON | 0 = IDLE
  - Signal:
      message_id:
        Standard: 303
      name: GAS_SIGNAL
      comment: 1 = GAS PRESSED
  - Signal:
      message_id:
        Standard: 303
      name: REQ_REVIEW_POWER_STATE3
      comment: 0 = OFF / 1 = ON
  - Signal:
      message_id:
        Standard: 303
      name: DRIVER_MODE_SIGNAL2
      comment: D/R = 1 | N/P=0
  - Signal:
      message_id:
        Standard: 303
      name: DRIVE_MODE_SIGNAL3
      comment: P/R = 1 | P/N = 0
  - Signal:
      message_id:
        Standard: 303
      name: DRIVE_MODE
      comment: 0 = P | 1 = D | 2 = N | 3 = R (GOOD SIGNAL)
  - Signal:
      message_id:
        Standard: 303
      name: BRAKE_SIGNAL
      comment: 1 BRAKE PRESSED
  - Signal:
      message_id:
        Standard: 311
      name: REQ_REVIEW_DRIVE_MODE
      comment: 1 = P | 0 = D
  - Signal:
      message_id:
        Standard: 311
      name: BRAKE_SIGNAL1
      comment: 0 = NO | 1 = BRAKE PRESSED
  - Signal:
      message_id:
        Standard: 311
      name: REVIEW_REQ_HANDBRAKE_RELEASED
      comment: DURING POWER BRAKE IS TRUE
  - Signal:
      message_id:
        Standard: 311
      name: BRAKE_SIGNAL2
      comment: 0 NO | 1 = BRAKE PRESSED
  - Signal:
      message_id:
        Standard: 311
      name: BRAKE_PRESSURE
      comment: MAX PRESSURE IDENTIFIED = 4184 | 0 = NO PRESSURE
  - Signal:
      message_id:
        Standard: 311
      name: REQ_REVIEW_BRAKE_PRESSURE
      comment: ADDITIONAL BIT
  - Signal:
      message_id:
        Standard: 315
      name: FRONT_LEFT_WHEEL_SPEED
      comment: "Based on the car's dashboard speed"
  - Signal:
      message_id:
        Standard: 315
      name: FRONT_RIGHT_WHEEL_SPEED
      comment: "Based on the car's dashboard speed"
  - Signal:
      message_id:
        Standard: 315
      name: FRONT_DISTANCE_ACCUMULATOR
      comment: "?? doubts"
  - Signal:
      message_id:
        Standard: 315
      name: REAR_LEFT_WHEEL_SPEED
      comment: "Based on the car's dashboard speed"
  - Signal:
      message_id:
        Standard: 315
      name: REAR_RIGHT_WHEEL_SPEED
      comment: "Based on the car's dashboard speed"
  - Signal:
      message_id:
        Standard: 315
      name: REAR_DISTANCE_ACCUMULATOR
      comment: PULSES
  - Signal:
      message_id:
        Standard: 323
      name: SPEED_REAL
      comment: "PRECISE, EQUAL GPS SPEED"
  - Signal:
      message_id:
        Standard: 412
      name: BRAKE_LIGHTS
      comment: POSSIBLE 3 DIFFERENT LIGHTS
  - Signal:
      message_id:
        Standard: 412
      name: LEFT_TURN_SIGNAL
      comment: ON/OFF ACCORDINGLY LIGHT
  - Message:
      id:
        Standard: 573
      comment: APPEARS TO HAVE GOOD MOVING INFORMATION
  - Message:
      id:
        Standard: 649
      comment: FRONT
  - Signal:
      message_id:
        Standard: 649
      name: DRIVE_MODE_ENABLED
      comment: DRIVE = 1 | OTHER MODES = 0
  - Signal:
      message_id:
        Standard: 649
      name: DRIVE_MODE_DISABLED
      comment: D = 0 | OTHER MODES = 0
  - Signal:
      message_id:
        Standard: 683
      name: CAR_DISTANCE_SELECTION
      comment: "AUTOPILOT CAR DISTANCE SELECTED BY DRIVER, OPTIONS 1, 2, 3, 4"
  - Message:
      id:
        Standard: 696
      comment: POSSIBLE RELATED TO ACC OR ENGINE
  - Signal:
      message_id:
        Standard: 714
      name: LOCK_DOORS_BUTTON
      comment: 1 = PRESSED
  - Signal:
      message_id:
        Standard: 793
      name: REQ_REVIEW_CAR_STATE
      comment: 1 = STOPPED | 0 = MOVING
  - Signal:
      message_id:
        Standard: 837
      name: DOOR_LOCK_STATE
      comment: 0 = LOCKED / 1 = UNLOCKED
  - Signal:
      message_id:
        Standard: 837
      name: DOOR_LOCK_STATE2
      comment: 0 = LOCKED / 1 = UNLOCKED
  - Signal:
      message_id:
        Standard: 849
      name: SEAT_BELT_DRIVER_STATE
      comment: 0 = Fastened / 1 = Released
  - Signal:
      message_id:
        Standard: 849
      name: SEAT_BELT_DRIVER_STATE2
      comment: 0 = Fastened / 1 = Released
