---
source: tests/snapshots.rs
---
version: ""
new_symbols:
  - NS_DESC_
  - CM_
  - BA_DEF_
  - BA_
  - VAL_
  - CAT_DEF_
  - CAT_
  - FILTER
  - BA_DEF_DEF_
  - EV_DATA_
  - ENVVAR_DATA_
  - SGTYPE_
  - SGTYPE_VAL_
  - BA_DEF_SGTYPE_
  - BA_SGTYPE_
  - SIG_TYPE_REF_
  - VAL_TABLE_
  - SIG_GROUP_
  - SIG_VALTYPE_
  - SIGTYPE_VALTYPE_
  - BO_TX_BU_
  - BA_DEF_REL_
  - BA_REL_
  - BA_DEF_DEF_REL_
  - BU_SG_REL_
  - BU_EV_REL_
  - BU_BO_REL_
  - SG_MUL_VAL_
bit_timing: []
nodes:
  - XXX
  - DSU
  - HCU
  - EPS
  - IPAS
messages:
  - id:
      Standard: 36
    name: KINEMATICS
    size: 8
    transmitter:
      NodeName: XXX
    signals:
      - name: ACCEL_Y
        multiplexer_indicator: Plain
        start_bit: 33
        size: 10
        byte_order: BigEndian
        value_type: Unsigned
        factor: 1
        offset: -512
        min: 0
        max: 65535
        unit: ""
        receivers:
          - XXX
      - name: STEERING_TORQUE
        multiplexer_indicator: Plain
        start_bit: 17
        size: 10
        byte_order: BigEndian
        value_type: Unsigned
        factor: 1
        offset: -512
        min: 0
        max: 65535
        unit: ""
        receivers:
          - XXX
      - name: YAW_RATE
        multiplexer_indicator: Plain
        start_bit: 1
        size: 10
        byte_order: BigEndian
        value_type: Unsigned
        factor: 1
        offset: -512
        min: 0
        max: 65535
        unit: ""
        receivers:
          - XXX
  - id:
      Standard: 166
    name: BRAKE
    size: 8
    transmitter:
      NodeName: XXX
    signals:
      - name: BRAKE_AMOUNT
        multiplexer_indicator: Plain
        start_bit: 7
        size: 8
        byte_order: BigEndian
        value_type: Unsigned
        factor: 1
        offset: 0
        min: 0
        max: 255
        unit: ""
        receivers:
          - XXX
      - name: BRAKE_PEDAL
        multiplexer_indicator: Plain
        start_bit: 23
        size: 8
        byte_order: BigEndian
        value_type: Unsigned
        factor: 1
        offset: 0
        min: 0
        max: 255
        unit: ""
        receivers:
          - XXX
  - id:
      Standard: 170
    name: WHEEL_SPEEDS
    size: 8
    transmitter:
      NodeName: XXX
    signals:
      - name: WHEEL_SPEED_FR
        multiplexer_indicator: Plain
        start_bit: 7
        size: 16
        byte_order: BigEndian
        value_type: Unsigned
        factor: 0.0062
        offset: -67.67
        min: 0
        max: 250
        unit: mph
        receivers:
          - XXX
      - name: WHEEL_SPEED_FL
        multiplexer_indicator: Plain
        start_bit: 23
        size: 16
        byte_order: BigEndian
        value_type: Unsigned
        factor: 0.0062
        offset: -67.67
        min: 0
        max: 250
        unit: mph
        receivers:
          - XXX
      - name: WHEEL_SPEED_RR
        multiplexer_indicator: Plain
        start_bit: 39
        size: 16
        byte_order: BigEndian
        value_type: Unsigned
        factor: 0.0062
        offset: -67.67
        min: 0
        max: 250
        unit: mph
        receivers:
          - XXX
      - name: WHEEL_SPEED_RL
        multiplexer_indicator: Plain
        start_bit: 55
        size: 16
        byte_order: BigEndian
        value_type: Unsigned
        factor: 0.0062
        offset: -67.67
        min: 0
        max: 250
        unit: mph
        receivers:
          - XXX
  - id:
      Standard: 180
    name: SPEED
    size: 8
    transmitter:
      NodeName: XXX
    signals:
      - name: CHECKSUM
        multiplexer_indicator: Plain
        start_bit: 63
        size: 8
        byte_order: BigEndian
        value_type: Unsigned
        factor: 1
        offset: 0
        min: 0
        max: 255
        unit: ""
        receivers:
          - XXX
      - name: SPEED
        multiplexer_indicator: Plain
        start_bit: 47
        size: 16
        byte_order: BigEndian
        value_type: Unsigned
        factor: 0.0062
        offset: 0
        min: 0
        max: 115
        unit: mph
        receivers:
          - XXX
      - name: ENCODER
        multiplexer_indicator: Plain
        start_bit: 39
        size: 8
        byte_order: BigEndian
        value_type: Unsigned
        factor: 1
        offset: 0
        min: 0
        max: 255
        unit: ""
        receivers:
          - XXX
  - id:
      Standard: 295
    name: GEAR_PACKET
    size: 8
    transmitter:
      NodeName: XXX
    signals:
      - name: CAR_MOVEMENT
        multiplexer_indicator: Plain
        start_bit: 39
        size: 8
        byte_order: BigEndian
        value_type: Signed
        factor: 1
        offset: 0
        min: 0
        max: 255
        unit: ""
        receivers:
          - XXX
      - name: COUNTER
        multiplexer_indicator: Plain
        start_bit: 55
        size: 8
        byte_order: BigEndian
        value_type: Unsigned
        factor: 1
        offset: 0
        min: 0
        max: 255
        unit: ""
        receivers:
          - XXX
      - name: CHECKSUM
        multiplexer_indicator: Plain
        start_bit: 63
        size: 8
        byte_order: BigEndian
        value_type: Unsigned
        factor: 1
        offset: 0
        min: 0
        max: 255
        unit: ""
        receivers:
          - XXX
      - name: GEAR
        multiplexer_indicator: Plain
        start_bit: 47
        size: 4
        byte_order: BigEndian
        value_type: Unsigned
        factor: 1
        offset: 0
        min: 0
        max: 15
        unit: ""
        receivers:
          - XXX
  - id:
      Standard: 466
    name: PCM_CRUISE
    size: 8
    transmitter:
      NodeName: XXX
    signals:
      - name: GAS_RELEASED
        multiplexer_indicator: Plain
        start_bit: 4
        size: 1
        byte_order: BigEndian
        value_type: Unsigned
        factor: 1
        offset: 0
        min: 0
        max: 1
        unit: ""
        receivers:
          - XXX
      - name: ACCEL_NET
        multiplexer_indicator: Plain
        start_bit: 23
        size: 16
        byte_order: BigEndian
        value_type: Signed
        factor: 0.001
        offset: 0
        min: -20
        max: 20
        unit: m/s2
        receivers:
          - XXX
      - name: CRUISE_STATE
        multiplexer_indicator: Plain
        start_bit: 55
        size: 4
        byte_order: BigEndian
        value_type: Unsigned
        factor: 1
        offset: 0
        min: 0
        max: 15
        unit: ""
        receivers:
          - XXX
      - name: CHECKSUM
        multiplexer_indicator: Plain
        start_bit: 63
        size: 8
        byte_order: BigEndian
        value_type: Unsigned
        factor: 1
        offset: 0
        min: 0
        max: 255
        unit: ""
        receivers:
          - XXX
  - id:
      Standard: 550
    name: BRAKE_MODULE
    size: 8
    transmitter:
      NodeName: XXX
    signals:
      - name: BRAKE_PRESSURE
        multiplexer_indicator: Plain
        start_bit: 0
        size: 9
        byte_order: BigEndian
        value_type: Unsigned
        factor: 1
        offset: 0
        min: 0
        max: 511
        unit: ""
        receivers:
          - XXX
      - name: BRAKE_POSITION
        multiplexer_indicator: Plain
        start_bit: 16
        size: 9
        byte_order: BigEndian
        value_type: Unsigned
        factor: 1
        offset: 0
        min: 0
        max: 511
        unit: ""
        receivers:
          - XXX
      - name: BRAKE_PRESSED
        multiplexer_indicator: Plain
        start_bit: 37
        size: 1
        byte_order: BigEndian
        value_type: Unsigned
        factor: 1
        offset: 0
        min: 0
        max: 1
        unit: ""
        receivers:
          - XXX
  - id:
      Standard: 552
    name: ACCELEROMETER
    size: 8
    transmitter:
      NodeName: XXX
    signals:
      - name: ACCEL_Z
        multiplexer_indicator: Plain
        start_bit: 22
        size: 15
        byte_order: BigEndian
        value_type: Signed
        factor: 1
        offset: 0
        min: 0
        max: 32767
        unit: ""
        receivers:
          - XXX
      - name: ACCEL_X
        multiplexer_indicator: Plain
        start_bit: 6
        size: 15
        byte_order: BigEndian
        value_type: Signed
        factor: 0.001
        offset: 0
        min: -20
        max: 20
        unit: m/s2
        receivers:
          - XXX
  - id:
      Standard: 560
    name: BRAKE_MODULE2
    size: 8
    transmitter:
      NodeName: XXX
    signals:
      - name: BRAKE_LIGHTS
        multiplexer_indicator: Plain
        start_bit: 26
        size: 1
        byte_order: BigEndian
        value_type: Unsigned
        factor: 1
        offset: 0
        min: 0
        max: 1
        unit: ""
        receivers:
          - XXX
  - id:
      Standard: 581
    name: GAS_PEDAL
    size: 8
    transmitter:
      NodeName: XXX
    signals:
      - name: GAS_PEDAL
        multiplexer_indicator: Plain
        start_bit: 23
        size: 8
        byte_order: BigEndian
        value_type: Unsigned
        factor: 0.005
        offset: 0
        min: 0
        max: 1
        unit: ""
        receivers:
          - XXX
  - id:
      Standard: 608
    name: STEER_TORQUE_SENSOR
    size: 8
    transmitter:
      NodeName: XXX
    signals:
      - name: STEER_TORQUE_EPS
        multiplexer_indicator: Plain
        start_bit: 47
        size: 16
        byte_order: BigEndian
        value_type: Signed
        factor: 0.66
        offset: 0
        min: -20000
        max: 20000
        unit: ""
        receivers:
          - XXX
      - name: STEER_TORQUE_DRIVER
        multiplexer_indicator: Plain
        start_bit: 15
        size: 16
        byte_order: BigEndian
        value_type: Signed
        factor: 1
        offset: 0
        min: -32768
        max: 32767
        unit: ""
        receivers:
          - XXX
      - name: STEER_OVERRIDE
        multiplexer_indicator: Plain
        start_bit: 0
        size: 1
        byte_order: BigEndian
        value_type: Unsigned
        factor: 1
        offset: 0
        min: 0
        max: 1
        unit: ""
        receivers:
          - XXX
      - name: CHECKSUM
        multiplexer_indicator: Plain
        start_bit: 63
        size: 8
        byte_order: BigEndian
        value_type: Unsigned
        factor: 1
        offset: 0
        min: 0
        max: 255
        unit: ""
        receivers:
          - XXX
  - id:
      Standard: 610
    name: EPS_STATUS
    size: 5
    transmitter:
      NodeName: EPS
    signals:
      - name: STATE
        multiplexer_indicator: Plain
        start_bit: 3
        size: 4
        byte_order: BigEndian
        value_type: Unsigned
        factor: 1
        offset: 0
        min: 0
        max: 15
        unit: ""
        receivers:
          - XXX
      - name: LKA_STATE
        multiplexer_indicator: Plain
        start_bit: 31
        size: 8
        byte_order: BigEndian
        value_type: Unsigned
        factor: 1
        offset: 0
        min: 0
        max: 255
        unit: ""
        receivers:
          - XXX
      - name: CHECKSUM
        multiplexer_indicator: Plain
        start_bit: 39
        size: 8
        byte_order: BigEndian
        value_type: Unsigned
        factor: 1
        offset: 0
        min: 0
        max: 255
        unit: ""
        receivers:
          - XXX
  - id:
      Standard: 614
    name: STEERING_IPAS
    size: 8
    transmitter:
      NodeName: IPAS
    signals:
      - name: STATE
        multiplexer_indicator: Plain
        start_bit: 7
        size: 4
        byte_order: BigEndian
        value_type: Unsigned
        factor: 1
        offset: 0
        min: 0
        max: 15
        unit: ""
        receivers:
          - XXX
      - name: ANGLE
        multiplexer_indicator: Plain
        start_bit: 3
        size: 12
        byte_order: BigEndian
        value_type: Signed
        factor: 1
        offset: 0
        min: 0
        max: 16777215
        unit: ""
        receivers:
          - XXX
      - name: SET_ME_X10
        multiplexer_indicator: Plain
        start_bit: 23
        size: 8
        byte_order: BigEndian
        value_type: Unsigned
        factor: 1
        offset: 0
        min: 0
        max: 255
        unit: ""
        receivers:
          - XXX
      - name: SET_ME_X00_1
        multiplexer_indicator: Plain
        start_bit: 55
        size: 8
        byte_order: BigEndian
        value_type: Unsigned
        factor: 1
        offset: 0
        min: 0
        max: 255
        unit: ""
        receivers:
          - XXX
      - name: DIRECTION_CMD
        multiplexer_indicator: Plain
        start_bit: 38
        size: 2
        byte_order: BigEndian
        value_type: Unsigned
        factor: 1
        offset: 0
        min: 0
        max: 3
        unit: ""
        receivers:
          - XXX
      - name: CHECKSUM
        multiplexer_indicator: Plain
        start_bit: 63
        size: 8
        byte_order: BigEndian
        value_type: Unsigned
        factor: 1
        offset: 0
        min: 0
        max: 255
        unit: ""
        receivers:
          - XXX
  - id:
      Standard: 643
    name: PRE_COLLISION
    size: 8
    transmitter:
      NodeName: XXX
  - id:
      Standard: 740
    name: STEERING_LKA
    size: 8
    transmitter:
      NodeName: XXX
    signals:
      - name: LKA_STATE
        multiplexer_indicator: Plain
        start_bit: 31
        size: 8
        byte_order: BigEndian
        value_type: Unsigned
        factor: 1
        offset: 0
        min: 0
        max: 255
        unit: ""
        receivers:
          - XXX
      - name: CHECKSUM
        multiplexer_indicator: Plain
        start_bit: 39
        size: 8
        byte_order: BigEndian
        value_type: Unsigned
        factor: 1
        offset: 0
        min: 0
        max: 255
        unit: ""
        receivers:
          - XXX
      - name: STEER_REQUEST
        multiplexer_indicator: Plain
        start_bit: 0
        size: 1
        byte_order: BigEndian
        value_type: Unsigned
        factor: 1
        offset: 0
        min: 0
        max: 1
        unit: ""
        receivers:
          - XXX
      - name: COUNTER
        multiplexer_indicator: Plain
        start_bit: 6
        size: 6
        byte_order: BigEndian
        value_type: Unsigned
        factor: 1
        offset: 0
        min: 0
        max: 63
        unit: ""
        receivers:
          - XXX
      - name: SET_ME_1
        multiplexer_indicator: Plain
        start_bit: 7
        size: 1
        byte_order: BigEndian
        value_type: Unsigned
        factor: 1
        offset: 0
        min: 0
        max: 1
        unit: ""
        receivers:
          - XXX
      - name: STEER_TORQUE_CMD
        multiplexer_indicator: Plain
        start_bit: 15
        size: 16
        byte_order: BigEndian
        value_type: Signed
        factor: 1
        offset: 0
        min: 0
        max: 65535
        unit: ""
        receivers:
          - XXX
  - id:
      Standard: 742
    name: LEAD_INFO
    size: 8
    transmitter:
      NodeName: DSU
    signals:
      - name: CHECKSUM
        multiplexer_indicator: Plain
        start_bit: 63
        size: 8
        byte_order: BigEndian
        value_type: Unsigned
        factor: 1
        offset: 0
        min: 0
        max: 255
        unit: ""
        receivers:
          - HCU
      - name: LEAD_REL_SPEED
        multiplexer_indicator: Plain
        start_bit: 23
        size: 12
        byte_order: BigEndian
        value_type: Signed
        factor: 0.025
        offset: 0
        min: -100
        max: 100
        unit: m/s
        receivers:
          - HCU
      - name: LEAD_LONG_DIST
        multiplexer_indicator: Plain
        start_bit: 7
        size: 13
        byte_order: BigEndian
        value_type: Unsigned
        factor: 0.05
        offset: 0
        min: 0
        max: 300
        unit: m
        receivers:
          - HCU
  - id:
      Standard: 835
    name: ACC_CONTROL
    size: 8
    transmitter:
      NodeName: DSU
    signals:
      - name: ACCEL_CMD
        multiplexer_indicator: Plain
        start_bit: 7
        size: 16
        byte_order: BigEndian
        value_type: Signed
        factor: 0.001
        offset: 0
        min: -20
        max: 20
        unit: m/s2
        receivers:
          - HCU
  - id:
      Standard: 1556
    name: STEERING_LEVERS
    size: 8
    transmitter:
      NodeName: XXX
    signals:
      - name: TURN_SIGNALS
        multiplexer_indicator: Plain
        start_bit: 29
        size: 2
        byte_order: BigEndian
        value_type: Unsigned
        factor: 1
        offset: 0
        min: 0
        max: 3
        unit: ""
        receivers:
          - XXX
  - id:
      Standard: 37
    name: STEER_ANGLE_SENSOR
    size: 8
    transmitter:
      NodeName: XXX
    signals:
      - name: STEER_ANGLE
        multiplexer_indicator: Plain
        start_bit: 3
        size: 12
        byte_order: BigEndian
        value_type: Signed
        factor: 1.5
        offset: 0
        min: -500
        max: 500
        unit: deg
        receivers:
          - XXX
      - name: STEER_FRACTION
        multiplexer_indicator: Plain
        start_bit: 39
        size: 4
        byte_order: BigEndian
        value_type: Signed
        factor: 0.1
        offset: 0
        min: -0.7
        max: 0.7
        unit: deg
        receivers:
          - XXX
      - name: STEER_RATE
        multiplexer_indicator: Plain
        start_bit: 35
        size: 12
        byte_order: BigEndian
        value_type: Signed
        factor: 1
        offset: 0
        min: -2000
        max: 2000
        unit: deg/s
        receivers:
          - XXX
  - id:
      Standard: 467
    name: PCM_CRUISE_2
    size: 8
    transmitter:
      NodeName: XXX
    signals:
      - name: MAIN_ON
        multiplexer_indicator: Plain
        start_bit: 15
        size: 1
        byte_order: BigEndian
        value_type: Unsigned
        factor: 1
        offset: 0
        min: 0
        max: 1
        unit: ""
        receivers:
          - XXX
      - name: LOW_SPEED_LOCKOUT
        multiplexer_indicator: Plain
        start_bit: 14
        size: 2
        byte_order: BigEndian
        value_type: Unsigned
        factor: 1
        offset: 0
        min: 0
        max: 3
        unit: kph
        receivers:
          - XXX
      - name: SET_SPEED
        multiplexer_indicator: Plain
        start_bit: 23
        size: 8
        byte_order: BigEndian
        value_type: Unsigned
        factor: 1
        offset: 0
        min: 0
        max: 255
        unit: kph
        receivers:
          - XXX
      - name: CHECKSUM
        multiplexer_indicator: Plain
        start_bit: 63
        size: 8
        byte_order: BigEndian
        value_type: Unsigned
        factor: 1
        offset: 0
        min: 0
        max: 255
        unit: ""
        receivers:
          - XXX
  - id:
      Standard: 921
    name: PCM_CRUISE_SM
    size: 8
    transmitter:
      NodeName: XXX
    signals:
      - name: MAIN_ON
        multiplexer_indicator: Plain
        start_bit: 4
        size: 1
        byte_order: BigEndian
        value_type: Unsigned
        factor: 1
        offset: 0
        min: 0
        max: 1
        unit: ""
        receivers:
          - XXX
      - name: CRUISE_CONTROL_STATE
        multiplexer_indicator: Plain
        start_bit: 11
        size: 4
        byte_order: BigEndian
        value_type: Unsigned
        factor: 1
        offset: 0
        min: 0
        max: 15
        unit: ""
        receivers:
          - XXX
      - name: UI_SET_SPEED
        multiplexer_indicator: Plain
        start_bit: 31
        size: 8
        byte_order: BigEndian
        value_type: Unsigned
        factor: 1
        offset: 0
        min: 0
        max: 255
        unit: ""
        receivers:
          - XXX
  - id:
      Standard: 951
    name: ESP_CONTROL
    size: 8
    transmitter:
      NodeName: ESP
    signals:
      - name: TC_DISABLED
        multiplexer_indicator: Plain
        start_bit: 13
        size: 1
        byte_order: BigEndian
        value_type: Unsigned
        factor: 1
        offset: 0
        min: 0
        max: 1
        unit: ""
        receivers:
          - XXX
  - id:
      Standard: 1042
    name: LKAS_HUD
    size: 8
    transmitter:
      NodeName: XXX
    signals:
      - name: BARRIERS
        multiplexer_indicator: Plain
        start_bit: 1
        size: 2
        byte_order: BigEndian
        value_type: Unsigned
        factor: 1
        offset: 0
        min: 0
        max: 3
        unit: ""
        receivers:
          - XXX
      - name: RIGHT_LINE
        multiplexer_indicator: Plain
        start_bit: 3
        size: 2
        byte_order: BigEndian
        value_type: Unsigned
        factor: 1
        offset: 0
        min: 0
        max: 3
        unit: ""
        receivers:
          - XXX
      - name: LEFT_LINE
        multiplexer_indicator: Plain
        start_bit: 5
        size: 2
        byte_order: BigEndian
        value_type: Unsigned
        factor: 1
        offset: 0
        min: 0
        max: 3
        unit: ""
        receivers:
          - XXX
      - name: SET_ME_1
        multiplexer_indicator: Plain
        start_bit: 7
        size: 2
        byte_order: BigEndian
        value_type: Unsigned
        factor: 1
        offset: 0
        min: 0
        max: 3
        unit: ""
        receivers:
          - XXX
      - name: LDA_ALERT
        multiplexer_indicator: Plain
        start_bit: 9
        size: 2
        byte_order: BigEndian
        value_type: Unsigned
        factor: 1
        offset: 0
        min: 0
        max: 3
        unit: ""
        receivers:
          - XXX
      - name: TWO_BEEPS
        multiplexer_indicator: Plain
        start_bit: 12
        size: 1
        byte_order: BigEndian
        value_type: Unsigned
        factor: 1
        offset: 0
        min: 0
        max: 1
        unit: ""
        receivers:
          - XXX
      - name: ADJUSTING_CAMERA
        multiplexer_indicator: Plain
        start_bit: 13
        size: 1
        byte_order: BigEndian
        value_type: Unsigned
        factor: 1
        offset: 0
        min: 0
        max: 1
        unit: ""
        receivers:
          - XXX
      - name: LDA_MALFUNCTION
        multiplexer_indicator: Plain
        start_bit: 15
        size: 1
        byte_order: BigEndian
        value_type: Unsigned
        factor: 1
        offset: 0
        min: 0
        max: 1
        unit: ""
        receivers:
          - XXX
  - id:
      Standard: 1553
    name: UI_SEETING
    size: 8
    transmitter:
      NodeName: XXX
    signals:
      - name: UNITS
        multiplexer_indicator: Plain
        start_bit: 26
        size: 2
        byte_order: BigEndian
        value_type: Unsigned
        factor: 1
        offset: 0
        min: 0
        max: 3
        unit: ""
        receivers:
          - XXX
  - id:
      Standard: 1568
    name: SEATS_DOORS
    size: 8
    transmitter:
      NodeName: XXX
    signals:
      - name: SEATBELT_DRIVER_UNLATCHED
        multiplexer_indicator: Plain
        start_bit: 62
        size: 1
        byte_order: BigEndian
        value_type: Unsigned
        factor: 1
        offset: 0
        min: 0
        max: 1
        unit: ""
        receivers:
          - XXX
      - name: DOOR_OPEN_FL
        multiplexer_indicator: Plain
        start_bit: 45
        size: 1
        byte_order: BigEndian
        value_type: Unsigned
        factor: 1
        offset: 0
        min: 0
        max: 1
        unit: ""
        receivers:
          - XXX
      - name: DOOR_OPEN_RL
        multiplexer_indicator: Plain
        start_bit: 42
        size: 1
        byte_order: BigEndian
        value_type: Unsigned
        factor: 1
        offset: 0
        min: 0
        max: 1
        unit: ""
        receivers:
          - XXX
      - name: DOOR_OPEN_RR
        multiplexer_indicator: Plain
        start_bit: 43
        size: 1
        byte_order: BigEndian
        value_type: Unsigned
        factor: 1
        offset: 0
        min: 0
        max: 1
        unit: ""
        receivers:
          - XXX
      - name: DOOR_OPEN_FR
        multiplexer_indicator: Plain
        start_bit: 44
        size: 1
        byte_order: BigEndian
        value_type: Unsigned
        factor: 1
        offset: 0
        min: 0
        max: 1
        unit: ""
        receivers:
          - XXX
  - id:
      Standard: 452
    name: POWERTRAIN
    size: 8
    transmitter:
      NodeName: XXX
    signals:
      - name: ENGINE_RPM
        multiplexer_indicator: Plain
        start_bit: 7
        size: 16
        byte_order: BigEndian
        value_type: Unsigned
        factor: 1
        offset: 0
        min: 0
        max: 65535
        unit: rpm
        receivers:
          - XXX
      - name: CHECKSUM
        multiplexer_indicator: Plain
        start_bit: 63
        size: 8
        byte_order: BigEndian
        value_type: Unsigned
        factor: 1
        offset: 0
        min: 0
        max: 255
        unit: ""
        receivers:
          - XXX
comments:
  - Signal:
      message_id:
        Standard: 36
      name: ACCEL_Y
      comment: unit is tbd
  - Signal:
      message_id:
        Standard: 36
      name: STEERING_TORQUE
      comment: "does not seem the steer torque, tbd"
  - Signal:
      message_id:
        Standard: 36
      name: YAW_RATE
      comment: verify
  - Signal:
      message_id:
        Standard: 466
      name: ACCEL_NET
      comment: "net acceleration produced by the system, given ACCEL_CMD, road grade and other factors"
  - Signal:
      message_id:
        Standard: 466
      name: CRUISE_STATE
      comment: "Active state is 8, if standstill is requested will switch to state 11(3 sec timer), after timer is elapsed will switch into state 7(standstill). If plus button was pressed - status 9, minus button pressed - status 10"
  - Signal:
      message_id:
        Standard: 550
      name: BRAKE_PRESSURE
      comment: seems prop to pedal force
  - Signal:
      message_id:
        Standard: 550
      name: BRAKE_POSITION
      comment: "seems proportional to pedal displacement, unclear the max value of 0x1c8"
  - Signal:
      message_id:
        Standard: 560
      name: BRAKE_LIGHTS
      comment: double check
  - Signal:
      message_id:
        Standard: 581
      name: GAS_PEDAL
      comment: it seems slightly filtered
  - Signal:
      message_id:
        Standard: 608
      name: STEER_TORQUE_DRIVER
      comment: driver torque
  - Signal:
      message_id:
        Standard: 608
      name: STEER_OVERRIDE
      comment: set when driver torque exceeds a certain value
  - Signal:
      message_id:
        Standard: 614
      name: ANGLE
      comment: "set to measured angle when ipas control isn't active"
  - Signal:
      message_id:
        Standard: 37
      name: STEER_FRACTION
      comment: "1/15th of the signal STEER_ANGLE, which is 1.5 deg; note that 0x8 is never set"
  - Signal:
      message_id:
        Standard: 37
      name: STEER_RATE
      comment: factor is tbd
  - Signal:
      message_id:
        Standard: 467
      name: LOW_SPEED_LOCKOUT
      comment: "in low speed lockout, system would always disengage below 28mph"
  - Signal:
      message_id:
        Standard: 467
      name: SET_SPEED
      comment: "43 kph are shown as 28mph, so conversion isn't perfect"
  - Signal:
      message_id:
        Standard: 921
      name: UI_SET_SPEED
      comment: set speed shown in UI with user set unit
  - Signal:
      message_id:
        Standard: 1042
      name: SET_ME_1
      comment: "unclear what this is, nut it's always 1 in drive traces"
value_descriptions:
  - Signal:
      message_id:
        Standard: 295
      name: GEAR
      value_descriptions:
        - id: 0
          description: P
        - id: 1
          description: R
        - id: 2
          description: N
        - id: 3
          description: D
        - id: 4
          description: B
  - Signal:
      message_id:
        Standard: 466
      name: CRUISE_STATE
      value_descriptions:
        - id: 11
          description: timer_3sec
        - id: 10
          description: setspeeddown
        - id: 9
          description: setspeedup
        - id: 8
          description: active
        - id: 7
          description: standstill
        - id: 1
          description: "off"
        - id: 0
          description: "off"
  - Signal:
      message_id:
        Standard: 610
      name: STATE
      value_descriptions:
        - id: 5
          description: override
        - id: 3
          description: enabled
        - id: 1
          description: disabled
  - Signal:
      message_id:
        Standard: 610
      name: LKA_STATE
      value_descriptions:
        - id: 50
          description: temporary_fault
  - Signal:
      message_id:
        Standard: 614
      name: STATE
      value_descriptions:
        - id: 3
          description: enabled
        - id: 1
          description: disabled
  - Signal:
      message_id:
        Standard: 614
      name: DIRECTION_CMD
      value_descriptions:
        - id: 3
          description: right
        - id: 2
          description: center
        - id: 1
          description: left
  - Signal:
      message_id:
        Standard: 1556
      name: TURN_SIGNALS
      value_descriptions:
        - id: 3
          description: none
        - id: 2
          description: right
        - id: 1
          description: left
  - Signal:
      message_id:
        Standard: 467
      name: LOW_SPEED_LOCKOUT
      value_descriptions:
        - id: 2
          description: low speed locked
        - id: 1
          description: ok
  - Signal:
      message_id:
        Standard: 921
      name: CRUISE_CONTROL_STATE
      value_descriptions:
        - id: 2
          description: disabled
        - id: 11
          description: hold
        - id: 10
          description: hold_waiting_user_cmd
        - id: 6
          description: enabled
        - id: 5
          description: faulted
  - Signal:
      message_id:
        Standard: 1042
      name: BARRIERS
      value_descriptions:
        - id: 3
          description: both
        - id: 2
          description: right
        - id: 1
          description: left
        - id: 0
          description: none
  - Signal:
      message_id:
        Standard: 1042
      name: RIGHT_LINE
      value_descriptions:
        - id: 3
          description: orange
        - id: 2
          description: double
        - id: 1
          description: solid
        - id: 0
          description: none
  - Signal:
      message_id:
        Standard: 1042
      name: LEFT_LINE
      value_descriptions:
        - id: 3
          description: orange
        - id: 2
          description: double
        - id: 1
          description: solid
        - id: 0
          description: none
  - Signal:
      message_id:
        Standard: 1042
      name: LDA_ALERT
      value_descriptions:
        - id: 3
          description: hold with continuous beep
        - id: 2
          description: LDA unavailable
        - id: 1
          description: hold
        - id: 0
          description: none
  - Signal:
      message_id:
        Standard: 1553
      name: UNITS
      value_descriptions:
        - id: 1
          description: km
        - id: 2
          description: miles
