---
source: tests/snapshots.rs
---
version: ""
new_symbols:
  - NS_DESC_
  - CM_
  - BA_DEF_
  - BA_
  - VAL_
  - CAT_DEF_
  - CAT_
  - FILTER
  - BA_DEF_DEF_
  - EV_DATA_
  - ENVVAR_DATA_
  - SGTYPE_
  - SGTYPE_VAL_
  - BA_DEF_SGTYPE_
  - BA_SGTYPE_
  - SIG_TYPE_REF_
  - VAL_TABLE_
  - SIG_GROUP_
  - SIG_VALTYPE_
  - SIGTYPE_VALTYPE_
  - BO_TX_BU_
  - BA_DEF_REL_
  - BA_REL_
  - BA_DEF_DEF_REL_
  - BU_SG_REL_
  - BU_EV_REL_
  - BU_BO_REL_
  - SG_MUL_VAL_
bit_timing: []
nodes:
  - XXX
  - RADAR
messages:
  - id:
      Standard: 768
    name: BUTTONS
    size: 8
    transmitter:
      NodeName: RADAR
    signals:
      - name: LKAS_PRESS
        multiplexer_indicator: Plain
        start_bit: 2
        size: 1
        byte_order: BigEndian
        value_type: Unsigned
        factor: 1
        offset: 0
        min: 0
        max: 1
        unit: ""
        receivers:
          - XXX
      - name: DISTANCE_PRESS
        multiplexer_indicator: Plain
        start_bit: 5
        size: 1
        byte_order: BigEndian
        value_type: Unsigned
        factor: 1
        offset: 0
        min: 0
        max: 1
        unit: ""
        receivers:
          - XXX
  - id:
      Standard: 769
    name: OBJECT_0
    size: 8
    transmitter:
      NodeName: RADAR
    signals:
      - name: ID
        multiplexer_indicator: Plain
        start_bit: 5
        size: 6
        byte_order: BigEndian
        value_type: Unsigned
        factor: 1
        offset: 0
        min: 0
        max: 255
        unit: ""
        receivers:
          - XXX
      - name: LONG_DIST
        multiplexer_indicator: Plain
        start_bit: 7
        size: 13
        byte_order: LittleEndian
        value_type: Unsigned
        factor: 0.03
        offset: 0
        min: 0
        max: 65535
        unit: m
        receivers:
          - XXX
      - name: LAT_DIST
        multiplexer_indicator: Plain
        start_bit: 20
        size: 11
        byte_order: LittleEndian
        value_type: Signed
        factor: 0.018
        offset: 0
        min: 0
        max: 15
        unit: ""
        receivers:
          - XXX
      - name: SPEED
        multiplexer_indicator: Plain
        start_bit: 31
        size: 10
        byte_order: LittleEndian
        value_type: Signed
        factor: 0.06944444444
        offset: 0
        min: 0
        max: 71
        unit: m/s
        receivers:
          - XXX
      - name: LAT_SPEED
        multiplexer_indicator: Plain
        start_bit: 48
        size: 7
        byte_order: LittleEndian
        value_type: Signed
        factor: 0.1
        offset: 0
        min: 0
        max: 127
        unit: m/s
        receivers:
          - XXX
      - name: RCS
        multiplexer_indicator: Plain
        start_bit: 63
        size: 8
        byte_order: BigEndian
        value_type: Unsigned
        factor: 1
        offset: 0
        min: 0
        max: 255
        unit: ""
        receivers:
          - XXX
  - id:
      Standard: 771
    name: OBJECT_1
    size: 8
    transmitter:
      NodeName: RADAR
    signals:
      - name: ID
        multiplexer_indicator: Plain
        start_bit: 5
        size: 6
        byte_order: BigEndian
        value_type: Unsigned
        factor: 1
        offset: 0
        min: 0
        max: 255
        unit: ""
        receivers:
          - XXX
      - name: LONG_DIST
        multiplexer_indicator: Plain
        start_bit: 7
        size: 13
        byte_order: LittleEndian
        value_type: Unsigned
        factor: 0.03
        offset: 0
        min: 0
        max: 65535
        unit: m
        receivers:
          - XXX
      - name: LAT_DIST
        multiplexer_indicator: Plain
        start_bit: 20
        size: 11
        byte_order: LittleEndian
        value_type: Signed
        factor: 0.018
        offset: 0
        min: 0
        max: 15
        unit: ""
        receivers:
          - XXX
      - name: SPEED
        multiplexer_indicator: Plain
        start_bit: 31
        size: 10
        byte_order: LittleEndian
        value_type: Signed
        factor: 0.06944444444
        offset: 0
        min: 0
        max: 71
        unit: m/s
        receivers:
          - XXX
      - name: LAT_SPEED
        multiplexer_indicator: Plain
        start_bit: 48
        size: 7
        byte_order: LittleEndian
        value_type: Signed
        factor: 0.1
        offset: 0
        min: 0
        max: 127
        unit: m/s
        receivers:
          - XXX
      - name: RCS
        multiplexer_indicator: Plain
        start_bit: 63
        size: 8
        byte_order: BigEndian
        value_type: Unsigned
        factor: 1
        offset: 0
        min: 0
        max: 255
        unit: ""
        receivers:
          - XXX
  - id:
      Standard: 773
    name: OBJECT_2
    size: 8
    transmitter:
      NodeName: RADAR
    signals:
      - name: ID
        multiplexer_indicator: Plain
        start_bit: 5
        size: 6
        byte_order: BigEndian
        value_type: Unsigned
        factor: 1
        offset: 0
        min: 0
        max: 255
        unit: ""
        receivers:
          - XXX
      - name: LONG_DIST
        multiplexer_indicator: Plain
        start_bit: 7
        size: 13
        byte_order: LittleEndian
        value_type: Unsigned
        factor: 0.03
        offset: 0
        min: 0
        max: 65535
        unit: m
        receivers:
          - XXX
      - name: LAT_DIST
        multiplexer_indicator: Plain
        start_bit: 20
        size: 11
        byte_order: LittleEndian
        value_type: Signed
        factor: 0.018
        offset: 0
        min: 0
        max: 15
        unit: ""
        receivers:
          - XXX
      - name: SPEED
        multiplexer_indicator: Plain
        start_bit: 31
        size: 10
        byte_order: LittleEndian
        value_type: Signed
        factor: 0.06944444444
        offset: 0
        min: 0
        max: 71
        unit: m/s
        receivers:
          - XXX
      - name: LAT_SPEED
        multiplexer_indicator: Plain
        start_bit: 48
        size: 7
        byte_order: LittleEndian
        value_type: Signed
        factor: 0.1
        offset: 0
        min: 0
        max: 127
        unit: m/s
        receivers:
          - XXX
      - name: RCS
        multiplexer_indicator: Plain
        start_bit: 63
        size: 8
        byte_order: BigEndian
        value_type: Unsigned
        factor: 1
        offset: 0
        min: 0
        max: 255
        unit: ""
        receivers:
          - XXX
  - id:
      Standard: 775
    name: OBJECT_3
    size: 8
    transmitter:
      NodeName: RADAR
    signals:
      - name: ID
        multiplexer_indicator: Plain
        start_bit: 5
        size: 6
        byte_order: BigEndian
        value_type: Unsigned
        factor: 1
        offset: 0
        min: 0
        max: 255
        unit: ""
        receivers:
          - XXX
      - name: LONG_DIST
        multiplexer_indicator: Plain
        start_bit: 7
        size: 13
        byte_order: LittleEndian
        value_type: Unsigned
        factor: 0.03
        offset: 0
        min: 0
        max: 65535
        unit: m
        receivers:
          - XXX
      - name: LAT_DIST
        multiplexer_indicator: Plain
        start_bit: 20
        size: 11
        byte_order: LittleEndian
        value_type: Signed
        factor: 0.018
        offset: 0
        min: 0
        max: 15
        unit: ""
        receivers:
          - XXX
      - name: SPEED
        multiplexer_indicator: Plain
        start_bit: 31
        size: 10
        byte_order: LittleEndian
        value_type: Signed
        factor: 0.06944444444
        offset: 0
        min: 0
        max: 71
        unit: m/s
        receivers:
          - XXX
      - name: LAT_SPEED
        multiplexer_indicator: Plain
        start_bit: 48
        size: 7
        byte_order: LittleEndian
        value_type: Signed
        factor: 0.1
        offset: 0
        min: 0
        max: 127
        unit: m/s
        receivers:
          - XXX
      - name: RCS
        multiplexer_indicator: Plain
        start_bit: 63
        size: 8
        byte_order: BigEndian
        value_type: Unsigned
        factor: 1
        offset: 0
        min: 0
        max: 255
        unit: ""
        receivers:
          - XXX
  - id:
      Standard: 777
    name: OBJECT_4
    size: 8
    transmitter:
      NodeName: RADAR
    signals:
      - name: ID
        multiplexer_indicator: Plain
        start_bit: 5
        size: 6
        byte_order: BigEndian
        value_type: Unsigned
        factor: 1
        offset: 0
        min: 0
        max: 255
        unit: ""
        receivers:
          - XXX
      - name: LONG_DIST
        multiplexer_indicator: Plain
        start_bit: 7
        size: 13
        byte_order: LittleEndian
        value_type: Unsigned
        factor: 0.03
        offset: 0
        min: 0
        max: 65535
        unit: m
        receivers:
          - XXX
      - name: LAT_DIST
        multiplexer_indicator: Plain
        start_bit: 20
        size: 11
        byte_order: LittleEndian
        value_type: Signed
        factor: 0.018
        offset: 0
        min: 0
        max: 15
        unit: ""
        receivers:
          - XXX
      - name: SPEED
        multiplexer_indicator: Plain
        start_bit: 31
        size: 10
        byte_order: LittleEndian
        value_type: Signed
        factor: 0.06944444444
        offset: 0
        min: 0
        max: 71
        unit: m/s
        receivers:
          - XXX
      - name: LAT_SPEED
        multiplexer_indicator: Plain
        start_bit: 48
        size: 7
        byte_order: LittleEndian
        value_type: Signed
        factor: 0.1
        offset: 0
        min: 0
        max: 127
        unit: m/s
        receivers:
          - XXX
      - name: RCS
        multiplexer_indicator: Plain
        start_bit: 63
        size: 8
        byte_order: BigEndian
        value_type: Unsigned
        factor: 1
        offset: 0
        min: 0
        max: 255
        unit: ""
        receivers:
          - XXX
  - id:
      Standard: 779
    name: OBJECT_5
    size: 8
    transmitter:
      NodeName: RADAR
    signals:
      - name: ID
        multiplexer_indicator: Plain
        start_bit: 5
        size: 6
        byte_order: BigEndian
        value_type: Unsigned
        factor: 1
        offset: 0
        min: 0
        max: 255
        unit: ""
        receivers:
          - XXX
      - name: LONG_DIST
        multiplexer_indicator: Plain
        start_bit: 7
        size: 13
        byte_order: LittleEndian
        value_type: Unsigned
        factor: 0.03
        offset: 0
        min: 0
        max: 65535
        unit: m
        receivers:
          - XXX
      - name: LAT_DIST
        multiplexer_indicator: Plain
        start_bit: 20
        size: 11
        byte_order: LittleEndian
        value_type: Signed
        factor: 0.018
        offset: 0
        min: 0
        max: 15
        unit: ""
        receivers:
          - XXX
      - name: SPEED
        multiplexer_indicator: Plain
        start_bit: 31
        size: 10
        byte_order: LittleEndian
        value_type: Signed
        factor: 0.06944444444
        offset: 0
        min: 0
        max: 71
        unit: m/s
        receivers:
          - XXX
      - name: LAT_SPEED
        multiplexer_indicator: Plain
        start_bit: 48
        size: 7
        byte_order: LittleEndian
        value_type: Signed
        factor: 0.1
        offset: 0
        min: 0
        max: 127
        unit: m/s
        receivers:
          - XXX
      - name: RCS
        multiplexer_indicator: Plain
        start_bit: 63
        size: 8
        byte_order: BigEndian
        value_type: Unsigned
        factor: 1
        offset: 0
        min: 0
        max: 255
        unit: ""
        receivers:
          - XXX
  - id:
      Standard: 781
    name: OBJECT_6
    size: 8
    transmitter:
      NodeName: RADAR
    signals:
      - name: ID
        multiplexer_indicator: Plain
        start_bit: 5
        size: 6
        byte_order: BigEndian
        value_type: Unsigned
        factor: 1
        offset: 0
        min: 0
        max: 255
        unit: ""
        receivers:
          - XXX
      - name: LONG_DIST
        multiplexer_indicator: Plain
        start_bit: 7
        size: 13
        byte_order: LittleEndian
        value_type: Unsigned
        factor: 0.03
        offset: 0
        min: 0
        max: 65535
        unit: m
        receivers:
          - XXX
      - name: LAT_DIST
        multiplexer_indicator: Plain
        start_bit: 20
        size: 11
        byte_order: LittleEndian
        value_type: Signed
        factor: 0.018
        offset: 0
        min: 0
        max: 15
        unit: ""
        receivers:
          - XXX
      - name: SPEED
        multiplexer_indicator: Plain
        start_bit: 31
        size: 10
        byte_order: LittleEndian
        value_type: Signed
        factor: 0.06944444444
        offset: 0
        min: 0
        max: 71
        unit: m/s
        receivers:
          - XXX
      - name: LAT_SPEED
        multiplexer_indicator: Plain
        start_bit: 48
        size: 7
        byte_order: LittleEndian
        value_type: Signed
        factor: 0.1
        offset: 0
        min: 0
        max: 127
        unit: m/s
        receivers:
          - XXX
      - name: RCS
        multiplexer_indicator: Plain
        start_bit: 63
        size: 8
        byte_order: BigEndian
        value_type: Unsigned
        factor: 1
        offset: 0
        min: 0
        max: 255
        unit: ""
        receivers:
          - XXX
  - id:
      Standard: 783
    name: OBJECT_7
    size: 8
    transmitter:
      NodeName: RADAR
    signals:
      - name: ID
        multiplexer_indicator: Plain
        start_bit: 5
        size: 6
        byte_order: BigEndian
        value_type: Unsigned
        factor: 1
        offset: 0
        min: 0
        max: 255
        unit: ""
        receivers:
          - XXX
      - name: LONG_DIST
        multiplexer_indicator: Plain
        start_bit: 7
        size: 13
        byte_order: LittleEndian
        value_type: Unsigned
        factor: 0.03
        offset: 0
        min: 0
        max: 65535
        unit: m
        receivers:
          - XXX
      - name: LAT_DIST
        multiplexer_indicator: Plain
        start_bit: 20
        size: 11
        byte_order: LittleEndian
        value_type: Signed
        factor: 0.018
        offset: 0
        min: 0
        max: 15
        unit: ""
        receivers:
          - XXX
      - name: SPEED
        multiplexer_indicator: Plain
        start_bit: 31
        size: 10
        byte_order: LittleEndian
        value_type: Signed
        factor: 0.06944444444
        offset: 0
        min: 0
        max: 71
        unit: m/s
        receivers:
          - XXX
      - name: LAT_SPEED
        multiplexer_indicator: Plain
        start_bit: 48
        size: 7
        byte_order: LittleEndian
        value_type: Signed
        factor: 0.1
        offset: 0
        min: 0
        max: 127
        unit: m/s
        receivers:
          - XXX
      - name: RCS
        multiplexer_indicator: Plain
        start_bit: 63
        size: 8
        byte_order: BigEndian
        value_type: Unsigned
        factor: 1
        offset: 0
        min: 0
        max: 255
        unit: ""
        receivers:
          - XXX
  - id:
      Standard: 785
    name: OBJECT_8
    size: 8
    transmitter:
      NodeName: RADAR
    signals:
      - name: ID
        multiplexer_indicator: Plain
        start_bit: 5
        size: 6
        byte_order: BigEndian
        value_type: Unsigned
        factor: 1
        offset: 0
        min: 0
        max: 255
        unit: ""
        receivers:
          - XXX
      - name: LONG_DIST
        multiplexer_indicator: Plain
        start_bit: 7
        size: 13
        byte_order: LittleEndian
        value_type: Unsigned
        factor: 0.03
        offset: 0
        min: 0
        max: 65535
        unit: m
        receivers:
          - XXX
      - name: LAT_DIST
        multiplexer_indicator: Plain
        start_bit: 20
        size: 11
        byte_order: LittleEndian
        value_type: Signed
        factor: 0.018
        offset: 0
        min: 0
        max: 15
        unit: ""
        receivers:
          - XXX
      - name: SPEED
        multiplexer_indicator: Plain
        start_bit: 31
        size: 10
        byte_order: LittleEndian
        value_type: Signed
        factor: 0.06944444444
        offset: 0
        min: 0
        max: 71
        unit: m/s
        receivers:
          - XXX
      - name: LAT_SPEED
        multiplexer_indicator: Plain
        start_bit: 48
        size: 7
        byte_order: LittleEndian
        value_type: Signed
        factor: 0.1
        offset: 0
        min: 0
        max: 127
        unit: m/s
        receivers:
          - XXX
      - name: RCS
        multiplexer_indicator: Plain
        start_bit: 63
        size: 8
        byte_order: BigEndian
        value_type: Unsigned
        factor: 1
        offset: 0
        min: 0
        max: 255
        unit: ""
        receivers:
          - XXX
  - id:
      Standard: 787
    name: OBJECT_9
    size: 8
    transmitter:
      NodeName: RADAR
    signals:
      - name: ID
        multiplexer_indicator: Plain
        start_bit: 5
        size: 6
        byte_order: BigEndian
        value_type: Unsigned
        factor: 1
        offset: 0
        min: 0
        max: 255
        unit: ""
        receivers:
          - XXX
      - name: LONG_DIST
        multiplexer_indicator: Plain
        start_bit: 7
        size: 13
        byte_order: LittleEndian
        value_type: Unsigned
        factor: 0.03
        offset: 0
        min: 0
        max: 65535
        unit: m
        receivers:
          - XXX
      - name: LAT_DIST
        multiplexer_indicator: Plain
        start_bit: 20
        size: 11
        byte_order: LittleEndian
        value_type: Signed
        factor: 0.018
        offset: 0
        min: 0
        max: 15
        unit: ""
        receivers:
          - XXX
      - name: SPEED
        multiplexer_indicator: Plain
        start_bit: 31
        size: 10
        byte_order: LittleEndian
        value_type: Signed
        factor: 0.06944444444
        offset: 0
        min: 0
        max: 71
        unit: m/s
        receivers:
          - XXX
      - name: LAT_SPEED
        multiplexer_indicator: Plain
        start_bit: 48
        size: 7
        byte_order: LittleEndian
        value_type: Signed
        factor: 0.1
        offset: 0
        min: 0
        max: 127
        unit: m/s
        receivers:
          - XXX
      - name: RCS
        multiplexer_indicator: Plain
        start_bit: 63
        size: 8
        byte_order: BigEndian
        value_type: Unsigned
        factor: 1
        offset: 0
        min: 0
        max: 255
        unit: ""
        receivers:
          - XXX
  - id:
      Standard: 789
    name: OBJECT_10
    size: 8
    transmitter:
      NodeName: RADAR
    signals:
      - name: ID
        multiplexer_indicator: Plain
        start_bit: 5
        size: 6
        byte_order: BigEndian
        value_type: Unsigned
        factor: 1
        offset: 0
        min: 0
        max: 255
        unit: ""
        receivers:
          - XXX
      - name: LONG_DIST
        multiplexer_indicator: Plain
        start_bit: 7
        size: 13
        byte_order: LittleEndian
        value_type: Unsigned
        factor: 0.03
        offset: 0
        min: 0
        max: 65535
        unit: m
        receivers:
          - XXX
      - name: LAT_DIST
        multiplexer_indicator: Plain
        start_bit: 20
        size: 11
        byte_order: LittleEndian
        value_type: Signed
        factor: 0.018
        offset: 0
        min: 0
        max: 15
        unit: ""
        receivers:
          - XXX
      - name: SPEED
        multiplexer_indicator: Plain
        start_bit: 31
        size: 10
        byte_order: LittleEndian
        value_type: Signed
        factor: 0.06944444444
        offset: 0
        min: 0
        max: 71
        unit: m/s
        receivers:
          - XXX
      - name: LAT_SPEED
        multiplexer_indicator: Plain
        start_bit: 48
        size: 7
        byte_order: LittleEndian
        value_type: Signed
        factor: 0.1
        offset: 0
        min: 0
        max: 127
        unit: m/s
        receivers:
          - XXX
      - name: RCS
        multiplexer_indicator: Plain
        start_bit: 63
        size: 8
        byte_order: BigEndian
        value_type: Unsigned
        factor: 1
        offset: 0
        min: 0
        max: 255
        unit: ""
        receivers:
          - XXX
  - id:
      Standard: 791
    name: OBJECT_11
    size: 8
    transmitter:
      NodeName: RADAR
    signals:
      - name: ID
        multiplexer_indicator: Plain
        start_bit: 5
        size: 6
        byte_order: BigEndian
        value_type: Unsigned
        factor: 1
        offset: 0
        min: 0
        max: 255
        unit: ""
        receivers:
          - XXX
      - name: LONG_DIST
        multiplexer_indicator: Plain
        start_bit: 7
        size: 13
        byte_order: LittleEndian
        value_type: Unsigned
        factor: 0.03
        offset: 0
        min: 0
        max: 65535
        unit: m
        receivers:
          - XXX
      - name: LAT_DIST
        multiplexer_indicator: Plain
        start_bit: 20
        size: 11
        byte_order: LittleEndian
        value_type: Signed
        factor: 0.018
        offset: 0
        min: 0
        max: 15
        unit: ""
        receivers:
          - XXX
      - name: SPEED
        multiplexer_indicator: Plain
        start_bit: 31
        size: 10
        byte_order: LittleEndian
        value_type: Signed
        factor: 0.06944444444
        offset: 0
        min: 0
        max: 71
        unit: m/s
        receivers:
          - XXX
      - name: LAT_SPEED
        multiplexer_indicator: Plain
        start_bit: 48
        size: 7
        byte_order: LittleEndian
        value_type: Signed
        factor: 0.1
        offset: 0
        min: 0
        max: 127
        unit: m/s
        receivers:
          - XXX
      - name: RCS
        multiplexer_indicator: Plain
        start_bit: 63
        size: 8
        byte_order: BigEndian
        value_type: Unsigned
        factor: 1
        offset: 0
        min: 0
        max: 255
        unit: ""
        receivers:
          - XXX
  - id:
      Standard: 1664
    name: CLUSTER_F
    size: 8
    transmitter:
      NodeName: RADAR
    signals:
      - name: LONG_DIST
        multiplexer_indicator: Plain
        start_bit: 7
        size: 13
        byte_order: LittleEndian
        value_type: Unsigned
        factor: 0.03
        offset: 0
        min: 0
        max: 255
        unit: m
        receivers:
          - XXX
      - name: LAT_DIST
        multiplexer_indicator: Plain
        start_bit: 20
        size: 11
        byte_order: LittleEndian
        value_type: Signed
        factor: 0.015
        offset: 0
        min: -20
        max: 20
        unit: m
        receivers:
          - XXX
      - name: SPEED
        multiplexer_indicator: Plain
        start_bit: 31
        size: 10
        byte_order: LittleEndian
        value_type: Signed
        factor: 0.06944444444
        offset: 0
        min: 0
        max: 71
        unit: m/s
        receivers:
          - XXX
      - name: ID
        multiplexer_indicator: Plain
        start_bit: 0
        size: 6
        byte_order: LittleEndian
        value_type: Unsigned
        factor: 1
        offset: 0
        min: 0
        max: 63
        unit: ""
        receivers:
          - XXX
      - name: LAT_SPEED
        multiplexer_indicator: Plain
        start_bit: 48
        size: 7
        byte_order: LittleEndian
        value_type: Signed
        factor: 0.1
        offset: 0
        min: 0
        max: 127
        unit: m/s
        receivers:
          - XXX
      - name: RCS
        multiplexer_indicator: Plain
        start_bit: 63
        size: 8
        byte_order: BigEndian
        value_type: Unsigned
        factor: 1
        offset: 0
        min: 0
        max: 255
        unit: ""
        receivers:
          - XXX
  - id:
      Standard: 1665
    name: CLUSTER_F_A
    size: 8
    transmitter:
      NodeName: RADAR
    signals:
      - name: LONG_DIST
        multiplexer_indicator: Plain
        start_bit: 7
        size: 13
        byte_order: LittleEndian
        value_type: Unsigned
        factor: 0.03
        offset: 0
        min: 0
        max: 255
        unit: m
        receivers:
          - XXX
      - name: LAT_DIST
        multiplexer_indicator: Plain
        start_bit: 20
        size: 11
        byte_order: LittleEndian
        value_type: Signed
        factor: 0.015
        offset: 0
        min: -20
        max: 20
        unit: m
        receivers:
          - XXX
      - name: SPEED
        multiplexer_indicator: Plain
        start_bit: 31
        size: 10
        byte_order: LittleEndian
        value_type: Signed
        factor: 0.06944444444
        offset: 0
        min: 0
        max: 71
        unit: m/s
        receivers:
          - XXX
      - name: ID
        multiplexer_indicator: Plain
        start_bit: 0
        size: 6
        byte_order: LittleEndian
        value_type: Unsigned
        factor: 1
        offset: 0
        min: 0
        max: 63
        unit: ""
        receivers:
          - XXX
      - name: LAT_SPEED
        multiplexer_indicator: Plain
        start_bit: 48
        size: 7
        byte_order: LittleEndian
        value_type: Signed
        factor: 0.1
        offset: 0
        min: 0
        max: 127
        unit: m/s
        receivers:
          - XXX
      - name: RCS
        multiplexer_indicator: Plain
        start_bit: 63
        size: 8
        byte_order: BigEndian
        value_type: Unsigned
        factor: 1
        offset: 0
        min: 0
        max: 255
        unit: ""
        receivers:
          - XXX
  - id:
      Standard: 1666
    name: CLUSTER_L
    size: 8
    transmitter:
      NodeName: RADAR
    signals:
      - name: LONG_DIST
        multiplexer_indicator: Plain
        start_bit: 7
        size: 13
        byte_order: LittleEndian
        value_type: Unsigned
        factor: 0.03
        offset: 0
        min: 0
        max: 255
        unit: m
        receivers:
          - XXX
      - name: LAT_DIST
        multiplexer_indicator: Plain
        start_bit: 20
        size: 11
        byte_order: LittleEndian
        value_type: Signed
        factor: 0.015
        offset: 0
        min: -20
        max: 20
        unit: m
        receivers:
          - XXX
      - name: SPEED
        multiplexer_indicator: Plain
        start_bit: 31
        size: 10
        byte_order: LittleEndian
        value_type: Signed
        factor: 0.06944444444
        offset: 0
        min: 0
        max: 71
        unit: m/s
        receivers:
          - XXX
      - name: VALID
        multiplexer_indicator: Plain
        start_bit: 6
        size: 1
        byte_order: BigEndian
        value_type: Unsigned
        factor: 1
        offset: 0
        min: 0
        max: 1
        unit: ""
        receivers:
          - XXX
      - name: ID
        multiplexer_indicator: Plain
        start_bit: 0
        size: 6
        byte_order: LittleEndian
        value_type: Unsigned
        factor: 1
        offset: 0
        min: 0
        max: 63
        unit: ""
        receivers:
          - XXX
      - name: LAT_SPEED
        multiplexer_indicator: Plain
        start_bit: 48
        size: 7
        byte_order: LittleEndian
        value_type: Signed
        factor: 0.1
        offset: 0
        min: 0
        max: 127
        unit: m/s
        receivers:
          - XXX
      - name: RCS
        multiplexer_indicator: Plain
        start_bit: 63
        size: 8
        byte_order: BigEndian
        value_type: Unsigned
        factor: 1
        offset: 0
        min: 0
        max: 255
        unit: ""
        receivers:
          - XXX
  - id:
      Standard: 1667
    name: CLUSTER_R
    size: 8
    transmitter:
      NodeName: RADAR
    signals:
      - name: LONG_DIST
        multiplexer_indicator: Plain
        start_bit: 7
        size: 13
        byte_order: LittleEndian
        value_type: Unsigned
        factor: 0.03
        offset: 0
        min: 0
        max: 255
        unit: m
        receivers:
          - XXX
      - name: LAT_DIST
        multiplexer_indicator: Plain
        start_bit: 20
        size: 11
        byte_order: LittleEndian
        value_type: Signed
        factor: 0.015
        offset: 0
        min: -20
        max: 20
        unit: m
        receivers:
          - XXX
      - name: SPEED
        multiplexer_indicator: Plain
        start_bit: 31
        size: 10
        byte_order: LittleEndian
        value_type: Signed
        factor: 0.06944444444
        offset: 0
        min: 0
        max: 71
        unit: m/s
        receivers:
          - XXX
      - name: VALID
        multiplexer_indicator: Plain
        start_bit: 6
        size: 1
        byte_order: BigEndian
        value_type: Unsigned
        factor: 1
        offset: 0
        min: 0
        max: 1
        unit: ""
        receivers:
          - XXX
      - name: ID
        multiplexer_indicator: Plain
        start_bit: 0
        size: 6
        byte_order: LittleEndian
        value_type: Unsigned
        factor: 1
        offset: 0
        min: 0
        max: 63
        unit: ""
        receivers:
          - XXX
      - name: LAT_SPEED
        multiplexer_indicator: Plain
        start_bit: 48
        size: 7
        byte_order: LittleEndian
        value_type: Signed
        factor: 0.1
        offset: 0
        min: 0
        max: 127
        unit: m/s
        receivers:
          - XXX
      - name: RCS
        multiplexer_indicator: Plain
        start_bit: 63
        size: 8
        byte_order: BigEndian
        value_type: Unsigned
        factor: 1
        offset: 0
        min: 0
        max: 255
        unit: ""
        receivers:
          - XXX
  - id:
      Standard: 1668
    name: CLUSTER_L_A
    size: 8
    transmitter:
      NodeName: RADAR
    signals:
      - name: LONG_DIST
        multiplexer_indicator: Plain
        start_bit: 7
        size: 13
        byte_order: LittleEndian
        value_type: Unsigned
        factor: 0.03
        offset: 0
        min: 0
        max: 255
        unit: m
        receivers:
          - XXX
      - name: LAT_DIST
        multiplexer_indicator: Plain
        start_bit: 20
        size: 11
        byte_order: LittleEndian
        value_type: Signed
        factor: 0.015
        offset: 0
        min: -20
        max: 20
        unit: m
        receivers:
          - XXX
      - name: SPEED
        multiplexer_indicator: Plain
        start_bit: 31
        size: 10
        byte_order: LittleEndian
        value_type: Signed
        factor: 0.06944444444
        offset: 0
        min: 0
        max: 71
        unit: m/s
        receivers:
          - XXX
      - name: VALID
        multiplexer_indicator: Plain
        start_bit: 6
        size: 1
        byte_order: BigEndian
        value_type: Unsigned
        factor: 1
        offset: 0
        min: 0
        max: 1
        unit: ""
        receivers:
          - XXX
      - name: ID
        multiplexer_indicator: Plain
        start_bit: 0
        size: 6
        byte_order: LittleEndian
        value_type: Unsigned
        factor: 1
        offset: 0
        min: 0
        max: 63
        unit: ""
        receivers:
          - XXX
      - name: LAT_SPEED
        multiplexer_indicator: Plain
        start_bit: 48
        size: 7
        byte_order: LittleEndian
        value_type: Signed
        factor: 0.1
        offset: 0
        min: 0
        max: 127
        unit: m/s
        receivers:
          - XXX
      - name: RCS
        multiplexer_indicator: Plain
        start_bit: 63
        size: 8
        byte_order: BigEndian
        value_type: Unsigned
        factor: 1
        offset: 0
        min: 0
        max: 255
        unit: ""
        receivers:
          - XXX
  - id:
      Standard: 1669
    name: CLUSTER_R_A
    size: 8
    transmitter:
      NodeName: RADAR
    signals:
      - name: LONG_DIST
        multiplexer_indicator: Plain
        start_bit: 7
        size: 13
        byte_order: LittleEndian
        value_type: Unsigned
        factor: 0.03
        offset: 0
        min: 0
        max: 255
        unit: m
        receivers:
          - XXX
      - name: LAT_DIST
        multiplexer_indicator: Plain
        start_bit: 20
        size: 11
        byte_order: LittleEndian
        value_type: Signed
        factor: 0.015
        offset: 0
        min: -20
        max: 20
        unit: m
        receivers:
          - XXX
      - name: SPEED
        multiplexer_indicator: Plain
        start_bit: 31
        size: 10
        byte_order: LittleEndian
        value_type: Signed
        factor: 0.06944444444
        offset: 0
        min: 0
        max: 71
        unit: m/s
        receivers:
          - XXX
      - name: VALID
        multiplexer_indicator: Plain
        start_bit: 6
        size: 1
        byte_order: BigEndian
        value_type: Unsigned
        factor: 1
        offset: 0
        min: 0
        max: 1
        unit: ""
        receivers:
          - XXX
      - name: ID
        multiplexer_indicator: Plain
        start_bit: 0
        size: 6
        byte_order: LittleEndian
        value_type: Unsigned
        factor: 1
        offset: 0
        min: 0
        max: 63
        unit: ""
        receivers:
          - XXX
      - name: LAT_SPEED
        multiplexer_indicator: Plain
        start_bit: 48
        size: 7
        byte_order: LittleEndian
        value_type: Signed
        factor: 0.1
        offset: 0
        min: 0
        max: 127
        unit: m/s
        receivers:
          - XXX
      - name: RCS
        multiplexer_indicator: Plain
        start_bit: 63
        size: 8
        byte_order: BigEndian
        value_type: Unsigned
        factor: 1
        offset: 0
        min: 0
        max: 255
        unit: ""
        receivers:
          - XXX
comments:
  - Plain:
      comment: Front target
  - Plain:
      comment: Front target ahead
  - Plain:
      comment: Left target
  - Plain:
      comment: Right target
  - Plain:
      comment: Left target ahead
  - Plain:
      comment: Right target ahead
