---
source: tests/test-snapshots.rs
---
version: "1.0"
new_symbols:
  - NS_DESC_
  - CM_
  - BA_DEF_
  - BA_
  - VAL_
  - CAT_DEF_
  - CAT_
  - FILTER
  - BA_DEF_DEF_
  - EV_DATA_
  - ENVVAR_DATA_
  - SGTYPE_
  - SGTYPE_VAL_
  - BA_DEF_SGTYPE_
  - BA_SGTYPE_
  - SIG_TYPE_REF_
  - VAL_TABLE_
  - SIG_GROUP_
  - SIG_VALTYPE_
  - SIGTYPE_VALTYPE_
  - BO_TX_BU_
  - BA_DEF_REL_
  - BA_REL_
  - BA_DEF_DEF_REL_
  - BU_SG_REL_
  - BU_EV_REL_
  - BU_BO_REL_
  - SG_MUL_VAL_
bit_timing: []
nodes:
  - PCM1
  - FOO
value_tables:
  - name: TempValueTable
    descriptions:
      - id: 4095
        description: Error
      - id: 4094
        description: Init
messages:
  - id:
      Standard: 496
    name: ExampleMessage
    size: 2
    transmitter:
      NodeName: PCM1
    signals:
      - name: Temperature
        multiplexer_indicator: Plain
        start_bit: 3
        size: 12
        byte_order: BigEndian
        value_type: Unsigned
        factor: -0.01
        offset: 4100
        min: 4070
        max: 4100
        unit: degK
        receivers:
          - PCM1
          - FOO
message_transmitters: []
environment_variables: []
environment_variable_data: []
signal_types: []
comments:
  - Message:
      id:
        Standard: 496
      comment: Example message
attribute_definitions:
  - Signal: "\"GenSigStartValue\" INT -2147483648 2147483647"
  - Message: "\"GenMsgCycleTime\" INT 0 65535"
attribute_defaults:
  - name: GenSigStartValue
    value:
      Double: 0
  - name: GenMsgCycleTime
    value:
      Double: 0
attribute_values:
  - name: GenSigStartValue
    value:
      Signal:
        - Standard: 496
        - Temperature
        - Double: 4094
value_descriptions:
  - Signal:
      message_id:
        Standard: 496
      name: Temperature
      value_descriptions:
        - id: 4095
          description: Error
        - id: 4094
          description: Init
signal_type_refs: []
signal_groups: []
signal_extended_value_type_list: []
extended_multiplex: []
