---
source: tests/test-snapshots.rs
---
version: ""
new_symbols:
  - NS_DESC_
  - CM_
  - BA_DEF_
  - BA_
  - VAL_
  - CAT_DEF_
  - CAT_
  - FILTER
  - BA_DEF_DEF_
  - EV_DATA_
  - ENVVAR_DATA_
  - SGTYPE_
  - SGTYPE_VAL_
  - BA_DEF_SGTYPE_
  - BA_SGTYPE_
  - SIG_TYPE_REF_
  - VAL_TABLE_
  - SIG_GROUP_
  - SIG_VALTYPE_
  - SIGTYPE_VALTYPE_
  - BO_TX_BU_
  - BA_DEF_REL_
  - BA_REL_
  - BA_DEF_DEF_REL_
  - BU_SG_REL_
  - BU_EV_REL_
  - BU_BO_REL_
  - SG_MUL_VAL_
bit_timing: []
nodes: []
value_tables: []
messages:
  - id:
      Extended: 201522942
    name: Shared
    size: 8
    transmitter: VectorXXX
    signals:
      - name: S2
        multiplexer_indicator:
          MultiplexedSignal: 2
        start_bit: 8
        size: 8
        byte_order: LittleEndian
        value_type: Signed
        factor: 1
        offset: 0
        min: 0
        max: 0
        unit: ""
        receivers:
          - Vector__XXX
      - name: S1
        multiplexer_indicator:
          MultiplexedSignal: 1
        start_bit: 4
        size: 4
        byte_order: LittleEndian
        value_type: Signed
        factor: 1
        offset: 0
        min: 0
        max: 0
        unit: ""
        receivers:
          - Vector__XXX
      - name: S0
        multiplexer_indicator: Multiplexor
        start_bit: 0
        size: 4
        byte_order: LittleEndian
        value_type: Signed
        factor: 1
        offset: 0
        min: 0
        max: 0
        unit: ""
        receivers:
          - Vector__XXX
  - id:
      Extended: 201457406
    name: Normal
    size: 8
    transmitter: VectorXXX
    signals:
      - name: S2
        multiplexer_indicator:
          MultiplexedSignal: 1
        start_bit: 8
        size: 8
        byte_order: LittleEndian
        value_type: Signed
        factor: 1
        offset: 0
        min: 0
        max: 0
        unit: ""
        receivers:
          - Vector__XXX
      - name: S1
        multiplexer_indicator:
          MultiplexedSignal: 0
        start_bit: 4
        size: 4
        byte_order: LittleEndian
        value_type: Signed
        factor: 1
        offset: 0
        min: 0
        max: 0
        unit: ""
        receivers:
          - Vector__XXX
      - name: S0
        multiplexer_indicator: Multiplexor
        start_bit: 0
        size: 4
        byte_order: LittleEndian
        value_type: Signed
        factor: 1
        offset: 0
        min: 0
        max: 0
        unit: ""
        receivers:
          - Vector__XXX
  - id:
      Extended: 201391870
    name: Extended
    size: 8
    transmitter: VectorXXX
    signals:
      - name: S8
        multiplexer_indicator:
          MultiplexedSignal: 2
        start_bit: 40
        size: 8
        byte_order: LittleEndian
        value_type: Signed
        factor: 1
        offset: 0
        min: 0
        max: 0
        unit: ""
        receivers:
          - Vector__XXX
      - name: S7
        multiplexer_indicator:
          MultiplexedSignal: 1
        start_bit: 40
        size: 24
        byte_order: LittleEndian
        value_type: Signed
        factor: 1
        offset: 0
        min: 0
        max: 0
        unit: ""
        receivers:
          - Vector__XXX
      - name: S6
        multiplexer_indicator: Multiplexor
        start_bit: 32
        size: 8
        byte_order: LittleEndian
        value_type: Signed
        factor: 1
        offset: 0
        min: 0
        max: 0
        unit: ""
        receivers:
          - Vector__XXX
      - name: S5
        multiplexer_indicator:
          MultiplexedSignal: 1
        start_bit: 4
        size: 28
        byte_order: LittleEndian
        value_type: Signed
        factor: 1
        offset: 0
        min: 0
        max: 0
        unit: ""
        receivers:
          - Vector__XXX
      - name: S4
        multiplexer_indicator:
          MultiplexedSignal: 2
        start_bit: 8
        size: 24
        byte_order: LittleEndian
        value_type: Signed
        factor: 1
        offset: 0
        min: 0
        max: 0
        unit: ""
        receivers:
          - Vector__XXX
      - name: S3
        multiplexer_indicator:
          MultiplexedSignal: 0
        start_bit: 16
        size: 16
        byte_order: LittleEndian
        value_type: Signed
        factor: 1
        offset: 0
        min: 0
        max: 0
        unit: ""
        receivers:
          - Vector__XXX
      - name: S2
        multiplexer_indicator:
          MultiplexedSignal: 0
        start_bit: 8
        size: 8
        byte_order: LittleEndian
        value_type: Signed
        factor: 1
        offset: 0
        min: 0
        max: 0
        unit: ""
        receivers:
          - Vector__XXX
      - name: S1
        multiplexer_indicator:
          MultiplexorAndMultiplexedSignal: 0
        start_bit: 4
        size: 4
        byte_order: LittleEndian
        value_type: Signed
        factor: 1
        offset: 0
        min: 0
        max: 0
        unit: ""
        receivers:
          - Vector__XXX
      - name: S0
        multiplexer_indicator: Multiplexor
        start_bit: 0
        size: 4
        byte_order: LittleEndian
        value_type: Signed
        factor: 1
        offset: 0
        min: 0
        max: 0
        unit: ""
        receivers:
          - Vector__XXX
  - id:
      Extended: 201588478
    name: ExtendedTypes
    size: 8
    transmitter: VectorXXX
    signals:
      - name: S9
        multiplexer_indicator:
          MultiplexedSignal: 5
        start_bit: 24
        size: 32
        byte_order: LittleEndian
        value_type: Signed
        factor: 1
        offset: 0
        min: -1.34
        max: 1235
        unit: ""
        receivers:
          - Vector__XXX
      - name: S10
        multiplexer_indicator:
          MultiplexedSignal: 0
        start_bit: 16
        size: 32
        byte_order: LittleEndian
        value_type: Signed
        factor: 1
        offset: 0
        min: -340000000000000000000000000000000000000
        max: 340000000000000000000000000000000000000
        unit: ""
        receivers:
          - Vector__XXX
      - name: S0
        multiplexer_indicator:
          MultiplexorAndMultiplexedSignal: 3
        start_bit: 8
        size: 4
        byte_order: LittleEndian
        value_type: Signed
        factor: 1
        offset: 0
        min: 0
        max: 0
        unit: ""
        receivers:
          - Vector__XXX
      - name: S11
        multiplexer_indicator: Multiplexor
        start_bit: 0
        size: 5
        byte_order: LittleEndian
        value_type: Unsigned
        factor: 1
        offset: 0
        min: 2
        max: 6
        unit: ""
        receivers:
          - Vector__XXX
message_transmitters: []
environment_variables: []
environment_variable_data: []
signal_types: []
comments: []
attribute_definitions:
  - Message: "\"TpJ1939VarDlc\" ENUM  \"No\",\"Yes\""
  - Signal: "\"SigType\" ENUM  \"Default\",\"Range\",\"RangeSigned\",\"ASCII\",\"Discrete\",\"Control\",\"ReferencePGN\",\"DTC\",\"StringDelimiter\",\"StringLength\",\"StringLengthControl\",\"MessageCounter\",\"MessageChecksum\""
  - Signal: "\"GenSigEVName\" STRING "
  - Signal: "\"GenSigILSupport\" ENUM  \"No\",\"Yes\""
  - Signal: "\"GenSigSendType\" ENUM  \"Cyclic\",\"OnWrite\",\"OnWriteWithRepetition\",\"OnChange\",\"OnChangeWithRepetition\",\"IfActive\",\"IfActiveWithRepetition\",\"NoSigSendType\""
  - Message: "\"GenMsgFastOnStart\" INT 0 100000"
  - Signal: "\"GenSigInactiveValue\" INT 0 0"
  - Message: "\"GenMsgCycleTimeFast\" INT 0 3600000"
  - Message: "\"GenMsgNrOfRepetition\" INT 0 1000000"
  - Signal: "\"GenSigStartValue\" INT 0 2147483647"
  - Message: "\"GenMsgDelayTime\" INT 0 1000"
  - Message: "\"GenMsgILSupport\" ENUM  \"No\",\"Yes\""
  - Message: "\"GenMsgStartDelayTime\" INT 0 100000"
  - Node: "\"NodeLayerModules\" STRING "
  - Node: "\"ECU\" STRING "
  - Node: "\"NmJ1939SystemInstance\" INT 0 15"
  - Node: "\"NmJ1939System\" INT 0 127"
  - Node: "\"NmJ1939ManufacturerCode\" INT 0 2047"
  - Node: "\"NmJ1939IndustryGroup\" INT 0 7"
  - Node: "\"NmJ1939IdentityNumber\" INT 0 2097151"
  - Node: "\"NmJ1939FunctionInstance\" INT 0 7"
  - Node: "\"NmJ1939Function\" INT 0 255"
  - Node: "\"NmJ1939ECUInstance\" INT 0 3"
  - Node: "\"NmJ1939AAC\" INT 0 1"
  - Node: "\"NmStationAddress\" INT 0 255"
  - Message: "\"GenMsgSendType\" ENUM  \"cyclic\",\"NotUsed\",\"IfActive\",\"NotUsed\",\"NotUsed\",\"NotUsed\",\"NotUsed\",\"NotUsed\",\"noMsgSendType\""
  - Message: "\"GenMsgRequestable\" INT 0 1"
  - Message: "\"GenMsgCycleTime\" INT 0 3600000"
  - Signal: "\"SPN\" INT 0 524287"
  - Plain: "\"DBName\" STRING "
  - Plain: "\"BusType\" STRING "
  - Plain: "\"ProtocolType\" STRING "
  - Message: "\"VFrameFormat\" ENUM  \"StandardCAN\",\"ExtendedCAN\",\"reserved\",\"J1939PG\""
attribute_defaults:
  - name: TpJ1939VarDlc
    value:
      String: "No"
  - name: SigType
    value:
      String: Default
  - name: GenSigEVName
    value:
      String: Env@Nodename_@Signame
  - name: GenSigILSupport
    value:
      String: "Yes"
  - name: GenSigSendType
    value:
      String: NoSigSendType
  - name: GenMsgFastOnStart
    value:
      Double: 0
  - name: GenSigInactiveValue
    value:
      Double: 0
  - name: GenMsgCycleTimeFast
    value:
      Double: 0
  - name: GenMsgNrOfRepetition
    value:
      Double: 0
  - name: GenSigStartValue
    value:
      Double: 0
  - name: GenMsgDelayTime
    value:
      Double: 0
  - name: GenMsgILSupport
    value:
      String: "Yes"
  - name: GenMsgStartDelayTime
    value:
      Double: 0
  - name: NodeLayerModules
    value:
      String: ""
  - name: ECU
    value:
      String: ""
  - name: NmJ1939SystemInstance
    value:
      Double: 0
  - name: NmJ1939System
    value:
      Double: 0
  - name: NmJ1939ManufacturerCode
    value:
      Double: 0
  - name: NmJ1939IndustryGroup
    value:
      Double: 0
  - name: NmJ1939IdentityNumber
    value:
      Double: 0
  - name: NmJ1939FunctionInstance
    value:
      Double: 0
  - name: NmJ1939Function
    value:
      Double: 0
  - name: NmJ1939ECUInstance
    value:
      Double: 0
  - name: NmJ1939AAC
    value:
      Double: 0
  - name: NmStationAddress
    value:
      Double: 254
  - name: GenMsgSendType
    value:
      String: noMsgSendType
  - name: GenMsgRequestable
    value:
      Double: 1
  - name: GenMsgCycleTime
    value:
      Double: 0
  - name: SPN
    value:
      Double: 0
  - name: DBName
    value:
      String: ""
  - name: BusType
    value:
      String: CAN
  - name: ProtocolType
    value:
      String: J1939
  - name: VFrameFormat
    value:
      String: J1939PG
attribute_values:
  - name: DBName
    value:
      Raw:
        String: foo
  - name: VFrameFormat
    value:
      MessageDefinition:
        - Extended: 201588478
        - Double: 3
  - name: VFrameFormat
    value:
      MessageDefinition:
        - Extended: 201522942
        - Double: 3
  - name: VFrameFormat
    value:
      MessageDefinition:
        - Extended: 201457406
        - Double: 3
  - name: VFrameFormat
    value:
      MessageDefinition:
        - Extended: 201391870
        - Double: 3
  - name: GenSigStartValue
    value:
      Signal:
        - Extended: 201588478
        - S11
        - Double: 2
value_descriptions: []
signal_type_refs: []
signal_groups: []
signal_extended_value_type_list:
  - message_id:
      Extended: 201588478
    signal_name: S9
    signal_extended_value_type: IEEEfloat32Bit
  - message_id:
      Extended: 201588478
    signal_name: S10
    signal_extended_value_type: IEEEfloat32Bit
extended_multiplex:
  - message_id:
      Extended: 201588478
    signal_name: S9
    multiplexor_signal_name: S11
    mappings:
      - min_value: 5
        max_value: 5
  - message_id:
      Extended: 201588478
    signal_name: S10
    multiplexor_signal_name: S0
    mappings:
      - min_value: 0
        max_value: 0
  - message_id:
      Extended: 201588478
    signal_name: S0
    multiplexor_signal_name: S11
    mappings:
      - min_value: 3
        max_value: 3
  - message_id:
      Extended: 201522942
    signal_name: S2
    multiplexor_signal_name: S0
    mappings:
      - min_value: 2
        max_value: 5
  - message_id:
      Extended: 201522942
    signal_name: S1
    multiplexor_signal_name: S0
    mappings:
      - min_value: 1
        max_value: 1
      - min_value: 3
        max_value: 3
  - message_id:
      Extended: 201391870
    signal_name: S8
    multiplexor_signal_name: S6
    mappings:
      - min_value: 2
        max_value: 2
  - message_id:
      Extended: 201391870
    signal_name: S7
    multiplexor_signal_name: S6
    mappings:
      - min_value: 1
        max_value: 1
  - message_id:
      Extended: 201391870
    signal_name: S5
    multiplexor_signal_name: S0
    mappings:
      - min_value: 1
        max_value: 1
  - message_id:
      Extended: 201391870
    signal_name: S4
    multiplexor_signal_name: S1
    mappings:
      - min_value: 2
        max_value: 2
  - message_id:
      Extended: 201391870
    signal_name: S3
    multiplexor_signal_name: S1
    mappings:
      - min_value: 0
        max_value: 0
  - message_id:
      Extended: 201391870
    signal_name: S2
    multiplexor_signal_name: S1
    mappings:
      - min_value: 0
        max_value: 0
  - message_id:
      Extended: 201391870
    signal_name: S1
    multiplexor_signal_name: S0
    mappings:
      - min_value: 0
        max_value: 0
