---
source: tests/snapshots.rs
---
version: ""
bit_timing: ~
messages:
  - id:
      Standard: 228
    name: STEERING_CONTROL
    size: 5
    transmitter:
      NodeName: EON
    signals:
      - name: STEER_TORQUE
        multiplexer_indicator: Plain
        start_bit: 7
        size: 16
        byte_order: BigEndian
        value_type: Signed
        factor: 1
        offset: 0
        min: -4096
        max: 4096
        unit: ""
        receivers:
          - EPS
      - name: DRIVER_OVERRIDE
        multiplexer_indicator: Plain
        start_bit: 17
        size: 1
        byte_order: BigEndian
        value_type: Unsigned
        factor: 1
        offset: 0
        min: 0
        max: 1
        unit: ""
        receivers:
          - XXX
      - name: STEER_TORQUE_REQUEST
        multiplexer_indicator: Plain
        start_bit: 23
        size: 1
        byte_order: BigEndian
        value_type: Unsigned
        factor: 1
        offset: 0
        min: 0
        max: 1
        unit: ""
        receivers:
          - EPS
      - name: CONTROL_STATE
        multiplexer_indicator: Plain
        start_bit: 26
        size: 3
        byte_order: BigEndian
        value_type: Unsigned
        factor: 1
        offset: 0
        min: 0
        max: 7
        unit: ""
        receivers:
          - XXX
      - name: CHECKSUM
        multiplexer_indicator: Plain
        start_bit: 35
        size: 4
        byte_order: BigEndian
        value_type: Unsigned
        factor: 1
        offset: 0
        min: 0
        max: 15
        unit: ""
        receivers:
          - EPS
      - name: COUNTER
        multiplexer_indicator: Plain
        start_bit: 37
        size: 2
        byte_order: BigEndian
        value_type: Unsigned
        factor: 1
        offset: 0
        min: 0
        max: 3
        unit: ""
        receivers:
          - EPS
      - name: STEER_DOWN_TO_ZERO
        multiplexer_indicator: Plain
        start_bit: 38
        size: 1
        byte_order: BigEndian
        value_type: Unsigned
        factor: 1
        offset: 0
        min: 0
        max: 1
        unit: ""
        receivers:
          - EPS
      - name: HAPTIC_WARNING
        multiplexer_indicator: Plain
        start_bit: 39
        size: 1
        byte_order: BigEndian
        value_type: Unsigned
        factor: 1
        offset: 0
        min: 0
        max: 1
        unit: ""
        receivers:
          - XXX
  - id:
      Standard: 229
    name: BOSCH_SUPPLEMENTAL_1
    size: 8
    transmitter:
      NodeName: XXX
    signals:
      - name: SET_ME_X04
        multiplexer_indicator: Plain
        start_bit: 0
        size: 8
        byte_order: LittleEndian
        value_type: Unsigned
        factor: 1
        offset: 0
        min: 0
        max: 255
        unit: ""
        receivers:
          - XXX
      - name: SET_ME_X00
        multiplexer_indicator: Plain
        start_bit: 8
        size: 8
        byte_order: LittleEndian
        value_type: Unsigned
        factor: 1
        offset: 0
        min: 0
        max: 255
        unit: ""
        receivers:
          - XXX
      - name: SET_ME_X80
        multiplexer_indicator: Plain
        start_bit: 16
        size: 8
        byte_order: LittleEndian
        value_type: Unsigned
        factor: 1
        offset: 0
        min: 0
        max: 255
        unit: ""
        receivers:
          - XXX
      - name: SET_ME_X10
        multiplexer_indicator: Plain
        start_bit: 24
        size: 8
        byte_order: LittleEndian
        value_type: Unsigned
        factor: 1
        offset: 0
        min: 0
        max: 255
        unit: ""
        receivers:
          - XXX
      - name: COUNTER
        multiplexer_indicator: Plain
        start_bit: 61
        size: 2
        byte_order: BigEndian
        value_type: Unsigned
        factor: 1
        offset: 0
        min: 0
        max: 3
        unit: ""
        receivers:
          - XXX
      - name: CHECKSUM
        multiplexer_indicator: Plain
        start_bit: 59
        size: 4
        byte_order: BigEndian
        value_type: Unsigned
        factor: 1
        offset: 0
        min: 0
        max: 15
        unit: ""
        receivers:
          - XXX
  - id:
      Standard: 232
    name: BRAKE_HOLD
    size: 7
    transmitter:
      NodeName: XXX
    signals:
      - name: XMISSION_SPEED
        multiplexer_indicator: Plain
        start_bit: 7
        size: 14
        byte_order: BigEndian
        value_type: Signed
        factor: 1
        offset: 0
        min: 1
        max: 0
        unit: ""
        receivers:
          - XXX
      - name: COMPUTER_BRAKE
        multiplexer_indicator: Plain
        start_bit: 39
        size: 16
        byte_order: BigEndian
        value_type: Unsigned
        factor: 1
        offset: 0
        min: 0
        max: 0
        unit: ""
        receivers:
          - XXX
      - name: COMPUTER_BRAKE_REQUEST
        multiplexer_indicator: Plain
        start_bit: 29
        size: 1
        byte_order: BigEndian
        value_type: Unsigned
        factor: 1
        offset: 0
        min: 0
        max: 0
        unit: ""
        receivers:
          - XXX
      - name: COUNTER
        multiplexer_indicator: Plain
        start_bit: 53
        size: 2
        byte_order: BigEndian
        value_type: Unsigned
        factor: 1
        offset: 0
        min: 0
        max: 3
        unit: ""
        receivers:
          - XXX
      - name: CHECKSUM
        multiplexer_indicator: Plain
        start_bit: 51
        size: 4
        byte_order: BigEndian
        value_type: Unsigned
        factor: 1
        offset: 0
        min: 0
        max: 15
        unit: ""
        receivers:
          - XXX
  - id:
      Standard: 399
    name: STEER_STATUS
    size: 7
    transmitter:
      NodeName: EPS
    signals:
      - name: STEER_TORQUE_SENSOR
        multiplexer_indicator: Plain
        start_bit: 7
        size: 16
        byte_order: BigEndian
        value_type: Signed
        factor: -1
        offset: 0
        min: -31000
        max: 31000
        unit: tbd
        receivers:
          - EON
      - name: STEER_ANGLE_RATE
        multiplexer_indicator: Plain
        start_bit: 23
        size: 16
        byte_order: BigEndian
        value_type: Signed
        factor: -0.1
        offset: 0
        min: -31000
        max: 31000
        unit: deg/s
        receivers:
          - EON
      - name: STEER_STATUS
        multiplexer_indicator: Plain
        start_bit: 39
        size: 4
        byte_order: BigEndian
        value_type: Unsigned
        factor: 1
        offset: 0
        min: 0
        max: 15
        unit: ""
        receivers:
          - EON
      - name: STEER_CONTROL_ACTIVE
        multiplexer_indicator: Plain
        start_bit: 35
        size: 1
        byte_order: BigEndian
        value_type: Unsigned
        factor: 1
        offset: 0
        min: 0
        max: 1
        unit: ""
        receivers:
          - EON
      - name: STEER_CONFIG_INDEX
        multiplexer_indicator: Plain
        start_bit: 43
        size: 4
        byte_order: BigEndian
        value_type: Unsigned
        factor: 1
        offset: 0
        min: 0
        max: 15
        unit: ""
        receivers:
          - EON
      - name: COUNTER
        multiplexer_indicator: Plain
        start_bit: 53
        size: 2
        byte_order: BigEndian
        value_type: Unsigned
        factor: 1
        offset: 0
        min: 0
        max: 3
        unit: ""
        receivers:
          - EON
      - name: CHECKSUM
        multiplexer_indicator: Plain
        start_bit: 51
        size: 4
        byte_order: BigEndian
        value_type: Unsigned
        factor: 1
        offset: 0
        min: 0
        max: 15
        unit: ""
        receivers:
          - EON
  - id:
      Standard: 446
    name: BRAKE_MODULE
    size: 3
    transmitter:
      NodeName: VSA
    signals:
      - name: BRAKE_PRESSED
        multiplexer_indicator: Plain
        start_bit: 4
        size: 1
        byte_order: BigEndian
        value_type: Unsigned
        factor: 1
        offset: 0
        min: 0
        max: 1
        unit: ""
        receivers:
          - XXX
      - name: CRUISE_FAULT
        multiplexer_indicator: Plain
        start_bit: 22
        size: 1
        byte_order: BigEndian
        value_type: Unsigned
        factor: 1
        offset: 0
        min: 0
        max: 1
        unit: ""
        receivers:
          - XXX
      - name: COUNTER
        multiplexer_indicator: Plain
        start_bit: 21
        size: 2
        byte_order: BigEndian
        value_type: Unsigned
        factor: 1
        offset: 0
        min: 0
        max: 3
        unit: ""
        receivers:
          - XXX
      - name: CHECKSUM
        multiplexer_indicator: Plain
        start_bit: 19
        size: 4
        byte_order: BigEndian
        value_type: Unsigned
        factor: 1
        offset: 0
        min: 0
        max: 15
        unit: ""
        receivers:
          - XXX
  - id:
      Standard: 506
    name: LEGACY_BRAKE_COMMAND
    size: 8
    transmitter:
      NodeName: ADAS
    signals:
      - name: CHIME
        multiplexer_indicator: Plain
        start_bit: 40
        size: 8
        byte_order: LittleEndian
        value_type: Unsigned
        factor: 1
        offset: 0
        min: 0
        max: 255
        unit: ""
        receivers:
          - XXX
      - name: CHECKSUM
        multiplexer_indicator: Plain
        start_bit: 59
        size: 4
        byte_order: BigEndian
        value_type: Unsigned
        factor: 1
        offset: 0
        min: 0
        max: 15
        unit: ""
        receivers:
          - XXX
      - name: COUNTER
        multiplexer_indicator: Plain
        start_bit: 61
        size: 2
        byte_order: BigEndian
        value_type: Unsigned
        factor: 1
        offset: 0
        min: 0
        max: 3
        unit: ""
        receivers:
          - XXX
  - id:
      Standard: 545
    name: ECON_STATUS
    size: 6
    transmitter:
      NodeName: SCM
    signals:
      - name: ECON_ON
        multiplexer_indicator: Plain
        start_bit: 23
        size: 1
        byte_order: BigEndian
        value_type: Unsigned
        factor: 1
        offset: 0
        min: 0
        max: 1
        unit: ""
        receivers:
          - XXX
      - name: DRIVE_MODE
        multiplexer_indicator: Plain
        start_bit: 37
        size: 2
        byte_order: BigEndian
        value_type: Unsigned
        factor: 1
        offset: 0
        min: 0
        max: 3
        unit: ""
        receivers:
          - XXX
      - name: COUNTER
        multiplexer_indicator: Plain
        start_bit: 45
        size: 2
        byte_order: BigEndian
        value_type: Unsigned
        factor: 1
        offset: 0
        min: 0
        max: 3
        unit: ""
        receivers:
          - BDY
      - name: CHECKSUM
        multiplexer_indicator: Plain
        start_bit: 43
        size: 4
        byte_order: BigEndian
        value_type: Unsigned
        factor: 1
        offset: 0
        min: 0
        max: 15
        unit: ""
        receivers:
          - BDY
  - id:
      Standard: 576
    name: LEFT_LANE_LINE_1
    size: 8
    transmitter:
      NodeName: CAM
    signals:
      - name: LINE_DISTANCE_VISIBLE
        multiplexer_indicator: Plain
        start_bit: 39
        size: 9
        byte_order: BigEndian
        value_type: Unsigned
        factor: 1
        offset: 0
        min: 0
        max: 1
        unit: ""
        receivers:
          - XXX
      - name: LINE_PROBABILITY
        multiplexer_indicator: Plain
        start_bit: 46
        size: 6
        byte_order: BigEndian
        value_type: Unsigned
        factor: 0.015625
        offset: 0
        min: 0
        max: 1
        unit: ""
        receivers:
          - XXX
      - name: LINE_OFFSET
        multiplexer_indicator: Plain
        start_bit: 23
        size: 12
        byte_order: BigEndian
        value_type: Unsigned
        factor: 0.004
        offset: -8.192
        min: 0
        max: 1
        unit: Meters
        receivers:
          - XXX
      - name: LINE_ANGLE
        multiplexer_indicator: Plain
        start_bit: 7
        size: 12
        byte_order: BigEndian
        value_type: Unsigned
        factor: 0.0005
        offset: -1.024
        min: 0
        max: 1
        unit: ""
        receivers:
          - XXX
      - name: FRAME_INDEX
        multiplexer_indicator: Plain
        start_bit: 8
        size: 4
        byte_order: LittleEndian
        value_type: Unsigned
        factor: 1
        offset: 0
        min: 0
        max: 15
        unit: ""
        receivers:
          - XXX
      - name: COUNTER
        multiplexer_indicator: Plain
        start_bit: 61
        size: 2
        byte_order: BigEndian
        value_type: Unsigned
        factor: 1
        offset: 0
        min: 0
        max: 1
        unit: ""
        receivers:
          - XXX
      - name: CHECKSUM
        multiplexer_indicator: Plain
        start_bit: 59
        size: 4
        byte_order: BigEndian
        value_type: Unsigned
        factor: 1
        offset: 0
        min: 0
        max: 1
        unit: ""
        receivers:
          - XXX
  - id:
      Standard: 577
    name: LEFT_LANE_LINE_2
    size: 8
    transmitter:
      NodeName: CAM
    signals:
      - name: LINE_FAR_EDGE_POSITION
        multiplexer_indicator: Plain
        start_bit: 55
        size: 8
        byte_order: BigEndian
        value_type: Unsigned
        factor: 1
        offset: -128
        min: 0
        max: 1
        unit: ""
        receivers:
          - XXX
      - name: LINE_SOLID
        multiplexer_indicator: Plain
        start_bit: 13
        size: 1
        byte_order: BigEndian
        value_type: Unsigned
        factor: 1
        offset: 0
        min: 0
        max: 1
        unit: ""
        receivers:
          - XXX
      - name: LINE_DASHED
        multiplexer_indicator: Plain
        start_bit: 14
        size: 1
        byte_order: BigEndian
        value_type: Unsigned
        factor: 1
        offset: 0
        min: 0
        max: 1
        unit: ""
        receivers:
          - XXX
      - name: LINE_CURVATURE
        multiplexer_indicator: Plain
        start_bit: 23
        size: 12
        byte_order: BigEndian
        value_type: Unsigned
        factor: 0.00001
        offset: -0.02048
        min: 0
        max: 1
        unit: ""
        receivers:
          - XXX
      - name: LINE_PARAMETER
        multiplexer_indicator: Plain
        start_bit: 39
        size: 12
        byte_order: BigEndian
        value_type: Unsigned
        factor: 1
        offset: 0
        min: 0
        max: 1
        unit: ""
        receivers:
          - XXX
      - name: FRAME_INDEX
        multiplexer_indicator: Plain
        start_bit: 7
        size: 4
        byte_order: BigEndian
        value_type: Unsigned
        factor: 1
        offset: 0
        min: 0
        max: 15
        unit: ""
        receivers:
          - XXX
      - name: COUNTER
        multiplexer_indicator: Plain
        start_bit: 61
        size: 2
        byte_order: BigEndian
        value_type: Unsigned
        factor: 1
        offset: 0
        min: 0
        max: 1
        unit: ""
        receivers:
          - XXX
      - name: CHECKSUM
        multiplexer_indicator: Plain
        start_bit: 59
        size: 4
        byte_order: BigEndian
        value_type: Unsigned
        factor: 1
        offset: 0
        min: 0
        max: 1
        unit: ""
        receivers:
          - XXX
  - id:
      Standard: 579
    name: RIGHT_LANE_LINE_1
    size: 8
    transmitter:
      NodeName: CAM
    signals:
      - name: LINE_DISTANCE_VISIBLE
        multiplexer_indicator: Plain
        start_bit: 39
        size: 9
        byte_order: BigEndian
        value_type: Unsigned
        factor: 1
        offset: 0
        min: 0
        max: 1
        unit: ""
        receivers:
          - XXX
      - name: LINE_PROBABILITY
        multiplexer_indicator: Plain
        start_bit: 46
        size: 6
        byte_order: BigEndian
        value_type: Unsigned
        factor: 0.015625
        offset: 0
        min: 0
        max: 1
        unit: ""
        receivers:
          - XXX
      - name: LINE_OFFSET
        multiplexer_indicator: Plain
        start_bit: 23
        size: 12
        byte_order: BigEndian
        value_type: Unsigned
        factor: 0.004
        offset: -8.192
        min: 0
        max: 1
        unit: Meters
        receivers:
          - XXX
      - name: LINE_ANGLE
        multiplexer_indicator: Plain
        start_bit: 7
        size: 12
        byte_order: BigEndian
        value_type: Unsigned
        factor: 0.0005
        offset: -1.024
        min: 0
        max: 1
        unit: ""
        receivers:
          - XXX
      - name: FRAME_INDEX
        multiplexer_indicator: Plain
        start_bit: 8
        size: 4
        byte_order: LittleEndian
        value_type: Unsigned
        factor: 1
        offset: 0
        min: 0
        max: 15
        unit: ""
        receivers:
          - XXX
      - name: COUNTER
        multiplexer_indicator: Plain
        start_bit: 61
        size: 2
        byte_order: BigEndian
        value_type: Unsigned
        factor: 1
        offset: 0
        min: 0
        max: 1
        unit: ""
        receivers:
          - XXX
      - name: CHECKSUM
        multiplexer_indicator: Plain
        start_bit: 59
        size: 4
        byte_order: BigEndian
        value_type: Unsigned
        factor: 1
        offset: 0
        min: 0
        max: 1
        unit: ""
        receivers:
          - XXX
  - id:
      Standard: 580
    name: RIGHT_LANE_LINE_2
    size: 8
    transmitter:
      NodeName: CAM
    signals:
      - name: LINE_FAR_EDGE_POSITION
        multiplexer_indicator: Plain
        start_bit: 55
        size: 8
        byte_order: BigEndian
        value_type: Unsigned
        factor: 1
        offset: -128
        min: 0
        max: 1
        unit: ""
        receivers:
          - XXX
      - name: LINE_SOLID
        multiplexer_indicator: Plain
        start_bit: 13
        size: 1
        byte_order: BigEndian
        value_type: Unsigned
        factor: 1
        offset: 0
        min: 0
        max: 1
        unit: ""
        receivers:
          - XXX
      - name: LINE_DASHED
        multiplexer_indicator: Plain
        start_bit: 14
        size: 1
        byte_order: BigEndian
        value_type: Unsigned
        factor: 1
        offset: 0
        min: 0
        max: 1
        unit: ""
        receivers:
          - XXX
      - name: LINE_CURVATURE
        multiplexer_indicator: Plain
        start_bit: 23
        size: 12
        byte_order: BigEndian
        value_type: Unsigned
        factor: 0.00001
        offset: -0.02048
        min: 0
        max: 1
        unit: ""
        receivers:
          - XXX
      - name: LINE_PARAMETER
        multiplexer_indicator: Plain
        start_bit: 39
        size: 12
        byte_order: BigEndian
        value_type: Unsigned
        factor: 1
        offset: 0
        min: 0
        max: 1
        unit: ""
        receivers:
          - XXX
      - name: FRAME_INDEX
        multiplexer_indicator: Plain
        start_bit: 7
        size: 4
        byte_order: BigEndian
        value_type: Unsigned
        factor: 1
        offset: 0
        min: 0
        max: 15
        unit: ""
        receivers:
          - XXX
      - name: COUNTER
        multiplexer_indicator: Plain
        start_bit: 61
        size: 2
        byte_order: BigEndian
        value_type: Unsigned
        factor: 1
        offset: 0
        min: 0
        max: 1
        unit: ""
        receivers:
          - XXX
      - name: CHECKSUM
        multiplexer_indicator: Plain
        start_bit: 59
        size: 4
        byte_order: BigEndian
        value_type: Unsigned
        factor: 1
        offset: 0
        min: 0
        max: 1
        unit: ""
        receivers:
          - XXX
  - id:
      Standard: 582
    name: ADJACENT_LEFT_LANE_LINE_1
    size: 8
    transmitter:
      NodeName: CAM
    signals:
      - name: LINE_DISTANCE_VISIBLE
        multiplexer_indicator: Plain
        start_bit: 39
        size: 9
        byte_order: BigEndian
        value_type: Unsigned
        factor: 1
        offset: 0
        min: 0
        max: 1
        unit: ""
        receivers:
          - XXX
      - name: LINE_PROBABILITY
        multiplexer_indicator: Plain
        start_bit: 46
        size: 6
        byte_order: BigEndian
        value_type: Unsigned
        factor: 0.015625
        offset: 0
        min: 0
        max: 1
        unit: ""
        receivers:
          - XXX
      - name: LINE_OFFSET
        multiplexer_indicator: Plain
        start_bit: 23
        size: 12
        byte_order: BigEndian
        value_type: Unsigned
        factor: 0.004
        offset: -8.192
        min: 0
        max: 1
        unit: Meters
        receivers:
          - XXX
      - name: LINE_ANGLE
        multiplexer_indicator: Plain
        start_bit: 7
        size: 12
        byte_order: BigEndian
        value_type: Unsigned
        factor: 0.0005
        offset: -1.024
        min: 0
        max: 1
        unit: ""
        receivers:
          - XXX
      - name: FRAME_INDEX
        multiplexer_indicator: Plain
        start_bit: 8
        size: 4
        byte_order: LittleEndian
        value_type: Unsigned
        factor: 1
        offset: 0
        min: 0
        max: 15
        unit: ""
        receivers:
          - XXX
      - name: COUNTER
        multiplexer_indicator: Plain
        start_bit: 61
        size: 2
        byte_order: BigEndian
        value_type: Unsigned
        factor: 1
        offset: 0
        min: 0
        max: 1
        unit: ""
        receivers:
          - XXX
      - name: CHECKSUM
        multiplexer_indicator: Plain
        start_bit: 59
        size: 4
        byte_order: BigEndian
        value_type: Unsigned
        factor: 1
        offset: 0
        min: 0
        max: 1
        unit: ""
        receivers:
          - XXX
  - id:
      Standard: 583
    name: ADJACENT_LEFT_LANE_LINE_2
    size: 8
    transmitter:
      NodeName: CAM
    signals:
      - name: LINE_FAR_EDGE_POSITION
        multiplexer_indicator: Plain
        start_bit: 55
        size: 8
        byte_order: BigEndian
        value_type: Unsigned
        factor: 1
        offset: -128
        min: 0
        max: 1
        unit: ""
        receivers:
          - XXX
      - name: LINE_SOLID
        multiplexer_indicator: Plain
        start_bit: 13
        size: 1
        byte_order: BigEndian
        value_type: Unsigned
        factor: 1
        offset: 0
        min: 0
        max: 1
        unit: ""
        receivers:
          - XXX
      - name: LINE_DASHED
        multiplexer_indicator: Plain
        start_bit: 14
        size: 1
        byte_order: BigEndian
        value_type: Unsigned
        factor: 1
        offset: 0
        min: 0
        max: 1
        unit: ""
        receivers:
          - XXX
      - name: LINE_CURVATURE
        multiplexer_indicator: Plain
        start_bit: 23
        size: 12
        byte_order: BigEndian
        value_type: Unsigned
        factor: 0.00001
        offset: -0.02048
        min: 0
        max: 1
        unit: ""
        receivers:
          - XXX
      - name: LINE_PARAMETER
        multiplexer_indicator: Plain
        start_bit: 39
        size: 12
        byte_order: BigEndian
        value_type: Unsigned
        factor: 1
        offset: 0
        min: 0
        max: 1
        unit: ""
        receivers:
          - XXX
      - name: FRAME_INDEX
        multiplexer_indicator: Plain
        start_bit: 7
        size: 4
        byte_order: BigEndian
        value_type: Unsigned
        factor: 1
        offset: 0
        min: 0
        max: 15
        unit: ""
        receivers:
          - XXX
      - name: COUNTER
        multiplexer_indicator: Plain
        start_bit: 61
        size: 2
        byte_order: BigEndian
        value_type: Unsigned
        factor: 1
        offset: 0
        min: 0
        max: 1
        unit: ""
        receivers:
          - XXX
      - name: CHECKSUM
        multiplexer_indicator: Plain
        start_bit: 59
        size: 4
        byte_order: BigEndian
        value_type: Unsigned
        factor: 1
        offset: 0
        min: 0
        max: 1
        unit: ""
        receivers:
          - XXX
  - id:
      Standard: 585
    name: ADJACENT_RIGHT_LANE_LINE_1
    size: 8
    transmitter:
      NodeName: CAM
    signals:
      - name: LINE_DISTANCE_VISIBLE
        multiplexer_indicator: Plain
        start_bit: 39
        size: 9
        byte_order: BigEndian
        value_type: Unsigned
        factor: 1
        offset: 0
        min: 0
        max: 1
        unit: ""
        receivers:
          - XXX
      - name: LINE_PROBABILITY
        multiplexer_indicator: Plain
        start_bit: 46
        size: 6
        byte_order: BigEndian
        value_type: Unsigned
        factor: 0.015625
        offset: 0
        min: 0
        max: 1
        unit: ""
        receivers:
          - XXX
      - name: LINE_OFFSET
        multiplexer_indicator: Plain
        start_bit: 23
        size: 12
        byte_order: BigEndian
        value_type: Unsigned
        factor: 0.004
        offset: -8.192
        min: 0
        max: 1
        unit: Meters
        receivers:
          - XXX
      - name: LINE_ANGLE
        multiplexer_indicator: Plain
        start_bit: 7
        size: 12
        byte_order: BigEndian
        value_type: Unsigned
        factor: 0.0005
        offset: -1.024
        min: 0
        max: 1
        unit: ""
        receivers:
          - XXX
      - name: FRAME_INDEX
        multiplexer_indicator: Plain
        start_bit: 8
        size: 4
        byte_order: LittleEndian
        value_type: Unsigned
        factor: 1
        offset: 0
        min: 0
        max: 15
        unit: ""
        receivers:
          - XXX
      - name: COUNTER
        multiplexer_indicator: Plain
        start_bit: 61
        size: 2
        byte_order: BigEndian
        value_type: Unsigned
        factor: 1
        offset: 0
        min: 0
        max: 1
        unit: ""
        receivers:
          - XXX
      - name: CHECKSUM
        multiplexer_indicator: Plain
        start_bit: 59
        size: 4
        byte_order: BigEndian
        value_type: Unsigned
        factor: 1
        offset: 0
        min: 0
        max: 1
        unit: ""
        receivers:
          - XXX
  - id:
      Standard: 586
    name: ADJACENT_RIGHT_LANE_LINE_2
    size: 8
    transmitter:
      NodeName: CAM
    signals:
      - name: LINE_FAR_EDGE_POSITION
        multiplexer_indicator: Plain
        start_bit: 55
        size: 8
        byte_order: BigEndian
        value_type: Unsigned
        factor: 1
        offset: -128
        min: 0
        max: 1
        unit: ""
        receivers:
          - XXX
      - name: LINE_SOLID
        multiplexer_indicator: Plain
        start_bit: 13
        size: 1
        byte_order: BigEndian
        value_type: Unsigned
        factor: 1
        offset: 0
        min: 0
        max: 1
        unit: ""
        receivers:
          - XXX
      - name: LINE_DASHED
        multiplexer_indicator: Plain
        start_bit: 14
        size: 1
        byte_order: BigEndian
        value_type: Unsigned
        factor: 1
        offset: 0
        min: 0
        max: 1
        unit: ""
        receivers:
          - XXX
      - name: LINE_CURVATURE
        multiplexer_indicator: Plain
        start_bit: 23
        size: 12
        byte_order: BigEndian
        value_type: Unsigned
        factor: 0.00001
        offset: -0.02048
        min: 0
        max: 1
        unit: ""
        receivers:
          - XXX
      - name: LINE_PARAMETER
        multiplexer_indicator: Plain
        start_bit: 39
        size: 12
        byte_order: BigEndian
        value_type: Unsigned
        factor: 1
        offset: 0
        min: 0
        max: 1
        unit: ""
        receivers:
          - XXX
      - name: FRAME_INDEX
        multiplexer_indicator: Plain
        start_bit: 7
        size: 4
        byte_order: BigEndian
        value_type: Unsigned
        factor: 1
        offset: 0
        min: 0
        max: 15
        unit: ""
        receivers:
          - XXX
      - name: COUNTER
        multiplexer_indicator: Plain
        start_bit: 61
        size: 2
        byte_order: BigEndian
        value_type: Unsigned
        factor: 1
        offset: 0
        min: 0
        max: 1
        unit: ""
        receivers:
          - XXX
      - name: CHECKSUM
        multiplexer_indicator: Plain
        start_bit: 59
        size: 4
        byte_order: BigEndian
        value_type: Unsigned
        factor: 1
        offset: 0
        min: 0
        max: 1
        unit: ""
        receivers:
          - XXX
  - id:
      Standard: 662
    name: SCM_BUTTONS
    size: 4
    transmitter:
      NodeName: SCM
    signals:
      - name: CRUISE_BUTTONS
        multiplexer_indicator: Plain
        start_bit: 7
        size: 3
        byte_order: BigEndian
        value_type: Unsigned
        factor: 1
        offset: 0
        min: 0
        max: 7
        unit: ""
        receivers:
          - EON
      - name: CRUISE_SETTING
        multiplexer_indicator: Plain
        start_bit: 3
        size: 2
        byte_order: BigEndian
        value_type: Unsigned
        factor: 1
        offset: 0
        min: 0
        max: 3
        unit: ""
        receivers:
          - EON
      - name: COUNTER
        multiplexer_indicator: Plain
        start_bit: 29
        size: 2
        byte_order: BigEndian
        value_type: Unsigned
        factor: 1
        offset: 0
        min: 0
        max: 3
        unit: ""
        receivers:
          - EON
      - name: CHECKSUM
        multiplexer_indicator: Plain
        start_bit: 27
        size: 4
        byte_order: BigEndian
        value_type: Unsigned
        factor: 1
        offset: 0
        min: 0
        max: 15
        unit: ""
        receivers:
          - EON
  - id:
      Standard: 806
    name: SCM_FEEDBACK
    size: 8
    transmitter:
      NodeName: SCM
    signals:
      - name: DRIVERS_DOOR_OPEN
        multiplexer_indicator: Plain
        start_bit: 17
        size: 1
        byte_order: BigEndian
        value_type: Unsigned
        factor: 1
        offset: 0
        min: 0
        max: 1
        unit: ""
        receivers:
          - XXX
      - name: REVERSE_LIGHT
        multiplexer_indicator: Plain
        start_bit: 18
        size: 1
        byte_order: BigEndian
        value_type: Unsigned
        factor: 1
        offset: 0
        min: 0
        max: 1
        unit: ""
        receivers:
          - EON
      - name: PARKING_BRAKE_ON
        multiplexer_indicator: Plain
        start_bit: 29
        size: 1
        byte_order: BigEndian
        value_type: Unsigned
        factor: 1
        offset: 0
        min: 0
        max: 1
        unit: ""
        receivers:
          - XXX
      - name: MAIN_ON
        multiplexer_indicator: Plain
        start_bit: 28
        size: 1
        byte_order: BigEndian
        value_type: Unsigned
        factor: 1
        offset: 0
        min: 0
        max: 1
        unit: ""
        receivers:
          - EON
      - name: RIGHT_BLINKER
        multiplexer_indicator: Plain
        start_bit: 27
        size: 1
        byte_order: BigEndian
        value_type: Unsigned
        factor: 1
        offset: 0
        min: 0
        max: 1
        unit: ""
        receivers:
          - EON
      - name: LEFT_BLINKER
        multiplexer_indicator: Plain
        start_bit: 26
        size: 1
        byte_order: BigEndian
        value_type: Unsigned
        factor: 1
        offset: 0
        min: 0
        max: 1
        unit: ""
        receivers:
          - EON
      - name: CMBS_STATES
        multiplexer_indicator: Plain
        start_bit: 22
        size: 2
        byte_order: BigEndian
        value_type: Unsigned
        factor: 1
        offset: 0
        min: 0
        max: 3
        unit: ""
        receivers:
          - EON
      - name: COUNTER
        multiplexer_indicator: Plain
        start_bit: 61
        size: 2
        byte_order: BigEndian
        value_type: Unsigned
        factor: 1
        offset: 0
        min: 0
        max: 3
        unit: ""
        receivers:
          - XXX
      - name: CHECKSUM
        multiplexer_indicator: Plain
        start_bit: 59
        size: 4
        byte_order: BigEndian
        value_type: Unsigned
        factor: 1
        offset: 0
        min: 0
        max: 15
        unit: ""
        receivers:
          - XXX
  - id:
      Standard: 927
    name: RADAR_HUD
    size: 8
    transmitter:
      NodeName: RADAR
    signals:
      - name: ZEROS_BOH
        multiplexer_indicator: Plain
        start_bit: 7
        size: 10
        byte_order: BigEndian
        value_type: Unsigned
        factor: 1
        offset: 0
        min: 0
        max: 127
        unit: ""
        receivers:
          - BDY
      - name: CMBS_OFF
        multiplexer_indicator: Plain
        start_bit: 12
        size: 1
        byte_order: BigEndian
        value_type: Unsigned
        factor: 1
        offset: 0
        min: 0
        max: 1
        unit: ""
        receivers:
          - BDY
      - name: RESUME_INSTRUCTION
        multiplexer_indicator: Plain
        start_bit: 21
        size: 1
        byte_order: BigEndian
        value_type: Unsigned
        factor: 1
        offset: 0
        min: 0
        max: 1
        unit: ""
        receivers:
          - XXX
      - name: SET_TO_1
        multiplexer_indicator: Plain
        start_bit: 13
        size: 1
        byte_order: BigEndian
        value_type: Unsigned
        factor: 1
        offset: 0
        min: 0
        max: 1
        unit: ""
        receivers:
          - BDY
      - name: ZEROS_BOH2
        multiplexer_indicator: Plain
        start_bit: 11
        size: 4
        byte_order: BigEndian
        value_type: Unsigned
        factor: 1
        offset: 0
        min: 0
        max: 1
        unit: ""
        receivers:
          - XXX
      - name: APPLY_BRAKES_FOR_CANC
        multiplexer_indicator: Plain
        start_bit: 23
        size: 1
        byte_order: BigEndian
        value_type: Unsigned
        factor: 1
        offset: 0
        min: 0
        max: 1
        unit: ""
        receivers:
          - XXX
      - name: ACC_ALERTS
        multiplexer_indicator: Plain
        start_bit: 20
        size: 5
        byte_order: BigEndian
        value_type: Unsigned
        factor: 1
        offset: 0
        min: 0
        max: 1
        unit: ""
        receivers:
          - BDY
      - name: SET_TO_0
        multiplexer_indicator: Plain
        start_bit: 22
        size: 1
        byte_order: BigEndian
        value_type: Unsigned
        factor: 1
        offset: 0
        min: 0
        max: 1
        unit: ""
        receivers:
          - XXX
      - name: HUD_LEAD
        multiplexer_indicator: Plain
        start_bit: 40
        size: 1
        byte_order: BigEndian
        value_type: Unsigned
        factor: 1
        offset: 0
        min: 0
        max: 1
        unit: ""
        receivers:
          - XXX
      - name: SET_TO_64
        multiplexer_indicator: Plain
        start_bit: 31
        size: 8
        byte_order: BigEndian
        value_type: Unsigned
        factor: 1
        offset: 0
        min: 0
        max: 255
        unit: ""
        receivers:
          - XXX
      - name: LEAD_DISTANCE
        multiplexer_indicator: Plain
        start_bit: 39
        size: 8
        byte_order: BigEndian
        value_type: Unsigned
        factor: 1
        offset: 0
        min: 0
        max: 255
        unit: ""
        receivers:
          - XXX
      - name: ZEROS_BOH3
        multiplexer_indicator: Plain
        start_bit: 47
        size: 7
        byte_order: BigEndian
        value_type: Unsigned
        factor: 1
        offset: 0
        min: 0
        max: 127
        unit: ""
        receivers:
          - XXX
      - name: ZEROS_BOH4
        multiplexer_indicator: Plain
        start_bit: 55
        size: 8
        byte_order: BigEndian
        value_type: Unsigned
        factor: 1
        offset: 0
        min: 0
        max: 255
        unit: ""
        receivers:
          - XXX
      - name: COUNTER
        multiplexer_indicator: Plain
        start_bit: 61
        size: 2
        byte_order: BigEndian
        value_type: Unsigned
        factor: 1
        offset: 0
        min: 0
        max: 3
        unit: ""
        receivers:
          - XXX
      - name: CHECKSUM
        multiplexer_indicator: Plain
        start_bit: 59
        size: 4
        byte_order: BigEndian
        value_type: Unsigned
        factor: 1
        offset: 0
        min: 0
        max: 15
        unit: ""
        receivers:
          - XXX
  - id:
      Standard: 13274
    name: LKAS_HUD_A
    size: 5
    transmitter:
      NodeName: ADAS
    signals:
      - name: LKAS_READY
        multiplexer_indicator: Plain
        start_bit: 0
        size: 1
        byte_order: BigEndian
        value_type: Unsigned
        factor: 1
        offset: 0
        min: 0
        max: 127
        unit: ""
        receivers:
          - BDY
      - name: LKAS_STATE_CHANGE
        multiplexer_indicator: Plain
        start_bit: 6
        size: 1
        byte_order: BigEndian
        value_type: Unsigned
        factor: 1
        offset: 0
        min: 0
        max: 1
        unit: ""
        receivers:
          - XXX
      - name: CAM_TEMP_HIGH
        multiplexer_indicator: Plain
        start_bit: 7
        size: 1
        byte_order: BigEndian
        value_type: Unsigned
        factor: 1
        offset: 0
        min: 0
        max: 255
        unit: ""
        receivers:
          - BDY
      - name: DASHED_LANES
        multiplexer_indicator: Plain
        start_bit: 14
        size: 1
        byte_order: BigEndian
        value_type: Unsigned
        factor: 1
        offset: 0
        min: 0
        max: 1
        unit: ""
        receivers:
          - BDY
      - name: DTC
        multiplexer_indicator: Plain
        start_bit: 13
        size: 1
        byte_order: BigEndian
        value_type: Unsigned
        factor: 1
        offset: 0
        min: 0
        max: 1
        unit: ""
        receivers:
          - BDY
      - name: LKAS_PROBLEM
        multiplexer_indicator: Plain
        start_bit: 12
        size: 1
        byte_order: BigEndian
        value_type: Unsigned
        factor: 1
        offset: 0
        min: 0
        max: 1
        unit: ""
        receivers:
          - BDY
      - name: LKAS_OFF
        multiplexer_indicator: Plain
        start_bit: 11
        size: 1
        byte_order: BigEndian
        value_type: Unsigned
        factor: 1
        offset: 0
        min: 0
        max: 1
        unit: ""
        receivers:
          - BDY
      - name: SOLID_LANES
        multiplexer_indicator: Plain
        start_bit: 10
        size: 1
        byte_order: BigEndian
        value_type: Unsigned
        factor: 1
        offset: 0
        min: 0
        max: 1
        unit: ""
        receivers:
          - BDY
      - name: CLEAN_WINDSHIELD
        multiplexer_indicator: Plain
        start_bit: 26
        size: 1
        byte_order: BigEndian
        value_type: Unsigned
        factor: 1
        offset: 0
        min: 0
        max: 1
        unit: ""
        receivers:
          - BDY
      - name: STEERING_REQUIRED
        multiplexer_indicator: Plain
        start_bit: 8
        size: 1
        byte_order: BigEndian
        value_type: Unsigned
        factor: 1
        offset: 0
        min: 0
        max: 1
        unit: ""
        receivers:
          - BDY
      - name: BEEP
        multiplexer_indicator: Plain
        start_bit: 17
        size: 2
        byte_order: BigEndian
        value_type: Unsigned
        factor: 1
        offset: 0
        min: 0
        max: 1
        unit: ""
        receivers:
          - BDY
      - name: RDM_PROBLEM
        multiplexer_indicator: Plain
        start_bit: 21
        size: 1
        byte_order: BigEndian
        value_type: Unsigned
        factor: 1
        offset: 0
        min: 0
        max: 1
        unit: ""
        receivers:
          - BDY
      - name: RDM_HUD
        multiplexer_indicator: Plain
        start_bit: 9
        size: 1
        byte_order: BigEndian
        value_type: Unsigned
        factor: 1
        offset: 0
        min: 0
        max: 1
        unit: ""
        receivers:
          - BDY
      - name: RDM_HUD_2
        multiplexer_indicator: Plain
        start_bit: 23
        size: 1
        byte_order: BigEndian
        value_type: Unsigned
        factor: 1
        offset: 0
        min: 0
        max: 1
        unit: ""
        receivers:
          - XXX
      - name: RDM_OFF
        multiplexer_indicator: Plain
        start_bit: 27
        size: 1
        byte_order: BigEndian
        value_type: Unsigned
        factor: 1
        offset: 0
        min: 0
        max: 1
        unit: ""
        receivers:
          - BDY
      - name: RDM_ON
        multiplexer_indicator: Plain
        start_bit: 20
        size: 1
        byte_order: BigEndian
        value_type: Unsigned
        factor: 1
        offset: 0
        min: 0
        max: 1
        unit: ""
        receivers:
          - XXX
      - name: RDM_ON_2
        multiplexer_indicator: Plain
        start_bit: 28
        size: 1
        byte_order: BigEndian
        value_type: Unsigned
        factor: 1
        offset: 0
        min: 0
        max: 1
        unit: ""
        receivers:
          - BDY
      - name: LANE_ASSIST_BEEP_OFF
        multiplexer_indicator: Plain
        start_bit: 30
        size: 1
        byte_order: BigEndian
        value_type: Unsigned
        factor: 1
        offset: 0
        min: 0
        max: 1
        unit: ""
        receivers:
          - XXX
      - name: CHECKSUM
        multiplexer_indicator: Plain
        start_bit: 35
        size: 4
        byte_order: BigEndian
        value_type: Unsigned
        factor: 1
        offset: 0
        min: 0
        max: 15
        unit: ""
        receivers:
          - BDY
      - name: COUNTER
        multiplexer_indicator: Plain
        start_bit: 37
        size: 2
        byte_order: BigEndian
        value_type: Unsigned
        factor: 1
        offset: 0
        min: 0
        max: 3
        unit: ""
        receivers:
          - BDY
  - id:
      Standard: 13275
    name: LKAS_HUD_B
    size: 8
    transmitter:
      NodeName: ADAS
    signals:
      - name: LKAS_READY
        multiplexer_indicator: Plain
        start_bit: 0
        size: 1
        byte_order: BigEndian
        value_type: Unsigned
        factor: 1
        offset: 0
        min: 0
        max: 127
        unit: ""
        receivers:
          - BDY
      - name: LKAS_STATE_CHANGE
        multiplexer_indicator: Plain
        start_bit: 6
        size: 1
        byte_order: BigEndian
        value_type: Unsigned
        factor: 1
        offset: 0
        min: 0
        max: 1
        unit: ""
        receivers:
          - XXX
      - name: CAM_TEMP_HIGH
        multiplexer_indicator: Plain
        start_bit: 7
        size: 1
        byte_order: BigEndian
        value_type: Unsigned
        factor: 1
        offset: 0
        min: 0
        max: 255
        unit: ""
        receivers:
          - BDY
      - name: DASHED_LANES
        multiplexer_indicator: Plain
        start_bit: 14
        size: 1
        byte_order: BigEndian
        value_type: Unsigned
        factor: 1
        offset: 0
        min: 0
        max: 1
        unit: ""
        receivers:
          - BDY
      - name: DTC
        multiplexer_indicator: Plain
        start_bit: 13
        size: 1
        byte_order: BigEndian
        value_type: Unsigned
        factor: 1
        offset: 0
        min: 0
        max: 1
        unit: ""
        receivers:
          - BDY
      - name: LKAS_PROBLEM
        multiplexer_indicator: Plain
        start_bit: 12
        size: 1
        byte_order: BigEndian
        value_type: Unsigned
        factor: 1
        offset: 0
        min: 0
        max: 1
        unit: ""
        receivers:
          - BDY
      - name: LKAS_OFF
        multiplexer_indicator: Plain
        start_bit: 11
        size: 1
        byte_order: BigEndian
        value_type: Unsigned
        factor: 1
        offset: 0
        min: 0
        max: 1
        unit: ""
        receivers:
          - BDY
      - name: SOLID_LANES
        multiplexer_indicator: Plain
        start_bit: 10
        size: 1
        byte_order: BigEndian
        value_type: Unsigned
        factor: 1
        offset: 0
        min: 0
        max: 1
        unit: ""
        receivers:
          - BDY
      - name: CLEAN_WINDSHIELD
        multiplexer_indicator: Plain
        start_bit: 26
        size: 1
        byte_order: BigEndian
        value_type: Unsigned
        factor: 1
        offset: 0
        min: 0
        max: 1
        unit: ""
        receivers:
          - BDY
      - name: STEERING_REQUIRED
        multiplexer_indicator: Plain
        start_bit: 8
        size: 1
        byte_order: BigEndian
        value_type: Unsigned
        factor: 1
        offset: 0
        min: 0
        max: 1
        unit: ""
        receivers:
          - BDY
      - name: BEEP
        multiplexer_indicator: Plain
        start_bit: 17
        size: 2
        byte_order: BigEndian
        value_type: Unsigned
        factor: 1
        offset: 0
        min: 0
        max: 1
        unit: ""
        receivers:
          - BDY
      - name: RDM_PROBLEM
        multiplexer_indicator: Plain
        start_bit: 21
        size: 1
        byte_order: BigEndian
        value_type: Unsigned
        factor: 1
        offset: 0
        min: 0
        max: 1
        unit: ""
        receivers:
          - BDY
      - name: RDM_HUD
        multiplexer_indicator: Plain
        start_bit: 9
        size: 1
        byte_order: BigEndian
        value_type: Unsigned
        factor: 1
        offset: 0
        min: 0
        max: 1
        unit: ""
        receivers:
          - BDY
      - name: RDM_HUD_2
        multiplexer_indicator: Plain
        start_bit: 23
        size: 1
        byte_order: BigEndian
        value_type: Unsigned
        factor: 1
        offset: 0
        min: 0
        max: 1
        unit: ""
        receivers:
          - XXX
      - name: RDM_OFF
        multiplexer_indicator: Plain
        start_bit: 27
        size: 1
        byte_order: BigEndian
        value_type: Unsigned
        factor: 1
        offset: 0
        min: 0
        max: 1
        unit: ""
        receivers:
          - BDY
      - name: RDM_ON
        multiplexer_indicator: Plain
        start_bit: 20
        size: 1
        byte_order: BigEndian
        value_type: Unsigned
        factor: 1
        offset: 0
        min: 0
        max: 1
        unit: ""
        receivers:
          - XXX
      - name: RDM_ON_2
        multiplexer_indicator: Plain
        start_bit: 28
        size: 1
        byte_order: BigEndian
        value_type: Unsigned
        factor: 1
        offset: 0
        min: 0
        max: 1
        unit: ""
        receivers:
          - BDY
      - name: LANE_ASSIST_BEEP_OFF
        multiplexer_indicator: Plain
        start_bit: 30
        size: 1
        byte_order: BigEndian
        value_type: Unsigned
        factor: 1
        offset: 0
        min: 0
        max: 1
        unit: ""
        receivers:
          - XXX
      - name: LANE_LINES
        multiplexer_indicator: Plain
        start_bit: 36
        size: 2
        byte_order: BigEndian
        value_type: Unsigned
        factor: 1
        offset: 0
        min: 0
        max: 3
        unit: ""
        receivers:
          - XXX
      - name: CHECKSUM
        multiplexer_indicator: Plain
        start_bit: 59
        size: 4
        byte_order: BigEndian
        value_type: Unsigned
        factor: 1
        offset: 0
        min: 0
        max: 15
        unit: ""
        receivers:
          - BDY
      - name: COUNTER
        multiplexer_indicator: Plain
        start_bit: 61
        size: 2
        byte_order: BigEndian
        value_type: Unsigned
        factor: 1
        offset: 0
        min: 0
        max: 3
        unit: ""
        receivers:
          - BDY
comments:
  - Signal:
      message_id:
        Standard: 228
      name: DRIVER_OVERRIDE
      comment: Appears to acknowledge STEER_STATUS.NO_TORQUE_ALERT_1
  - Signal:
      message_id:
        Standard: 576
      name: LINE_DISTANCE_VISIBLE
      comment: "Length of line visible, undecoded"
  - Signal:
      message_id:
        Standard: 577
      name: LINE_FAR_EDGE_POSITION
      comment: "Appears to be a measure of line thickness, indicates location of the portion of the line furthest from the car, undecoded"
  - Signal:
      message_id:
        Standard: 577
      name: LINE_PARAMETER
      comment: "Unclear if this is low quality line curvature rate or if this is something else, but it is correlated with line curvature, undecoded"
  - Signal:
      message_id:
        Standard: 577
      name: LINE_DASHED
      comment: 1 = line is dashed
  - Signal:
      message_id:
        Standard: 577
      name: LINE_SOLID
      comment: 1 = line is solid
value_descriptions:
  - Signal:
      message_id:
        Standard: 228
      name: CONTROL_STATE
      value_descriptions:
        - id: 0
          description: init
        - id: 1
          description: standby
        - id: 2
          description: lka_active
        - id: 3
          description: driver_override
        - id: 5
          description: rdm_active
  - Signal:
      message_id:
        Standard: 399
      name: STEER_STATUS
      value_descriptions:
        - id: 6
          description: tmp_fault
        - id: 5
          description: fault_1
        - id: 4
          description: no_torque_alert_2
        - id: 3
          description: low_speed_lockout
        - id: 2
          description: no_torque_alert_1
        - id: 0
          description: normal
  - Signal:
      message_id:
        Standard: 662
      name: CRUISE_BUTTONS
      value_descriptions:
        - id: 7
          description: tbd
        - id: 6
          description: tbd
        - id: 5
          description: tbd
        - id: 4
          description: accel_res
        - id: 3
          description: decel_set
        - id: 2
          description: cancel
        - id: 1
          description: main
        - id: 0
          description: none
  - Signal:
      message_id:
        Standard: 662
      name: CRUISE_SETTING
      value_descriptions:
        - id: 3
          description: distance_adj
        - id: 2
          description: tbd
        - id: 1
          description: lkas_button
        - id: 0
          description: none
  - Signal:
      message_id:
        Standard: 806
      name: CMBS_STATES
      value_descriptions:
        - id: 3
          description: pressed
        - id: 0
          description: released
  - Signal:
      message_id:
        Standard: 862
      name: SPEED_LIMIT_SIGN
      value_descriptions:
        - id: 97
          description: SPEED_LIMIT_5
        - id: 98
          description: SPEED_LIMIT_10
        - id: 99
          description: SPEED_LIMIT_15
        - id: 100
          description: SPEED_LIMIT_20
        - id: 101
          description: SPEED_LIMIT_25
        - id: 102
          description: SPEED_LIMIT_30
        - id: 103
          description: SPEED_LIMIT_35
        - id: 104
          description: SPEED_LIMIT_40
        - id: 105
          description: SPEED_LIMIT_45
        - id: 106
          description: SPEED_LIMIT_50
        - id: 107
          description: SPEED_LIMIT_55
        - id: 108
          description: SPEED_LIMIT_60
        - id: 109
          description: SPEED_LIMIT_65
        - id: 110
          description: SPEED_LIMIT_70
        - id: 111
          description: SPEED_LIMIT_75
        - id: 112
          description: SPEED_LIMIT_80
        - id: 113
          description: SPEED_LIMIT_85
        - id: 125
          description: SPEED_LIMIT_NA
        - id: 0
          description: STOP_SIGN
  - Signal:
      message_id:
        Standard: 862
      name: ROAD_SIGN
      value_descriptions:
        - id: 0
          description: NO_SIGN
        - id: 89
          description: STOP_SIGN
